
==========================================
--- Gaussian Known-Covariance Started at 2026-03-31 08:03:13.884671 ---
==========================================
Registered doParallel backend with 15 cores.

--- Dimension p = 50 ---
[2026-03-31 08:03:17] Rep 5, p = 50: Witten [feat = 50, acc = 0.950], Arias [feat = 12, acc = 0.960], IF-PCA [feat = 13, acc = 0.845]
[2026-03-31 08:03:17] Rep 12, p = 50: Witten [feat = 50, acc = 0.985], Arias [feat = 12, acc = 0.995], IF-PCA [feat = 19, acc = 0.915]
[2026-03-31 08:03:17] Rep 9, p = 50: Witten [feat = 50, acc = 0.980], Arias [feat = 10, acc = 0.985], IF-PCA [feat = 9, acc = 0.900]
[2026-03-31 08:03:17] Rep 8, p = 50: Witten [feat = 50, acc = 0.990], Arias [feat = 13, acc = 0.985], IF-PCA [feat = 14, acc = 0.885]
[2026-03-31 08:03:17] Rep 13, p = 50: Witten [feat = 50, acc = 0.965], Arias [feat = 11, acc = 0.970], IF-PCA [feat = 22, acc = 0.885]
[2026-03-31 08:03:17] Rep 4, p = 50: Witten [feat = 50, acc = 0.970], Arias [feat = 10, acc = 0.980], IF-PCA [feat = 25, acc = 0.945]
[2026-03-31 08:03:17] Rep 6, p = 50: Witten [feat = 50, acc = 0.965], Arias [feat = 15, acc = 0.960], IF-PCA [feat = 23, acc = 0.865]
[2026-03-31 08:03:17] Rep 10, p = 50: Witten [feat = 50, acc = 0.980], Arias [feat = 15, acc = 0.985], IF-PCA [feat = 21, acc = 0.875]
[2026-03-31 08:03:17] Rep 3, p = 50: Witten [feat = 50, acc = 0.980], Arias [feat = 12, acc = 0.990], IF-PCA [feat = 20, acc = 0.910]
[2026-03-31 08:03:17] Rep 2, p = 50: Witten [feat = 50, acc = 0.980], Arias [feat = 11, acc = 0.980], IF-PCA [feat = 25, acc = 0.920]
[2026-03-31 08:03:17] Rep 14, p = 50: Witten [feat = 50, acc = 0.985], Arias [feat = 13, acc = 0.985], IF-PCA [feat = 10, acc = 0.730]
[2026-03-31 08:03:17] Rep 7, p = 50: Witten [feat = 50, acc = 0.970], Arias [feat = 12, acc = 0.970], IF-PCA [feat = 21, acc = 0.840]
[2026-03-31 08:03:17] Rep 15, p = 50: Witten [feat = 50, acc = 0.950], Arias [feat = 11, acc = 0.960], IF-PCA [feat = 25, acc = 0.910]
[2026-03-31 08:03:17] Rep 1, p = 50: Witten [feat = 50, acc = 0.965], Arias [feat = 12, acc = 0.985], IF-PCA [feat = 15, acc = 0.895]
[2026-03-31 08:03:17] Rep 11, p = 50: Witten [feat = 50, acc = 0.975], Arias [feat = 12, acc = 0.975], IF-PCA [feat = 11, acc = 0.885]

==========================================
--- Gaussian Known-Covariance Started at 2026-03-31 08:03:21.763279 ---
==========================================
Registered doParallel backend with 15 cores.

--- Dimension p = 50 ---
[2026-03-31 08:03:25] Rep 18, p = 50: Witten [feat = 50, acc = 0.985], Arias [feat = 11, acc = 0.980], IF-PCA [feat = 24, acc = 0.555]
[2026-03-31 08:03:25] Rep 20, p = 50: Witten [feat = 50, acc = 0.995], Arias [feat = 11, acc = 0.995], IF-PCA [feat = 21, acc = 0.940]
[2026-03-31 08:03:25] Rep 28, p = 50: Witten [feat = 38, acc = 0.985], Arias [feat = 13, acc = 0.970], IF-PCA [feat = 21, acc = 0.825]
[2026-03-31 08:03:25] Rep 24, p = 50: Witten [feat = 50, acc = 0.975], Arias [feat = 12, acc = 0.975], IF-PCA [feat = 9, acc = 0.875]
[2026-03-31 08:03:25] Rep 27, p = 50: Witten [feat = 50, acc = 0.970], Arias [feat = 11, acc = 0.980], IF-PCA [feat = 5, acc = 0.605]
[2026-03-31 08:03:25] Rep 30, p = 50: Witten [feat = 50, acc = 0.955], Arias [feat = 11, acc = 0.965], IF-PCA [feat = 15, acc = 0.920]
[2026-03-31 08:03:25] Rep 25, p = 50: Witten [feat = 50, acc = 0.990], Arias [feat = 10, acc = 0.985], IF-PCA [feat = 16, acc = 0.870]
[2026-03-31 08:03:25] Rep 19, p = 50: Witten [feat = 35, acc = 0.970], Arias [feat = 12, acc = 0.975], IF-PCA [feat = 13, acc = 0.830]
[2026-03-31 08:03:25] Rep 16, p = 50: Witten [feat = 50, acc = 0.970], Arias [feat = 12, acc = 0.965], IF-PCA [feat = 15, acc = 0.900]
[2026-03-31 08:03:25] Rep 29, p = 50: Witten [feat = 50, acc = 0.960], Arias [feat = 11, acc = 0.980], IF-PCA [feat = 12, acc = 0.810]
[2026-03-31 08:03:25] Rep 22, p = 50: Witten [feat = 50, acc = 0.980], Arias [feat = 10, acc = 0.980], IF-PCA [feat = 15, acc = 0.860]
[2026-03-31 08:03:25] Rep 21, p = 50: Witten [feat = 50, acc = 0.985], Arias [feat = 14, acc = 0.990], IF-PCA [feat = 8, acc = 0.635]
[2026-03-31 08:03:25] Rep 26, p = 50: Witten [feat = 50, acc = 0.960], Arias [feat = 10, acc = 0.965], IF-PCA [feat = 16, acc = 0.790]
[2026-03-31 08:03:25] Rep 17, p = 50: Witten [feat = 50, acc = 0.975], Arias [feat = 10, acc = 0.985], IF-PCA [feat = 17, acc = 0.910]
[2026-03-31 08:03:25] Rep 23, p = 50: Witten [feat = 50, acc = 0.985], Arias [feat = 11, acc = 0.985], IF-PCA [feat = 12, acc = 0.845]
[2026-03-31 08:03:29] Rep 31, p = 50: Witten [feat = 50, acc = 0.990], Arias [feat = 10, acc = 0.985], IF-PCA [feat = 22, acc = 0.905]
[2026-03-31 08:03:29] Rep 32, p = 50: Witten [feat = 50, acc = 0.985], Arias [feat = 10, acc = 0.990], IF-PCA [feat = 22, acc = 0.890]
[2026-03-31 08:03:29] Rep 35, p = 50: Witten [feat = 50, acc = 0.960], Arias [feat = 10, acc = 0.970], IF-PCA [feat = 8, acc = 0.540]
[2026-03-31 08:03:29] Rep 34, p = 50: Witten [feat = 50, acc = 0.980], Arias [feat = 11, acc = 0.980], IF-PCA [feat = 14, acc = 0.815]
[2026-03-31 08:03:29] Rep 37, p = 50: Witten [feat = 37, acc = 0.945], Arias [feat = 10, acc = 0.965], IF-PCA [feat = 6, acc = 0.535]
[2026-03-31 08:03:29] Rep 38, p = 50: Witten [feat = 50, acc = 0.985], Arias [feat = 10, acc = 0.980], IF-PCA [feat = 11, acc = 0.770]
[2026-03-31 08:03:29] Rep 39, p = 50: Witten [feat = 50, acc = 0.980], Arias [feat = 12, acc = 0.980], IF-PCA [feat = 15, acc = 0.695]
[2026-03-31 08:03:29] Rep 33, p = 50: Witten [feat = 50, acc = 0.985], Arias [feat = 15, acc = 0.985], IF-PCA [feat = 5, acc = 0.765]
[2026-03-31 08:03:29] Rep 43, p = 50: Witten [feat = 50, acc = 0.975], Arias [feat = 11, acc = 0.975], IF-PCA [feat = 22, acc = 0.915]
[2026-03-31 08:03:29] Rep 44, p = 50: Witten [feat = 50, acc = 0.975], Arias [feat = 11, acc = 0.980], IF-PCA [feat = 19, acc = 0.930]
[2026-03-31 08:03:29] Rep 41, p = 50: Witten [feat = 50, acc = 0.975], Arias [feat = 10, acc = 0.975], IF-PCA [feat = 22, acc = 0.725]
[2026-03-31 08:03:29] Rep 36, p = 50: Witten [feat = 50, acc = 0.980], Arias [feat = 14, acc = 0.990], IF-PCA [feat = 14, acc = 0.690]
[2026-03-31 08:03:29] Rep 42, p = 50: Witten [feat = 50, acc = 0.960], Arias [feat = 14, acc = 0.965], IF-PCA [feat = 23, acc = 0.910]
[2026-03-31 08:03:29] Rep 40, p = 50: Witten [feat = 50, acc = 0.990], Arias [feat = 10, acc = 0.990], IF-PCA [feat = 6, acc = 0.510]
[2026-03-31 08:03:29] Rep 45, p = 50: Witten [feat = 50, acc = 0.975], Arias [feat = 11, acc = 0.990], IF-PCA [feat = 6, acc = 0.505]
[2026-03-31 08:03:32] Rep 52, p = 50: Witten [feat = 40, acc = 0.970], Arias [feat = 11, acc = 0.990], IF-PCA [feat = 25, acc = 0.880]
[2026-03-31 08:03:32] Rep 50, p = 50: Witten [feat = 50, acc = 0.980], Arias [feat = 10, acc = 0.980], IF-PCA [feat = 8, acc = 0.795]
[2026-03-31 08:03:32] Rep 48, p = 50: Witten [feat = 46, acc = 0.935], Arias [feat = 10, acc = 0.950], IF-PCA [feat = 20, acc = 0.575]
[2026-03-31 08:03:32] Rep 49, p = 50: Witten [feat = 50, acc = 0.955], Arias [feat = 10, acc = 0.965], IF-PCA [feat = 7, acc = 0.795]
[2026-03-31 08:03:32] Rep 46, p = 50: Witten [feat = 50, acc = 0.980], Arias [feat = 11, acc = 0.975], IF-PCA [feat = 24, acc = 0.885]
[2026-03-31 08:03:32] Rep 58, p = 50: Witten [feat = 50, acc = 0.965], Arias [feat = 11, acc = 0.975], IF-PCA [feat = 8, acc = 0.770]
[2026-03-31 08:03:32] Rep 59, p = 50: Witten [feat = 50, acc = 0.960], Arias [feat = 11, acc = 0.970], IF-PCA [feat = 23, acc = 0.950]
[2026-03-31 08:03:32] Rep 47, p = 50: Witten [feat = 50, acc = 0.980], Arias [feat = 13, acc = 0.975], IF-PCA [feat = 16, acc = 0.565]
[2026-03-31 08:03:32] Rep 54, p = 50: Witten [feat = 37, acc = 0.990], Arias [feat = 12, acc = 0.990], IF-PCA [feat = 20, acc = 0.915]
[2026-03-31 08:03:32] Rep 56, p = 50: Witten [feat = 50, acc = 0.970], Arias [feat = 11, acc = 0.985], IF-PCA [feat = 20, acc = 0.880]
[2026-03-31 08:03:33] Rep 51, p = 50: Witten [feat = 50, acc = 0.965], Arias [feat = 11, acc = 0.965], IF-PCA [feat = 10, acc = 0.820]
[2026-03-31 08:03:33] Rep 53, p = 50: Witten [feat = 50, acc = 0.980], Arias [feat = 13, acc = 0.970], IF-PCA [feat = 18, acc = 0.640]
[2026-03-31 08:03:33] Rep 57, p = 50: Witten [feat = 50, acc = 0.985], Arias [feat = 12, acc = 0.985], IF-PCA [feat = 24, acc = 0.850]
[2026-03-31 08:03:33] Rep 55, p = 50: Witten [feat = 50, acc = 0.940], Arias [feat = 10, acc = 0.955], IF-PCA [feat = 25, acc = 0.900]
[2026-03-31 08:03:33] Rep 60, p = 50: Witten [feat = 50, acc = 0.935], Arias [feat = 10, acc = 0.945], IF-PCA [feat = 9, acc = 0.640]
[2026-03-31 08:03:36] Rep 61, p = 50: Witten [feat = 50, acc = 0.985], Arias [feat = 14, acc = 0.985], IF-PCA [feat = 25, acc = 0.880]
[2026-03-31 08:03:36] Rep 62, p = 50: Witten [feat = 50, acc = 0.960], Arias [feat = 12, acc = 0.970], IF-PCA [feat = 24, acc = 0.915]
[2026-03-31 08:03:36] Rep 64, p = 50: Witten [feat = 50, acc = 0.980], Arias [feat = 12, acc = 0.990], IF-PCA [feat = 15, acc = 0.920]
[2026-03-31 08:03:36] Rep 65, p = 50: Witten [feat = 42, acc = 0.970], Arias [feat = 11, acc = 0.975], IF-PCA [feat = 12, acc = 0.505]
[2026-03-31 08:03:36] Rep 73, p = 50: Witten [feat = 50, acc = 0.980], Arias [feat = 12, acc = 0.985], IF-PCA [feat = 21, acc = 0.920]
[2026-03-31 08:03:36] Rep 63, p = 50: Witten [feat = 50, acc = 0.955], Arias [feat = 14, acc = 0.965], IF-PCA [feat = 13, acc = 0.820]
[2026-03-31 08:03:36] Rep 66, p = 50: Witten [feat = 50, acc = 0.975], Arias [feat = 14, acc = 0.975], IF-PCA [feat = 21, acc = 0.795]
[2026-03-31 08:03:36] Rep 68, p = 50: Witten [feat = 50, acc = 0.965], Arias [feat = 14, acc = 0.970], IF-PCA [feat = 14, acc = 0.515]
[2026-03-31 08:03:36] Rep 67, p = 50: Witten [feat = 50, acc = 0.985], Arias [feat = 11, acc = 0.985], IF-PCA [feat = 24, acc = 0.560]
[2026-03-31 08:03:36] Rep 69, p = 50: Witten [feat = 50, acc = 0.995], Arias [feat = 11, acc = 0.995], IF-PCA [feat = 8, acc = 0.545]
[2026-03-31 08:03:36] Rep 71, p = 50: Witten [feat = 50, acc = 0.960], Arias [feat = 10, acc = 0.960], IF-PCA [feat = 22, acc = 0.785]
[2026-03-31 08:03:36] Rep 74, p = 50: Witten [feat = 50, acc = 0.980], Arias [feat = 12, acc = 0.980], IF-PCA [feat = 7, acc = 0.740]
[2026-03-31 08:03:36] Rep 75, p = 50: Witten [feat = 50, acc = 0.990], Arias [feat = 11, acc = 0.985], IF-PCA [feat = 9, acc = 0.870]
[2026-03-31 08:03:36] Rep 70, p = 50: Witten [feat = 50, acc = 0.955], Arias [feat = 13, acc = 0.965], IF-PCA [feat = 25, acc = 0.920]
[2026-03-31 08:03:36] Rep 72, p = 50: Witten [feat = 50, acc = 0.975], Arias [feat = 13, acc = 0.980], IF-PCA [feat = 15, acc = 0.655]
[2026-03-31 08:03:39] Rep 80, p = 50: Witten [feat = 50, acc = 0.965], Arias [feat = 18, acc = 0.980], IF-PCA [feat = 13, acc = 0.775]
[2026-03-31 08:03:39] Rep 77, p = 50: Witten [feat = 50, acc = 0.965], Arias [feat = 10, acc = 0.965], IF-PCA [feat = 24, acc = 0.960]
[2026-03-31 08:03:39] Rep 83, p = 50: Witten [feat = 50, acc = 0.970], Arias [feat = 11, acc = 0.975], IF-PCA [feat = 8, acc = 0.830]
[2026-03-31 08:03:39] Rep 79, p = 50: Witten [feat = 47, acc = 0.985], Arias [feat = 10, acc = 0.975], IF-PCA [feat = 11, acc = 0.530]
[2026-03-31 08:03:39] Rep 81, p = 50: Witten [feat = 50, acc = 0.985], Arias [feat = 17, acc = 0.985], IF-PCA [feat = 12, acc = 0.805]
[2026-03-31 08:03:39] Rep 78, p = 50: Witten [feat = 50, acc = 0.955], Arias [feat = 12, acc = 0.960], IF-PCA [feat = 7, acc = 0.640]
[2026-03-31 08:03:40] Rep 76, p = 50: Witten [feat = 50, acc = 0.960], Arias [feat = 11, acc = 0.950], IF-PCA [feat = 8, acc = 0.520]
[2026-03-31 08:03:40] Rep 84, p = 50: Witten [feat = 50, acc = 0.955], Arias [feat = 10, acc = 0.960], IF-PCA [feat = 21, acc = 0.940]
[2026-03-31 08:03:40] Rep 82, p = 50: Witten [feat = 42, acc = 0.955], Arias [feat = 15, acc = 0.955], IF-PCA [feat = 8, acc = 0.625]
[2026-03-31 08:03:40] Rep 86, p = 50: Witten [feat = 50, acc = 0.985], Arias [feat = 10, acc = 0.990], IF-PCA [feat = 20, acc = 0.940]
[2026-03-31 08:03:40] Rep 85, p = 50: Witten [feat = 50, acc = 0.970], Arias [feat = 16, acc = 0.975], IF-PCA [feat = 19, acc = 0.875]
[2026-03-31 08:03:40] Rep 88, p = 50: Witten [feat = 50, acc = 0.950], Arias [feat = 11, acc = 0.955], IF-PCA [feat = 12, acc = 0.810]
[2026-03-31 08:03:40] Rep 89, p = 50: Witten [feat = 50, acc = 0.965], Arias [feat = 10, acc = 0.960], IF-PCA [feat = 7, acc = 0.800]
[2026-03-31 08:03:40] Rep 87, p = 50: Witten [feat = 42, acc = 0.965], Arias [feat = 11, acc = 0.970], IF-PCA [feat = 17, acc = 0.890]
[2026-03-31 08:03:40] Rep 90, p = 50: Witten [feat = 50, acc = 0.965], Arias [feat = 11, acc = 0.970], IF-PCA [feat = 16, acc = 0.925]
[2026-03-31 08:03:42] Rep 91, p = 50: Witten [feat = 50, acc = 0.970], Arias [feat = 12, acc = 0.965], IF-PCA [feat = 7, acc = 0.760]
[2026-03-31 08:03:42] Rep 92, p = 50: Witten [feat = 50, acc = 0.980], Arias [feat = 12, acc = 0.980], IF-PCA [feat = 5, acc = 0.555]
[2026-03-31 08:03:42] Rep 93, p = 50: Witten [feat = 50, acc = 0.975], Arias [feat = 12, acc = 0.975], IF-PCA [feat = 12, acc = 0.640]
[2026-03-31 08:03:42] Rep 95, p = 50: Witten [feat = 50, acc = 0.955], Arias [feat = 12, acc = 0.970], IF-PCA [feat = 8, acc = 0.610]
[2026-03-31 08:03:42] Rep 94, p = 50: Witten [feat = 50, acc = 0.970], Arias [feat = 11, acc = 0.975], IF-PCA [feat = 11, acc = 0.905]
[2026-03-31 08:03:42] Rep 97, p = 50: Witten [feat = 50, acc = 0.975], Arias [feat = 11, acc = 0.970], IF-PCA [feat = 19, acc = 0.855]
[2026-03-31 08:03:42] Rep 98, p = 50: Witten [feat = 50, acc = 0.975], Arias [feat = 11, acc = 0.975], IF-PCA [feat = 16, acc = 0.735]
[2026-03-31 08:03:42] Rep 100, p = 50: Witten [feat = 50, acc = 0.965], Arias [feat = 10, acc = 0.970], IF-PCA [feat = 23, acc = 0.910]
[2026-03-31 08:03:42] Rep 99, p = 50: Witten [feat = 50, acc = 0.970], Arias [feat = 11, acc = 0.965], IF-PCA [feat = 22, acc = 0.700]
[2026-03-31 08:03:42] Rep 96, p = 50: Witten [feat = 45, acc = 0.970], Arias [feat = 11, acc = 0.960], IF-PCA [feat = 19, acc = 0.900]

--- Dimension p = 100 ---
[2026-03-31 08:03:48] Rep 7, p = 100: Witten [feat = 100, acc = 0.980], Arias [feat = 10, acc = 0.970], IF-PCA [feat = 45, acc = 0.830]
[2026-03-31 08:03:48] Rep 15, p = 100: Witten [feat = 100, acc = 0.970], Arias [feat = 16, acc = 0.975], IF-PCA [feat = 46, acc = 0.930]
[2026-03-31 08:03:48] Rep 11, p = 100: Witten [feat = 100, acc = 0.990], Arias [feat = 12, acc = 0.990], IF-PCA [feat = 30, acc = 0.510]
[2026-03-31 08:03:48] Rep 10, p = 100: Witten [feat = 100, acc = 0.970], Arias [feat = 16, acc = 0.960], IF-PCA [feat = 13, acc = 0.620]
[2026-03-31 08:03:48] Rep 13, p = 100: Witten [feat = 100, acc = 0.955], Arias [feat = 10, acc = 0.975], IF-PCA [feat = 35, acc = 0.860]
[2026-03-31 08:03:48] Rep 12, p = 100: Witten [feat = 100, acc = 0.980], Arias [feat = 16, acc = 0.980], IF-PCA [feat = 25, acc = 0.770]
[2026-03-31 08:03:48] Rep 9, p = 100: Witten [feat = 100, acc = 0.970], Arias [feat = 16, acc = 0.970], IF-PCA [feat = 38, acc = 0.670]
[2026-03-31 08:03:48] Rep 1, p = 100: Witten [feat = 88, acc = 0.970], Arias [feat = 10, acc = 0.985], IF-PCA [feat = 18, acc = 0.630]
[2026-03-31 08:03:48] Rep 5, p = 100: Witten [feat = 100, acc = 0.960], Arias [feat = 14, acc = 0.980], IF-PCA [feat = 9, acc = 0.555]
[2026-03-31 08:03:48] Rep 3, p = 100: Witten [feat = 100, acc = 0.980], Arias [feat = 12, acc = 0.980], IF-PCA [feat = 20, acc = 0.525]
[2026-03-31 08:03:48] Rep 14, p = 100: Witten [feat = 100, acc = 1.000], Arias [feat = 16, acc = 1.000], IF-PCA [feat = 20, acc = 0.805]
[2026-03-31 08:03:48] Rep 6, p = 100: Witten [feat = 100, acc = 0.985], Arias [feat = 10, acc = 0.985], IF-PCA [feat = 30, acc = 0.770]
[2026-03-31 08:03:48] Rep 8, p = 100: Witten [feat = 100, acc = 0.985], Arias [feat = 12, acc = 0.995], IF-PCA [feat = 24, acc = 0.935]
[2026-03-31 08:03:48] Rep 4, p = 100: Witten [feat = 100, acc = 0.970], Arias [feat = 22, acc = 0.975], IF-PCA [feat = 50, acc = 0.900]
[2026-03-31 08:03:53] Rep 18, p = 100: Witten [feat = 100, acc = 0.985], Arias [feat = 10, acc = 0.985], IF-PCA [feat = 48, acc = 0.905]
[2026-03-31 08:03:53] Rep 16, p = 100: Witten [feat = 100, acc = 0.985], Arias [feat = 10, acc = 0.980], IF-PCA [feat = 46, acc = 0.870]
[2026-03-31 08:03:53] Rep 20, p = 100: Witten [feat = 100, acc = 0.985], Arias [feat = 16, acc = 0.985], IF-PCA [feat = 27, acc = 0.905]
[2026-03-31 08:03:54] Rep 19, p = 100: Witten [feat = 100, acc = 0.965], Arias [feat = 14, acc = 0.970], IF-PCA [feat = 25, acc = 0.870]
[2026-03-31 08:03:54] Rep 21, p = 100: Witten [feat = 100, acc = 0.980], Arias [feat = 10, acc = 0.980], IF-PCA [feat = 43, acc = 0.870]
[2026-03-31 08:03:54] Rep 17, p = 100: Witten [feat = 100, acc = 0.960], Arias [feat = 10, acc = 0.960], IF-PCA [feat = 25, acc = 0.905]
[2026-03-31 08:03:54] Rep 24, p = 100: Witten [feat = 100, acc = 0.955], Arias [feat = 10, acc = 0.970], IF-PCA [feat = 9, acc = 0.550]
[2026-03-31 08:03:54] Rep 23, p = 100: Witten [feat = 100, acc = 0.990], Arias [feat = 10, acc = 0.990], IF-PCA [feat = 47, acc = 0.815]
[2026-03-31 08:03:54] Rep 22, p = 100: Witten [feat = 100, acc = 0.985], Arias [feat = 14, acc = 0.980], IF-PCA [feat = 7, acc = 0.775]
[2026-03-31 08:03:54] Rep 27, p = 100: Witten [feat = 100, acc = 0.980], Arias [feat = 18, acc = 0.980], IF-PCA [feat = 15, acc = 0.845]
[2026-03-31 08:03:54] Rep 29, p = 100: Witten [feat = 100, acc = 0.965], Arias [feat = 10, acc = 0.970], IF-PCA [feat = 49, acc = 0.905]
[2026-03-31 08:03:54] Rep 28, p = 100: Witten [feat = 100, acc = 0.970], Arias [feat = 10, acc = 0.975], IF-PCA [feat = 10, acc = 0.540]
[2026-03-31 08:03:54] Rep 25, p = 100: Witten [feat = 100, acc = 0.970], Arias [feat = 10, acc = 0.970], IF-PCA [feat = 49, acc = 0.940]
[2026-03-31 08:03:54] Rep 30, p = 100: Witten [feat = 100, acc = 0.980], Arias [feat = 10, acc = 0.985], IF-PCA [feat = 22, acc = 0.550]
[2026-03-31 08:03:54] Rep 26, p = 100: Witten [feat = 100, acc = 0.980], Arias [feat = 10, acc = 0.975], IF-PCA [feat = 35, acc = 0.515]
[2026-03-31 08:03:59] Rep 34, p = 100: Witten [feat = 100, acc = 0.970], Arias [feat = 12, acc = 0.975], IF-PCA [feat = 35, acc = 0.850]
[2026-03-31 08:03:59] Rep 35, p = 100: Witten [feat = 100, acc = 0.960], Arias [feat = 10, acc = 0.965], IF-PCA [feat = 8, acc = 0.535]
[2026-03-31 08:03:59] Rep 38, p = 100: Witten [feat = 100, acc = 0.960], Arias [feat = 14, acc = 0.970], IF-PCA [feat = 7, acc = 0.565]
[2026-03-31 08:03:59] Rep 31, p = 100: Witten [feat = 100, acc = 0.955], Arias [feat = 14, acc = 0.965], IF-PCA [feat = 9, acc = 0.525]
[2026-03-31 08:03:59] Rep 36, p = 100: Witten [feat = 100, acc = 0.970], Arias [feat = 10, acc = 0.970], IF-PCA [feat = 35, acc = 0.570]
[2026-03-31 08:03:59] Rep 32, p = 100: Witten [feat = 100, acc = 0.975], Arias [feat = 10, acc = 0.970], IF-PCA [feat = 32, acc = 0.520]
[2026-03-31 08:03:59] Rep 43, p = 100: Witten [feat = 100, acc = 0.990], Arias [feat = 20, acc = 0.990], IF-PCA [feat = 20, acc = 0.765]
[2026-03-31 08:03:59] Rep 40, p = 100: Witten [feat = 100, acc = 0.975], Arias [feat = 10, acc = 0.985], IF-PCA [feat = 50, acc = 0.545]
[2026-03-31 08:03:59] Rep 37, p = 100: Witten [feat = 100, acc = 0.955], Arias [feat = 10, acc = 0.955], IF-PCA [feat = 47, acc = 0.845]
[2026-03-31 08:03:59] Rep 33, p = 100: Witten [feat = 100, acc = 0.965], Arias [feat = 12, acc = 0.985], IF-PCA [feat = 28, acc = 0.805]
[2026-03-31 08:03:59] Rep 42, p = 100: Witten [feat = 100, acc = 0.985], Arias [feat = 10, acc = 0.985], IF-PCA [feat = 14, acc = 0.835]
[2026-03-31 08:03:59] Rep 39, p = 100: Witten [feat = 100, acc = 0.985], Arias [feat = 14, acc = 0.990], IF-PCA [feat = 22, acc = 0.575]
[2026-03-31 08:03:59] Rep 41, p = 100: Witten [feat = 100, acc = 0.960], Arias [feat = 12, acc = 0.960], IF-PCA [feat = 9, acc = 0.530]
[2026-03-31 08:03:59] Rep 45, p = 100: Witten [feat = 100, acc = 0.975], Arias [feat = 12, acc = 0.970], IF-PCA [feat = 11, acc = 0.520]
[2026-03-31 08:03:59] Rep 44, p = 100: Witten [feat = 100, acc = 0.975], Arias [feat = 12, acc = 0.975], IF-PCA [feat = 8, acc = 0.565]
