
==========================================
--- Laplace Known-Covariance Started at 2026-04-01 14:52:00.092593 ---
==========================================
Registered doParallel backend with 15 cores.

--- Dimension p = 3000 ---

==========================================
--- Laplace Known-Covariance Started at 2026-04-01 15:00:18 ---
==========================================
Registered doParallel backend with 15 cores.

--- Dimension p = 3000 ---

==========================================
--- Laplace Known-Covariance Started at 2026-04-01 15:03:08 ---
==========================================
Registered doParallel backend with 15 cores.

--- Dimension p = 3000 ---

==========================================
--- Laplace Known-Covariance Started at 2026-04-01 15:05:51 ---
==========================================
Registered doParallel backend with 15 cores.

--- Dimension p = 3000 ---

==========================================
--- Laplace Known-Covariance Started at 2026-04-01 15:07:12 ---
==========================================
Registered doParallel backend with 15 cores.

--- Dimension p = 3000 ---
[2026-04-01 15:20:00] Rep 7, p = 3000: Witten [feat = 318, acc = 0.560], Arias [feat = 60, acc = 0.980], IF-PCA [feat = 1499, acc = 0.555], SCVX [acc = 0.020]
[2026-04-01 15:22:01] Rep 4, p = 3000: Witten [feat = 30, acc = 0.970], Arias [feat = 60, acc = 0.955], IF-PCA [feat = 1498, acc = 0.515], SCVX [acc = 0.025]
[2026-04-01 15:22:36] Rep 5, p = 3000: Witten [feat = 71, acc = 0.505], Arias [feat = 60, acc = 0.970], IF-PCA [feat = 1496, acc = 0.525], SCVX [acc = 0.030]
[2026-04-01 15:22:39] Rep 8, p = 3000: Witten [feat = 75, acc = 0.555], Arias [feat = 60, acc = 0.965], IF-PCA [feat = 792, acc = 0.505], SCVX [acc = 0.015]
[2026-04-01 15:25:12] Rep 14, p = 3000: Witten [feat = 37, acc = 0.960], Arias [feat = 60, acc = 0.940], IF-PCA [feat = 1425, acc = 0.505], SCVX [acc = 0.020]
[2026-04-01 15:29:01] Rep 9, p = 3000: Witten [feat = 123, acc = 0.535], Arias [feat = 60, acc = 0.945], IF-PCA [feat = 1500, acc = 0.500], SCVX [acc = 0.020]
[2026-04-01 15:29:12] Rep 3, p = 3000: Witten [feat = 96, acc = 0.515], Arias [feat = 60, acc = 0.970], IF-PCA [feat = 1243, acc = 0.510], SCVX [acc = 0.015]
[2026-04-01 15:29:23] Rep 1, p = 3000: Witten [feat = 111, acc = 0.535], Arias [feat = 60, acc = 0.955], IF-PCA [feat = 1500, acc = 0.520], SCVX [acc = 0.030]
[2026-04-01 15:29:24] Rep 12, p = 3000: Witten [feat = 177, acc = 0.525], Arias [feat = 60, acc = 0.950], IF-PCA [feat = 848, acc = 0.510], SCVX [acc = 0.025]
[2026-04-01 15:30:07] Rep 11, p = 3000: Witten [feat = 259, acc = 0.510], Arias [feat = 60, acc = 0.960], IF-PCA [feat = 920, acc = 0.525], SCVX [acc = 0.020]
[2026-04-01 15:30:18] Rep 6, p = 3000: Witten [feat = 91, acc = 0.515], Arias [feat = 60, acc = 0.960], IF-PCA [feat = 1465, acc = 0.515], SCVX [acc = 0.020]
[2026-04-01 15:30:21] Rep 2, p = 3000: Witten [feat = 91, acc = 0.530], Arias [feat = 60, acc = 0.980], IF-PCA [feat = 1000, acc = 0.530], SCVX [acc = 0.020]
[2026-04-01 15:31:34] Rep 13, p = 3000: Witten [feat = 512, acc = 0.975], Arias [feat = 60, acc = 0.990], IF-PCA [feat = 1472, acc = 0.505], SCVX [acc = 0.025]
[2026-04-01 15:33:20] Rep 15, p = 3000: Witten [feat = 183, acc = 0.580], Arias [feat = 60, acc = 0.980], IF-PCA [feat = 1413, acc = 0.530], SCVX [acc = 0.025]
[2026-04-01 15:37:08] Rep 10, p = 3000: Witten [feat = 80, acc = 0.515], Arias [feat = 60, acc = 0.960], IF-PCA [feat = 1499, acc = 0.500], SCVX [acc = 0.020]
[2026-04-01 15:37:15] Rep 8, p = 3000: Witten [feat = 75, acc = 0.555], Arias [feat = 60, acc = 0.965], IF-PCA [feat = 792, acc = 0.505], SCVX [acc = 0.015]
[2026-04-01 15:38:01] Rep 14, p = 3000: Witten [feat = 37, acc = 0.960], Arias [feat = 60, acc = 0.940], IF-PCA [feat = 1425, acc = 0.505], SCVX [acc = 0.020]
[2026-04-01 15:38:38] Rep 4, p = 3000: Witten [feat = 30, acc = 0.970], Arias [feat = 60, acc = 0.955], IF-PCA [feat = 1498, acc = 0.515], SCVX [acc = 0.025]
[2026-04-01 15:39:16] Rep 7, p = 3000: Witten [feat = 318, acc = 0.560], Arias [feat = 60, acc = 0.980], IF-PCA [feat = 1499, acc = 0.555], SCVX [acc = 0.020]
[2026-04-01 15:40:37] Rep 12, p = 3000: Witten [feat = 177, acc = 0.525], Arias [feat = 60, acc = 0.950], IF-PCA [feat = 848, acc = 0.510], SCVX [acc = 0.025]
[2026-04-01 15:40:57] Rep 11, p = 3000: Witten [feat = 259, acc = 0.510], Arias [feat = 60, acc = 0.960], IF-PCA [feat = 920, acc = 0.525], SCVX [acc = 0.020]
[2026-04-01 15:41:21] Rep 5, p = 3000: Witten [feat = 71, acc = 0.505], Arias [feat = 60, acc = 0.970], IF-PCA [feat = 1496, acc = 0.525], SCVX [acc = 0.030]
[2026-04-01 15:41:42] Rep 2, p = 3000: Witten [feat = 91, acc = 0.530], Arias [feat = 60, acc = 0.980], IF-PCA [feat = 1000, acc = 0.530], SCVX [acc = 0.020]
[2026-04-01 15:42:19] Rep 1, p = 3000: Witten [feat = 111, acc = 0.535], Arias [feat = 60, acc = 0.955], IF-PCA [feat = 1500, acc = 0.520], SCVX [acc = 0.030]
[2026-04-01 15:42:46] Rep 9, p = 3000: Witten [feat = 123, acc = 0.535], Arias [feat = 60, acc = 0.945], IF-PCA [feat = 1500, acc = 0.500], SCVX [acc = 0.020]
[2026-04-01 15:42:57] Rep 13, p = 3000: Witten [feat = 512, acc = 0.975], Arias [feat = 60, acc = 0.990], IF-PCA [feat = 1472, acc = 0.505], SCVX [acc = 0.025]
[2026-04-01 15:43:28] Rep 6, p = 3000: Witten [feat = 91, acc = 0.515], Arias [feat = 60, acc = 0.960], IF-PCA [feat = 1465, acc = 0.515], SCVX [acc = 0.020]
[2026-04-01 15:44:23] Rep 15, p = 3000: Witten [feat = 183, acc = 0.580], Arias [feat = 60, acc = 0.980], IF-PCA [feat = 1413, acc = 0.530], SCVX [acc = 0.025]
[2026-04-01 15:44:32] Rep 10, p = 3000: Witten [feat = 80, acc = 0.515], Arias [feat = 60, acc = 0.960], IF-PCA [feat = 1499, acc = 0.500], SCVX [acc = 0.020]
[2026-04-01 15:44:52] Rep 3, p = 3000: Witten [feat = 96, acc = 0.515], Arias [feat = 60, acc = 0.970], IF-PCA [feat = 1243, acc = 0.510], SCVX [acc = 0.015]
[2026-04-01 15:55:16] Rep 19, p = 3000: Witten [feat = 111, acc = 0.525], Arias [feat = 60, acc = 0.955], IF-PCA [feat = 1070, acc = 0.525], SCVX [acc = 0.020]
[2026-04-01 15:55:27] Rep 20, p = 3000: Witten [feat = 72, acc = 0.500], Arias [feat = 60, acc = 0.965], IF-PCA [feat = 1420, acc = 0.525], SCVX [acc = 0.025]
[2026-04-01 15:55:54] Rep 18, p = 3000: Witten [feat = 70, acc = 0.515], Arias [feat = 60, acc = 0.945], IF-PCA [feat = 1442, acc = 0.530], SCVX [acc = 0.015]
[2026-04-01 15:56:05] Rep 17, p = 3000: Witten [feat = 94, acc = 0.565], Arias [feat = 60, acc = 0.955], IF-PCA [feat = 1500, acc = 0.500], SCVX [acc = 0.025]
[2026-04-01 15:59:07] Rep 22, p = 3000: Witten [feat = 85, acc = 0.560], Arias [feat = 60, acc = 0.945], IF-PCA [feat = 1086, acc = 0.505], SCVX [acc = 0.030]
[2026-04-01 16:00:22] Rep 24, p = 3000: Witten [feat = 189, acc = 0.560], Arias [feat = 60, acc = 0.930], IF-PCA [feat = 1439, acc = 0.515], SCVX [acc = 0.030]
[2026-04-01 16:00:27] Rep 23, p = 3000: Witten [feat = 85, acc = 0.525], Arias [feat = 60, acc = 0.950], IF-PCA [feat = 908, acc = 0.505], SCVX [acc = 0.025]
[2026-04-01 16:03:10] Rep 26, p = 3000: Witten [feat = 75, acc = 0.535], Arias [feat = 60, acc = 0.975], IF-PCA [feat = 1333, acc = 0.510], SCVX [acc = 0.020]
[2026-04-01 16:03:14] Rep 29, p = 3000: Witten [feat = 113, acc = 0.500], Arias [feat = 60, acc = 0.960], IF-PCA [feat = 1203, acc = 0.520], SCVX [acc = 0.030]
[2026-04-01 16:03:27] Rep 25, p = 3000: Witten [feat = 96, acc = 0.570], Arias [feat = 60, acc = 0.960], IF-PCA [feat = 1362, acc = 0.510], SCVX [acc = 0.025]
[2026-04-01 16:03:28] Rep 21, p = 3000: Witten [feat = 156, acc = 0.550], Arias [feat = 60, acc = 0.960], IF-PCA [feat = 1002, acc = 0.515], SCVX [acc = 0.025]
[2026-04-01 16:03:55] Rep 27, p = 3000: Witten [feat = 106, acc = 0.530], Arias [feat = 60, acc = 0.965], IF-PCA [feat = 643, acc = 0.510], SCVX [acc = 0.025]
[2026-04-01 16:06:08] Rep 30, p = 3000: Witten [feat = 189, acc = 0.505], Arias [feat = 60, acc = 0.950], IF-PCA [feat = 919, acc = 0.515], SCVX [acc = 0.025]
[2026-04-01 16:07:29] Rep 28, p = 3000: Witten [feat = 69, acc = 0.520], Arias [feat = 60, acc = 0.970], IF-PCA [feat = 1138, acc = 0.565], SCVX [acc = 0.020]
[2026-04-01 16:10:33] Rep 16, p = 3000: Witten [feat = 97, acc = 0.520], Arias [feat = 60, acc = 0.955], IF-PCA [feat = 1260, acc = 0.555], SCVX [acc = 0.015]
[2026-04-01 16:10:44] Rep 17, p = 3000: Witten [feat = 94, acc = 0.565], Arias [feat = 60, acc = 0.955], IF-PCA [feat = 1500, acc = 0.500], SCVX [acc = 0.025]
[2026-04-01 16:11:14] Rep 19, p = 3000: Witten [feat = 111, acc = 0.525], Arias [feat = 60, acc = 0.955], IF-PCA [feat = 1070, acc = 0.525], SCVX [acc = 0.020]
[2026-04-01 16:11:15] Rep 22, p = 3000: Witten [feat = 85, acc = 0.560], Arias [feat = 60, acc = 0.945], IF-PCA [feat = 1086, acc = 0.505], SCVX [acc = 0.030]
[2026-04-01 16:11:23] Rep 20, p = 3000: Witten [feat = 72, acc = 0.500], Arias [feat = 60, acc = 0.965], IF-PCA [feat = 1420, acc = 0.525], SCVX [acc = 0.025]
[2026-04-01 16:13:02] Rep 24, p = 3000: Witten [feat = 189, acc = 0.560], Arias [feat = 60, acc = 0.930], IF-PCA [feat = 1439, acc = 0.515], SCVX [acc = 0.030]
[2026-04-01 16:13:47] Rep 21, p = 3000: Witten [feat = 156, acc = 0.550], Arias [feat = 60, acc = 0.960], IF-PCA [feat = 1002, acc = 0.515], SCVX [acc = 0.025]
[2026-04-01 16:14:29] Rep 26, p = 3000: Witten [feat = 75, acc = 0.535], Arias [feat = 60, acc = 0.975], IF-PCA [feat = 1333, acc = 0.510], SCVX [acc = 0.020]

==========================================
--- Laplace Known-Covariance Started at 2026-04-01 16:16:41 ---
==========================================
Registered doParallel backend with 15 cores.

--- Dimension p = 500 ---

==========================================
--- Laplace Known-Covariance Started at 2026-04-01 16:26:58 ---
==========================================
Registered doParallel backend with 15 cores.

--- Dimension p = 500 ---
[2026-04-01 16:28:44] Rep 4, p = 500: Witten [feat = NA, acc = NA], Arias [feat = NA, acc = NA], IF-PCA [feat = NA, acc = NA], SCVX [acc = 0.940]
[2026-04-01 16:29:09] Rep 5, p = 500: Witten [feat = NA, acc = NA], Arias [feat = NA, acc = NA], IF-PCA [feat = NA, acc = NA], SCVX [acc = 0.930]

==========================================
--- Laplace Known-Covariance Started at 2026-04-01 16:30:10 ---
==========================================
Registered doParallel backend with 15 cores.

--- Dimension p = 3000 ---

--- Dimension p = 6000 ---
[2026-04-01 16:45:03] Rep 5, p = 6000: Witten [feat = NA, acc = NA], Arias [feat = NA, acc = NA], IF-PCA [feat = NA, acc = NA], SCVX [acc = 0.710]
[2026-04-01 16:45:27] Rep 1, p = 6000: Witten [feat = NA, acc = NA], Arias [feat = NA, acc = NA], IF-PCA [feat = NA, acc = NA], SCVX [acc = 0.595]
[2026-04-01 16:46:24] Rep 9, p = 6000: Witten [feat = NA, acc = NA], Arias [feat = NA, acc = NA], IF-PCA [feat = NA, acc = NA], SCVX [acc = 0.590]
[2026-04-01 16:46:58] Rep 3, p = 6000: Witten [feat = NA, acc = NA], Arias [feat = NA, acc = NA], IF-PCA [feat = NA, acc = NA], SCVX [acc = 0.505]
[2026-04-01 16:47:07] Rep 7, p = 6000: Witten [feat = NA, acc = NA], Arias [feat = NA, acc = NA], IF-PCA [feat = NA, acc = NA], SCVX [acc = 0.575]
[2026-04-01 16:47:08] Rep 10, p = 6000: Witten [feat = NA, acc = NA], Arias [feat = NA, acc = NA], IF-PCA [feat = NA, acc = NA], SCVX [acc = 0.575]
[2026-04-01 16:47:55] Rep 8, p = 6000: Witten [feat = NA, acc = NA], Arias [feat = NA, acc = NA], IF-PCA [feat = NA, acc = NA], SCVX [acc = 0.560]
[2026-04-01 16:48:04] Rep 2, p = 6000: Witten [feat = NA, acc = NA], Arias [feat = NA, acc = NA], IF-PCA [feat = NA, acc = NA], SCVX [acc = 0.615]
[2026-04-01 16:49:28] Rep 6, p = 6000: Witten [feat = NA, acc = NA], Arias [feat = NA, acc = NA], IF-PCA [feat = NA, acc = NA], SCVX [acc = 0.515]
[2026-04-01 16:49:31] Rep 4, p = 6000: Witten [feat = NA, acc = NA], Arias [feat = NA, acc = NA], IF-PCA [feat = NA, acc = NA], SCVX [acc = 0.590]

--- Dimension p = 9000 ---
[2026-04-01 17:05:54] Rep 9, p = 9000: Witten [feat = NA, acc = NA], Arias [feat = NA, acc = NA], IF-PCA [feat = NA, acc = NA], SCVX [acc = 0.525]
[2026-04-01 17:08:14] Rep 10, p = 9000: Witten [feat = NA, acc = NA], Arias [feat = NA, acc = NA], IF-PCA [feat = NA, acc = NA], SCVX [acc = 0.570]
[2026-04-01 17:09:16] Rep 2, p = 9000: Witten [feat = NA, acc = NA], Arias [feat = NA, acc = NA], IF-PCA [feat = NA, acc = NA], SCVX [acc = 0.590]
[2026-04-01 17:11:30] Rep 4, p = 9000: Witten [feat = NA, acc = NA], Arias [feat = NA, acc = NA], IF-PCA [feat = NA, acc = NA], SCVX [acc = 0.600]
[2026-04-01 17:12:19] Rep 3, p = 9000: Witten [feat = NA, acc = NA], Arias [feat = NA, acc = NA], IF-PCA [feat = NA, acc = NA], SCVX [acc = 0.525]
[2026-04-01 17:12:40] Rep 6, p = 9000: Witten [feat = NA, acc = NA], Arias [feat = NA, acc = NA], IF-PCA [feat = NA, acc = NA], SCVX [acc = 0.590]
[2026-04-01 17:12:43] Rep 1, p = 9000: Witten [feat = NA, acc = NA], Arias [feat = NA, acc = NA], IF-PCA [feat = NA, acc = NA], SCVX [acc = 0.615]
[2026-04-01 17:12:48] Rep 8, p = 9000: Witten [feat = NA, acc = NA], Arias [feat = NA, acc = NA], IF-PCA [feat = NA, acc = NA], SCVX [acc = 0.555]
[2026-04-01 17:12:51] Rep 5, p = 9000: Witten [feat = NA, acc = NA], Arias [feat = NA, acc = NA], IF-PCA [feat = NA, acc = NA], SCVX [acc = 0.520]
[2026-04-01 17:12:55] Rep 7, p = 9000: Witten [feat = NA, acc = NA], Arias [feat = NA, acc = NA], IF-PCA [feat = NA, acc = NA], SCVX [acc = 0.540]

--- Dimension p = 12000 ---
[2026-04-01 17:39:40] Rep 8, p = 12000: Witten [feat = NA, acc = NA], Arias [feat = NA, acc = NA], IF-PCA [feat = NA, acc = NA], SCVX [acc = 0.530]
[2026-04-01 17:40:52] Rep 5, p = 12000: Witten [feat = NA, acc = NA], Arias [feat = NA, acc = NA], IF-PCA [feat = NA, acc = NA], SCVX [acc = 0.510]
[2026-04-01 17:45:32] Rep 6, p = 12000: Witten [feat = NA, acc = NA], Arias [feat = NA, acc = NA], IF-PCA [feat = NA, acc = NA], SCVX [acc = 0.555]
[2026-04-01 17:45:41] Rep 7, p = 12000: Witten [feat = NA, acc = NA], Arias [feat = NA, acc = NA], IF-PCA [feat = NA, acc = NA], SCVX [acc = 0.515]
[2026-04-01 17:45:51] Rep 9, p = 12000: Witten [feat = NA, acc = NA], Arias [feat = NA, acc = NA], IF-PCA [feat = NA, acc = NA], SCVX [acc = 0.530]
[2026-04-01 17:45:54] Rep 1, p = 12000: Witten [feat = NA, acc = NA], Arias [feat = NA, acc = NA], IF-PCA [feat = NA, acc = NA], SCVX [acc = 0.505]
[2026-04-01 17:45:55] Rep 3, p = 12000: Witten [feat = NA, acc = NA], Arias [feat = NA, acc = NA], IF-PCA [feat = NA, acc = NA], SCVX [acc = 0.540]
[2026-04-01 17:45:58] Rep 4, p = 12000: Witten [feat = NA, acc = NA], Arias [feat = NA, acc = NA], IF-PCA [feat = NA, acc = NA], SCVX [acc = 0.505]
[2026-04-01 17:46:00] Rep 10, p = 12000: Witten [feat = NA, acc = NA], Arias [feat = NA, acc = NA], IF-PCA [feat = NA, acc = NA], SCVX [acc = 0.505]
[2026-04-01 17:46:01] Rep 2, p = 12000: Witten [feat = NA, acc = NA], Arias [feat = NA, acc = NA], IF-PCA [feat = NA, acc = NA], SCVX [acc = 0.530]

==========================================
--- Laplace Known-Cov Simulation Completed at 2026-04-01 17:46:01 (Runtime: 75.86 mins) ---
==========================================
