

=======================================================
=== Instance 1: Imbalanced Weights (p=0.3) ===
=======================================================
[Alg C] Step 1: Estimating max coordinate variance layer...
[Alg C] Max coordinate variance scale isolated: 2.8928
[Alg C] Step 2: Locating spatial geometry center through 1D marginals...
[ROUTING] Selected Algorithm 3.1 (Well-Separated Means)
[ROUTING] Selected Algorithm 3.1 (Well-Separated Means)
[ROUTING] Selected Algorithm 3.1 (Well-Separated Means)
[ROUTING] Selected Algorithm 3.1 (Well-Separated Means)
[Alg C] Constructing symmetric 4D candidate mesh grids...
[Alg C] Generated 83521 discrete vector candidates.
[Alg C] Generated 10485760 discrete covariance matrices.
[Alg C] Broadcasting over 144 bounded random structural projections (a_i ~ N_9^4)...
[ROUTING] Selected Algorithm 3.1 (Well-Separated Means)
[ROUTING] Overriding: Geometry Fully Obscured. Selected Fallback (Single Component)
[ROUTING] Selected Algorithm 3.1 (Well-Separated Means)
[ROUTING] Selected Algorithm 3.1 (Well-Separated Means)
[ROUTING] Selected Algorithm 3.1 (Well-Separated Means)
[ROUTING] Overriding: Geometry Fully Obscured. Selected Fallback (Single Component)
[ROUTING] Overriding: Geometry Fully Obscured. Selected Fallback (Single Component)
[ROUTING] Overriding: Geometry Fully Obscured. Selected Fallback (Single Component)
[ROUTING] Selected Algorithm 3.1 (Well-Separated Means)
[ROUTING] Selected Algorithm 3.1 (Well-Separated Means)
[ROUTING] Selected Algorithm 3.1 (Well-Separated Means)
[ROUTING] Overriding: Geometry Fully Obscured. Selected Fallback (Single Component)
[ROUTING] Selected Algorithm 3.1 (Well-Separated Means)
[ROUTING] Selected Algorithm 3.1 (Well-Separated Means)
[ROUTING] Selected Algorithm 3.1 (Well-Separated Means)
[ROUTING] Selected Algorithm 3.1 (Well-Separated Means)
[ROUTING] Overriding: Geometry Fully Obscured. Selected Fallback (Single Component)
[ROUTING] Selected Algorithm 3.1 (Well-Separated Means)
[ROUTING] Selected Algorithm 3.1 (Well-Separated Means)
[ROUTING] Selected Algorithm 3.1 (Well-Separated Means)
[ROUTING] Selected Algorithm 3.1 (Well-Separated Means)
[ROUTING] Selected Algorithm 3.1 (Well-Separated Means)
[ROUTING] Selected Algorithm 3.1 (Well-Separated Means)
[ROUTING] Selected Algorithm 3.1 (Well-Separated Means)
[ROUTING] Selected Algorithm 3.1 (Well-Separated Means)
[ROUTING] Selected Algorithm 3.1 (Well-Separated Means)
[ROUTING] Selected Algorithm 3.1 (Well-Separated Means)
[ROUTING] Selected Algorithm 3.1 (Well-Separated Means)
[ROUTING] Selected Algorithm 3.1 (Well-Separated Means)
[ROUTING] Overriding: Geometry Fully Obscured. Selected Fallback (Single Component)
[ROUTING] Selected Algorithm 3.1 (Well-Separated Means)
[ROUTING] Overriding: Geometry Fully Obscured. Selected Fallback (Single Component)
[ROUTING] Overriding: Geometry Fully Obscured. Selected Fallback (Single Component)
[ROUTING] Overriding: Geometry Fully Obscured. Selected Fallback (Single Component)
[ROUTING] Selected Algorithm 3.1 (Well-Separated Means)
[ROUTING] Selected Algorithm 3.1 (Well-Separated Means)
[ROUTING] Selected Algorithm 3.1 (Well-Separated Means)
[ROUTING] Selected Algorithm 3.1 (Well-Separated Means)
[ROUTING] Overriding: Geometry Fully Obscured. Selected Fallback (Single Component)
[ROUTING] Selected Algorithm 3.1 (Well-Separated Means)
[ROUTING] Selected Algorithm 3.1 (Well-Separated Means)
[ROUTING] Selected Algorithm 3.1 (Well-Separated Means)
[ROUTING] Overriding: Geometry Fully Obscured. Selected Fallback (Single Component)
[ROUTING] Selected Algorithm 3.1 (Well-Separated Means)
[ROUTING] Selected Algorithm 3.1 (Well-Separated Means)
[ROUTING] Selected Algorithm 3.1 (Well-Separated Means)
[ROUTING] Selected Algorithm 3.1 (Well-Separated Means)
[ROUTING] Selected Algorithm 3.1 (Well-Separated Means)
[ROUTING] Selected Algorithm 3.1 (Well-Separated Means)
[ROUTING] Selected Algorithm 3.1 (Well-Separated Means)
[ROUTING] Selected Algorithm 3.1 (Well-Separated Means)
[ROUTING] Selected Algorithm 3.1 (Well-Separated Means)
[ROUTING] Selected Algorithm 3.1 (Well-Separated Means)
[ROUTING] Selected Algorithm 3.1 (Well-Separated Means)
[ROUTING] Selected Algorithm 3.1 (Well-Separated Means)
[ROUTING] Selected Algorithm 3.1 (Well-Separated Means)
[ROUTING] Overriding: Geometry Fully Obscured. Selected Fallback (Single Component)
[ROUTING] Selected Algorithm 3.1 (Well-Separated Means)
[ROUTING] Selected Algorithm 3.1 (Well-Separated Means)
[ROUTING] Selected Algorithm 3.1 (Well-Separated Means)
[ROUTING] Selected Algorithm 3.1 (Well-Separated Means)
[ROUTING] Selected Algorithm 3.1 (Well-Separated Means)
[ROUTING] Selected Algorithm 3.1 (Well-Separated Means)
[ROUTING] Selected Algorithm 3.1 (Well-Separated Means)
[ROUTING] Selected Algorithm 3.1 (Well-Separated Means)
[ROUTING] Selected Algorithm 3.1 (Well-Separated Means)
[ROUTING] Selected Algorithm 3.1 (Well-Separated Means)
[ROUTING] Selected Algorithm 3.1 (Well-Separated Means)
[ROUTING] Overriding: Geometry Fully Obscured. Selected Fallback (Single Component)
[ROUTING] Selected Algorithm 3.1 (Well-Separated Means)
[ROUTING] Selected Algorithm 3.1 (Well-Separated Means)
[ROUTING] Selected Algorithm 3.1 (Well-Separated Means)
[ROUTING] Selected Algorithm 3.1 (Well-Separated Means)
[ROUTING] Selected Algorithm 3.1 (Well-Separated Means)
[ROUTING] Selected Algorithm 3.1 (Well-Separated Means)
[ROUTING] Selected Algorithm 3.1 (Well-Separated Means)
[ROUTING] Selected Algorithm 3.1 (Well-Separated Means)
[ROUTING] Selected Algorithm 3.1 (Well-Separated Means)
[ROUTING] Selected Algorithm 3.1 (Well-Separated Means)
[ROUTING] Selected Algorithm 3.1 (Well-Separated Means)
[ROUTING] Selected Algorithm 3.1 (Well-Separated Means)
[ROUTING] Selected Algorithm 3.1 (Well-Separated Means)
[ROUTING] Selected Algorithm 3.1 (Well-Separated Means)
[ROUTING] Selected Algorithm 3.1 (Well-Separated Means)
[ROUTING] Selected Algorithm 3.1 (Well-Separated Means)
[ROUTING] Overriding: Geometry Fully Obscured. Selected Fallback (Single Component)
[ROUTING] Selected Algorithm 3.1 (Well-Separated Means)
[ROUTING] Selected Algorithm 3.1 (Well-Separated Means)
[ROUTING] Selected Algorithm 3.1 (Well-Separated Means)
[ROUTING] Selected Algorithm 3.1 (Well-Separated Means)
[ROUTING] Selected Algorithm 3.1 (Well-Separated Means)
[ROUTING] Selected Algorithm 3.1 (Well-Separated Means)
[ROUTING] Selected Algorithm 3.1 (Well-Separated Means)
[ROUTING] Selected Algorithm 3.1 (Well-Separated Means)
[ROUTING] Selected Algorithm 3.1 (Well-Separated Means)
[ROUTING] Selected Algorithm 3.1 (Well-Separated Means)
[ROUTING] Overriding: Geometry Fully Obscured. Selected Fallback (Single Component)
[ROUTING] Selected Algorithm 3.1 (Well-Separated Means)
[ROUTING] Selected Algorithm 3.1 (Well-Separated Means)
[ROUTING] Selected Algorithm 3.1 (Well-Separated Means)
[ROUTING] Selected Algorithm 3.1 (Well-Separated Means)
[ROUTING] Selected Algorithm 3.1 (Well-Separated Means)
[ROUTING] Selected Algorithm 3.1 (Well-Separated Means)
[ROUTING] Overriding: Geometry Fully Obscured. Selected Fallback (Single Component)
[ROUTING] Selected Algorithm 3.1 (Well-Separated Means)
[ROUTING] Selected Algorithm 3.1 (Well-Separated Means)
[ROUTING] Selected Algorithm 3.1 (Well-Separated Means)
[ROUTING] Selected Algorithm 3.1 (Well-Separated Means)
[ROUTING] Selected Algorithm 3.1 (Well-Separated Means)
[ROUTING] Selected Algorithm 3.1 (Well-Separated Means)
[ROUTING] Selected Algorithm 3.1 (Well-Separated Means)
[ROUTING] Overriding: Geometry Fully Obscured. Selected Fallback (Single Component)
[ROUTING] Overriding: Geometry Fully Obscured. Selected Fallback (Single Component)
[ROUTING] Selected Algorithm 3.1 (Well-Separated Means)
[ROUTING] Selected Algorithm 3.1 (Well-Separated Means)
[ROUTING] Selected Algorithm 3.1 (Well-Separated Means)
[ROUTING] Selected Algorithm 3.1 (Well-Separated Means)
[ROUTING] Selected Algorithm 3.1 (Well-Separated Means)
[ROUTING] Selected Algorithm 3.1 (Well-Separated Means)
[ROUTING] Selected Algorithm 3.1 (Well-Separated Means)
[ROUTING] Selected Algorithm 3.1 (Well-Separated Means)
[ROUTING] Overriding: Geometry Fully Obscured. Selected Fallback (Single Component)
[ROUTING] Selected Algorithm 3.1 (Well-Separated Means)
[ROUTING] Overriding: Geometry Fully Obscured. Selected Fallback (Single Component)
[ROUTING] Selected Algorithm 3.1 (Well-Separated Means)
[ROUTING] Selected Algorithm 3.1 (Well-Separated Means)
[ROUTING] Overriding: Geometry Fully Obscured. Selected Fallback (Single Component)
[ROUTING] Selected Algorithm 3.1 (Well-Separated Means)
[ROUTING] Selected Algorithm 3.1 (Well-Separated Means)
[ROUTING] Selected Algorithm 3.1 (Well-Separated Means)
[ROUTING] Selected Algorithm 3.1 (Well-Separated Means)
[ROUTING] Selected Algorithm 3.1 (Well-Separated Means)
[ROUTING] Selected Algorithm 3.1 (Well-Separated Means)
[ROUTING] Selected Algorithm 3.1 (Well-Separated Means)
[ROUTING] Selected Algorithm 3.1 (Well-Separated Means)
[ROUTING] Selected Algorithm 3.1 (Well-Separated Means)
[ROUTING] Selected Algorithm 3.1 (Well-Separated Means)
[ROUTING] Selected Algorithm 3.1 (Well-Separated Means)
[ROUTING] Selected Algorithm 3.1 (Well-Separated Means)
[ROUTING] Selected Algorithm 3.1 (Well-Separated Means)
[ROUTING] Selected Algorithm 3.1 (Well-Separated Means)
[ROUTING] Selected Algorithm 3.1 (Well-Separated Means)
[ROUTING] Selected Algorithm 3.1 (Well-Separated Means)
[ROUTING] Selected Algorithm 3.1 (Well-Separated Means)

[Alg C] Running Voting Filter to isolate means out of mesh space...

[Alg C] Vectorizing Covariance Grid Search...
[Alg C] Evaluating variances across 1D projection ensemble...
[Alg C] Polishing Covariance Estimates via Least Squares Regression...
[Alg C] Aligning Mean and Covariance Permutations...
[Alg C] Successfully bounded and extracted theoretical centers and covariances!

=== Recovered Means ===
Expected mu1: -1.5 0.5 1.5 -0.5 
Expected mu2: 1.5 -0.5 -1.5 0.5 

Recovered A: -1.983 0.071 1.303 -0.753 
Recovered B: 2.099 -0.745 -1.555 0.064 

=== Recovered Sigmas (Diagonals) ===
Expected sigma1: 1 1 1 1 
Expected sigma2: 1 1 1 1 

Recovered A Sigma Diag: 0.996 1.015 0.998 1.001 
Recovered B Sigma Diag: 1.008 0.977 0.99 1.025 

Frobenius Norm Error A: 0.0238
Frobenius Norm Error B: 0.0410

Max coordinate error bound (L_inf): 0.5986


=======================================================
=== Instance 2: Tighter Geometric Geometry ===
=======================================================
[Alg C] Step 1: Estimating max coordinate variance layer...
[Alg C] Max coordinate variance scale isolated: 2.0021
[Alg C] Step 2: Locating spatial geometry center through 1D marginals...
[ROUTING] Selected Algorithm 3.1 (Well-Separated Means)
[ROUTING] Selected Algorithm 3.1 (Well-Separated Means)
[ROUTING] Selected Algorithm 3.1 (Well-Separated Means)
[ROUTING] Selected Algorithm 3.1 (Well-Separated Means)
[Alg C] Constructing symmetric 4D candidate mesh grids...
[Alg C] Generated 83521 discrete vector candidates.
[Alg C] Generated 10485760 discrete covariance matrices.
[Alg C] Broadcasting over 144 bounded random structural projections (a_i ~ N_9^4)...
[ROUTING] Selected Algorithm 3.1 (Well-Separated Means)
[ROUTING] Overriding: Geometry Fully Obscured. Selected Fallback (Single Component)
[ROUTING] Selected Algorithm 3.1 (Well-Separated Means)
[ROUTING] Selected Algorithm 3.1 (Well-Separated Means)
[ROUTING] Selected Algorithm 3.1 (Well-Separated Means)
[ROUTING] Selected Algorithm 3.1 (Well-Separated Means)
[ROUTING] Selected Algorithm 3.1 (Well-Separated Means)
[ROUTING] Selected Algorithm 3.1 (Well-Separated Means)
[ROUTING] Overriding: Geometry Fully Obscured. Selected Fallback (Single Component)
[ROUTING] Selected Algorithm 3.1 (Well-Separated Means)
[ROUTING] Selected Algorithm 3.1 (Well-Separated Means)
[ROUTING] Selected Algorithm 3.1 (Well-Separated Means)
[ROUTING] Selected Algorithm 3.1 (Well-Separated Means)
[ROUTING] Selected Algorithm 3.1 (Well-Separated Means)
[ROUTING] Overriding: Geometry Fully Obscured. Selected Fallback (Single Component)
[ROUTING] Overriding: Geometry Fully Obscured. Selected Fallback (Single Component)
[ROUTING] Selected Algorithm 3.1 (Well-Separated Means)
[ROUTING] Selected Algorithm 3.1 (Well-Separated Means)
[ROUTING] Selected Algorithm 3.1 (Well-Separated Means)
[ROUTING] Overriding: Geometry Fully Obscured. Selected Fallback (Single Component)
[ROUTING] Selected Algorithm 3.1 (Well-Separated Means)
[ROUTING] Selected Algorithm 3.1 (Well-Separated Means)
[ROUTING] Selected Algorithm 3.1 (Well-Separated Means)
[ROUTING] Overriding: Geometry Fully Obscured. Selected Fallback (Single Component)
[ROUTING] Selected Algorithm 3.1 (Well-Separated Means)
[ROUTING] Selected Algorithm 3.1 (Well-Separated Means)
[ROUTING] Selected Algorithm 3.1 (Well-Separated Means)
[ROUTING] Selected Algorithm 3.1 (Well-Separated Means)
[ROUTING] Selected Algorithm 3.1 (Well-Separated Means)
[ROUTING] Selected Algorithm 3.1 (Well-Separated Means)
[ROUTING] Selected Algorithm 3.1 (Well-Separated Means)
[ROUTING] Selected Algorithm 3.1 (Well-Separated Means)
[ROUTING] Overriding: Geometry Fully Obscured. Selected Fallback (Single Component)
[ROUTING] Selected Algorithm 3.1 (Well-Separated Means)
[ROUTING] Selected Algorithm 3.1 (Well-Separated Means)
[ROUTING] Selected Algorithm 3.1 (Well-Separated Means)
[ROUTING] Selected Algorithm 3.1 (Well-Separated Means)
[ROUTING] Overriding: Geometry Fully Obscured. Selected Fallback (Single Component)
[ROUTING] Overriding: Geometry Fully Obscured. Selected Fallback (Single Component)
[ROUTING] Selected Algorithm 3.1 (Well-Separated Means)
[ROUTING] Selected Algorithm 3.1 (Well-Separated Means)
[ROUTING] Selected Algorithm 3.1 (Well-Separated Means)
[ROUTING] Selected Algorithm 3.1 (Well-Separated Means)
[ROUTING] Overriding: Geometry Fully Obscured. Selected Fallback (Single Component)
[ROUTING] Selected Algorithm 3.1 (Well-Separated Means)
[ROUTING] Selected Algorithm 3.1 (Well-Separated Means)
[ROUTING] Selected Algorithm 3.1 (Well-Separated Means)
[ROUTING] Selected Algorithm 3.1 (Well-Separated Means)
[ROUTING] Overriding: Geometry Fully Obscured. Selected Fallback (Single Component)
[ROUTING] Selected Algorithm 3.1 (Well-Separated Means)
[ROUTING] Selected Algorithm 3.1 (Well-Separated Means)
[ROUTING] Selected Algorithm 3.1 (Well-Separated Means)
[ROUTING] Selected Algorithm 3.1 (Well-Separated Means)
[ROUTING] Selected Algorithm 3.1 (Well-Separated Means)
[ROUTING] Selected Algorithm 3.1 (Well-Separated Means)
[ROUTING] Selected Algorithm 3.1 (Well-Separated Means)
[ROUTING] Selected Algorithm 3.1 (Well-Separated Means)
[ROUTING] Overriding: Geometry Fully Obscured. Selected Fallback (Single Component)
[ROUTING] Selected Algorithm 3.1 (Well-Separated Means)
[ROUTING] Overriding: Geometry Fully Obscured. Selected Fallback (Single Component)
[ROUTING] Selected Algorithm 3.1 (Well-Separated Means)
[ROUTING] Overriding: Geometry Fully Obscured. Selected Fallback (Single Component)
[ROUTING] Selected Algorithm 3.1 (Well-Separated Means)
[ROUTING] Selected Algorithm 3.1 (Well-Separated Means)
[ROUTING] Selected Algorithm 3.1 (Well-Separated Means)
[ROUTING] Selected Algorithm 3.1 (Well-Separated Means)
[ROUTING] Selected Algorithm 3.1 (Well-Separated Means)
[ROUTING] Selected Algorithm 3.1 (Well-Separated Means)
[ROUTING] Selected Algorithm 3.1 (Well-Separated Means)
[ROUTING] Overriding: Geometry Fully Obscured. Selected Fallback (Single Component)
[ROUTING] Selected Algorithm 3.1 (Well-Separated Means)
[ROUTING] Selected Algorithm 3.1 (Well-Separated Means)
[ROUTING] Selected Algorithm 3.1 (Well-Separated Means)
[ROUTING] Selected Algorithm 3.1 (Well-Separated Means)
[ROUTING] Selected Algorithm 3.1 (Well-Separated Means)
[ROUTING] Selected Algorithm 3.1 (Well-Separated Means)
[ROUTING] Selected Algorithm 3.1 (Well-Separated Means)
[ROUTING] Selected Algorithm 3.1 (Well-Separated Means)
[ROUTING] Selected Algorithm 3.1 (Well-Separated Means)
[ROUTING] Selected Algorithm 3.1 (Well-Separated Means)
[ROUTING] Overriding: Geometry Fully Obscured. Selected Fallback (Single Component)
[ROUTING] Selected Algorithm 3.1 (Well-Separated Means)
[ROUTING] Overriding: Geometry Fully Obscured. Selected Fallback (Single Component)
[ROUTING] Selected Algorithm 3.1 (Well-Separated Means)
[ROUTING] Selected Algorithm 3.1 (Well-Separated Means)
[ROUTING] Selected Algorithm 3.1 (Well-Separated Means)
[ROUTING] Selected Algorithm 3.1 (Well-Separated Means)
[ROUTING] Overriding: Geometry Fully Obscured. Selected Fallback (Single Component)
[ROUTING] Selected Algorithm 3.1 (Well-Separated Means)
[ROUTING] Selected Algorithm 3.1 (Well-Separated Means)
[ROUTING] Selected Algorithm 3.1 (Well-Separated Means)
[ROUTING] Selected Algorithm 3.1 (Well-Separated Means)
[ROUTING] Overriding: Geometry Fully Obscured. Selected Fallback (Single Component)
[ROUTING] Selected Algorithm 3.1 (Well-Separated Means)
[ROUTING] Selected Algorithm 3.1 (Well-Separated Means)
[ROUTING] Overriding: Geometry Fully Obscured. Selected Fallback (Single Component)
[ROUTING] Selected Algorithm 3.1 (Well-Separated Means)
[ROUTING] Selected Algorithm 3.1 (Well-Separated Means)
[ROUTING] Selected Algorithm 3.1 (Well-Separated Means)
[ROUTING] Overriding: Geometry Fully Obscured. Selected Fallback (Single Component)
[ROUTING] Overriding: Geometry Fully Obscured. Selected Fallback (Single Component)
[ROUTING] Selected Algorithm 3.1 (Well-Separated Means)
[ROUTING] Selected Algorithm 3.1 (Well-Separated Means)
[ROUTING] Selected Algorithm 3.1 (Well-Separated Means)
[ROUTING] Overriding: Geometry Fully Obscured. Selected Fallback (Single Component)
[ROUTING] Selected Algorithm 3.1 (Well-Separated Means)
[ROUTING] Overriding: Geometry Fully Obscured. Selected Fallback (Single Component)
[ROUTING] Overriding: Geometry Fully Obscured. Selected Fallback (Single Component)
[ROUTING] Selected Algorithm 3.1 (Well-Separated Means)
[ROUTING] Selected Algorithm 3.1 (Well-Separated Means)
[ROUTING] Selected Algorithm 3.1 (Well-Separated Means)
[ROUTING] Selected Algorithm 3.1 (Well-Separated Means)
[ROUTING] Selected Algorithm 3.1 (Well-Separated Means)
[ROUTING] Overriding: Geometry Fully Obscured. Selected Fallback (Single Component)
[ROUTING] Selected Algorithm 3.1 (Well-Separated Means)
[ROUTING] Selected Algorithm 3.1 (Well-Separated Means)
[ROUTING] Selected Algorithm 3.1 (Well-Separated Means)
[ROUTING] Selected Algorithm 3.1 (Well-Separated Means)
[ROUTING] Selected Algorithm 3.1 (Well-Separated Means)
[ROUTING] Selected Algorithm 3.1 (Well-Separated Means)
[ROUTING] Selected Algorithm 3.1 (Well-Separated Means)
[ROUTING] Selected Algorithm 3.1 (Well-Separated Means)
[ROUTING] Selected Algorithm 3.1 (Well-Separated Means)
[ROUTING] Selected Algorithm 3.1 (Well-Separated Means)
[ROUTING] Overriding: Geometry Fully Obscured. Selected Fallback (Single Component)
[ROUTING] Selected Algorithm 3.1 (Well-Separated Means)
[ROUTING] Selected Algorithm 3.1 (Well-Separated Means)
[ROUTING] Selected Algorithm 3.1 (Well-Separated Means)
[ROUTING] Selected Algorithm 3.1 (Well-Separated Means)
[ROUTING] Overriding: Geometry Fully Obscured. Selected Fallback (Single Component)
[ROUTING] Selected Algorithm 3.1 (Well-Separated Means)
[ROUTING] Selected Algorithm 3.1 (Well-Separated Means)
[ROUTING] Selected Algorithm 3.1 (Well-Separated Means)
[ROUTING] Overriding: Geometry Fully Obscured. Selected Fallback (Single Component)
[ROUTING] Selected Algorithm 3.1 (Well-Separated Means)
[ROUTING] Selected Algorithm 3.1 (Well-Separated Means)
[ROUTING] Selected Algorithm 3.1 (Well-Separated Means)
[ROUTING] Selected Algorithm 3.1 (Well-Separated Means)
[ROUTING] Selected Algorithm 3.1 (Well-Separated Means)
[ROUTING] Selected Algorithm 3.1 (Well-Separated Means)
[ROUTING] Selected Algorithm 3.1 (Well-Separated Means)
[ROUTING] Overriding: Geometry Fully Obscured. Selected Fallback (Single Component)
[ROUTING] Selected Algorithm 3.1 (Well-Separated Means)
[ROUTING] Selected Algorithm 3.1 (Well-Separated Means)

[Alg C] Running Voting Filter to isolate means out of mesh space...

[Alg C] Vectorizing Covariance Grid Search...
[Alg C] Evaluating variances across 1D projection ensemble...
[Alg C] Polishing Covariance Estimates via Least Squares Regression...
[Alg C] Aligning Mean and Covariance Permutations...
[Alg C] Successfully bounded and extracted theoretical centers and covariances!

=== Recovered Means ===
Expected mu1: -1 -1 1 1 
Expected mu2: 1 1 -1 -1 

Recovered A: 0.563 1.582 -1.13 -1.129 
Recovered B: -0.795 -1.814 0.907 0.908 

=== Recovered Sigmas (Diagonals) ===
Expected sigma1: 1 1 1 1 
Expected sigma2: 1 1 1 1 

Recovered A Sigma Diag: 1.071 0.961 1.118 0.911 
Recovered B Sigma Diag: 0.866 1.11 0.922 1.074 

Frobenius Norm Error A: 0.3180
Frobenius Norm Error B: 0.3502

Max coordinate error bound (L_inf): 0.8142


=======================================================
=== Instance 3: Heterogeneous Dimensional Variances ===
=======================================================
[Alg C] Step 1: Estimating max coordinate variance layer...
[Alg C] Max coordinate variance scale isolated: 5.3413
[Alg C] Step 2: Locating spatial geometry center through 1D marginals...
[ROUTING] Selected Algorithm 3.1 (Well-Separated Means)
[ROUTING] Selected Algorithm 3.1 (Well-Separated Means)
[ROUTING] Selected Algorithm 3.1 (Well-Separated Means)
[ROUTING] Selected Fallback (Single Component)
[Alg C] Constructing symmetric 4D candidate mesh grids...
[Alg C] Generated 83521 discrete vector candidates.
[Alg C] Generated 10485760 discrete covariance matrices.
[Alg C] Broadcasting over 144 bounded random structural projections (a_i ~ N_9^4)...
[ROUTING] Selected Algorithm 3.1 (Well-Separated Means)
[ROUTING] Overriding: Geometry Fully Obscured. Selected Fallback (Single Component)
[ROUTING] Selected Algorithm 3.1 (Well-Separated Means)
[ROUTING] Selected Algorithm 3.1 (Well-Separated Means)
[ROUTING] Selected Algorithm 3.1 (Well-Separated Means)
[ROUTING] Selected Algorithm 3.1 (Well-Separated Means)
[ROUTING] Selected Algorithm 3.1 (Well-Separated Means)
[ROUTING] Selected Algorithm 3.1 (Well-Separated Means)
[ROUTING] Selected Algorithm 3.1 (Well-Separated Means)
[ROUTING] Selected Algorithm 3.1 (Well-Separated Means)
[ROUTING] Selected Algorithm 3.1 (Well-Separated Means)
[ROUTING] Selected Algorithm 3.1 (Well-Separated Means)
[ROUTING] Selected Algorithm 3.1 (Well-Separated Means)
[ROUTING] Selected Algorithm 3.1 (Well-Separated Means)
[ROUTING] Selected Algorithm 3.1 (Well-Separated Means)
[ROUTING] Selected Algorithm 3.1 (Well-Separated Means)
[ROUTING] Selected Algorithm 3.1 (Well-Separated Means)
[ROUTING] Selected Algorithm 3.1 (Well-Separated Means)
[ROUTING] Selected Algorithm 3.1 (Well-Separated Means)
[ROUTING] Selected Algorithm 3.1 (Well-Separated Means)
[ROUTING] Selected Algorithm 3.1 (Well-Separated Means)
[ROUTING] Overriding: Geometry Fully Obscured. Selected Fallback (Single Component)
[ROUTING] Selected Algorithm 3.1 (Well-Separated Means)
[ROUTING] Selected Algorithm 3.1 (Well-Separated Means)
[ROUTING] Selected Algorithm 3.1 (Well-Separated Means)
[ROUTING] Selected Algorithm 3.1 (Well-Separated Means)
[ROUTING] Overriding: Geometry Fully Obscured. Selected Fallback (Single Component)
[ROUTING] Overriding: Geometry Fully Obscured. Selected Fallback (Single Component)
[ROUTING] Selected Algorithm 3.1 (Well-Separated Means)
[ROUTING] Selected Algorithm 3.1 (Well-Separated Means)
[ROUTING] Selected Algorithm 3.1 (Well-Separated Means)
[ROUTING] Selected Algorithm 3.1 (Well-Separated Means)
[ROUTING] Selected Algorithm 3.1 (Well-Separated Means)
[ROUTING] Selected Algorithm 3.1 (Well-Separated Means)
[ROUTING] Selected Algorithm 3.1 (Well-Separated Means)
[ROUTING] Selected Algorithm 3.1 (Well-Separated Means)
[ROUTING] Selected Algorithm 3.1 (Well-Separated Means)
[ROUTING] Selected Algorithm 3.1 (Well-Separated Means)
[ROUTING] Overriding: Geometry Fully Obscured. Selected Fallback (Single Component)
[ROUTING] Selected Algorithm 3.1 (Well-Separated Means)
[ROUTING] Selected Algorithm 3.1 (Well-Separated Means)
[ROUTING] Selected Algorithm 3.1 (Well-Separated Means)
[ROUTING] Selected Algorithm 3.1 (Well-Separated Means)
[ROUTING] Selected Algorithm 3.1 (Well-Separated Means)
[ROUTING] Selected Algorithm 3.1 (Well-Separated Means)
[ROUTING] Selected Algorithm 3.1 (Well-Separated Means)
[ROUTING] Selected Algorithm 3.1 (Well-Separated Means)
[ROUTING] Selected Algorithm 3.1 (Well-Separated Means)
[ROUTING] Selected Algorithm 3.1 (Well-Separated Means)
[ROUTING] Selected Algorithm 3.1 (Well-Separated Means)
[ROUTING] Selected Algorithm 3.1 (Well-Separated Means)
[ROUTING] Overriding: Geometry Fully Obscured. Selected Fallback (Single Component)
[ROUTING] Selected Algorithm 3.1 (Well-Separated Means)
[ROUTING] Selected Algorithm 3.1 (Well-Separated Means)
[ROUTING] Selected Algorithm 3.1 (Well-Separated Means)
[ROUTING] Selected Algorithm 3.1 (Well-Separated Means)
[ROUTING] Selected Fallback (Single Component)
[ROUTING] Overriding: Geometry Fully Obscured. Selected Fallback (Single Component)
[ROUTING] Selected Algorithm 3.1 (Well-Separated Means)
[ROUTING] Selected Algorithm 3.1 (Well-Separated Means)
[ROUTING] Selected Algorithm 3.1 (Well-Separated Means)
[ROUTING] Selected Algorithm 3.1 (Well-Separated Means)
[ROUTING] Selected Algorithm 3.1 (Well-Separated Means)
[ROUTING] Selected Algorithm 3.1 (Well-Separated Means)
[ROUTING] Overriding: Geometry Fully Obscured. Selected Fallback (Single Component)
[ROUTING] Selected Algorithm 3.1 (Well-Separated Means)
[ROUTING] Selected Algorithm 3.1 (Well-Separated Means)
[ROUTING] Selected Algorithm 3.1 (Well-Separated Means)
[ROUTING] Selected Algorithm 3.1 (Well-Separated Means)
[ROUTING] Selected Algorithm 3.1 (Well-Separated Means)
[ROUTING] Selected Algorithm 3.1 (Well-Separated Means)
[ROUTING] Selected Algorithm 3.1 (Well-Separated Means)
[ROUTING] Selected Algorithm 3.1 (Well-Separated Means)
[ROUTING] Selected Algorithm 3.1 (Well-Separated Means)
[ROUTING] Selected Algorithm 3.1 (Well-Separated Means)
[ROUTING] Selected Algorithm 3.1 (Well-Separated Means)
[ROUTING] Selected Algorithm 3.1 (Well-Separated Means)
[ROUTING] Selected Algorithm 3.1 (Well-Separated Means)
[ROUTING] Selected Algorithm 3.1 (Well-Separated Means)
[ROUTING] Selected Algorithm 3.1 (Well-Separated Means)
[ROUTING] Selected Algorithm 3.1 (Well-Separated Means)
[ROUTING] Selected Algorithm 3.1 (Well-Separated Means)
[ROUTING] Selected Algorithm 3.1 (Well-Separated Means)
[ROUTING] Selected Algorithm 3.1 (Well-Separated Means)
[ROUTING] Selected Algorithm 3.1 (Well-Separated Means)
[ROUTING] Selected Algorithm 3.1 (Well-Separated Means)
[ROUTING] Selected Algorithm 3.1 (Well-Separated Means)
[ROUTING] Selected Algorithm 3.1 (Well-Separated Means)
[ROUTING] Selected Algorithm 3.1 (Well-Separated Means)
[ROUTING] Selected Algorithm 3.1 (Well-Separated Means)
[ROUTING] Selected Algorithm 3.1 (Well-Separated Means)
[ROUTING] Selected Algorithm 3.1 (Well-Separated Means)
[ROUTING] Selected Algorithm 3.1 (Well-Separated Means)
[ROUTING] Selected Algorithm 3.1 (Well-Separated Means)
[ROUTING] Selected Algorithm 3.1 (Well-Separated Means)
[ROUTING] Selected Algorithm 3.1 (Well-Separated Means)
[ROUTING] Overriding: Geometry Fully Obscured. Selected Fallback (Single Component)
[ROUTING] Overriding: Geometry Fully Obscured. Selected Fallback (Single Component)
[ROUTING] Selected Algorithm 3.1 (Well-Separated Means)
[ROUTING] Selected Algorithm 3.1 (Well-Separated Means)
[ROUTING] Selected Algorithm 3.1 (Well-Separated Means)
[ROUTING] Selected Algorithm 3.1 (Well-Separated Means)
[ROUTING] Selected Algorithm 3.1 (Well-Separated Means)
[ROUTING] Overriding: Geometry Fully Obscured. Selected Fallback (Single Component)
[ROUTING] Selected Algorithm 3.1 (Well-Separated Means)
[ROUTING] Selected Algorithm 3.1 (Well-Separated Means)
[ROUTING] Selected Algorithm 3.1 (Well-Separated Means)
[ROUTING] Selected Algorithm 3.1 (Well-Separated Means)
[ROUTING] Selected Algorithm 3.1 (Well-Separated Means)
[ROUTING] Selected Algorithm 3.1 (Well-Separated Means)
[ROUTING] Selected Algorithm 3.1 (Well-Separated Means)
[ROUTING] Overriding: Geometry Fully Obscured. Selected Fallback (Single Component)
[ROUTING] Selected Algorithm 3.1 (Well-Separated Means)
[ROUTING] Selected Algorithm 3.1 (Well-Separated Means)
[ROUTING] Selected Algorithm 3.1 (Well-Separated Means)
[ROUTING] Selected Algorithm 3.1 (Well-Separated Means)
[ROUTING] Selected Algorithm 3.1 (Well-Separated Means)
[ROUTING] Selected Algorithm 3.1 (Well-Separated Means)
[ROUTING] Selected Algorithm 3.1 (Well-Separated Means)
[ROUTING] Selected Algorithm 3.1 (Well-Separated Means)
[ROUTING] Selected Algorithm 3.1 (Well-Separated Means)
[ROUTING] Selected Algorithm 3.1 (Well-Separated Means)
[ROUTING] Selected Algorithm 3.1 (Well-Separated Means)
[ROUTING] Overriding: Geometry Fully Obscured. Selected Fallback (Single Component)
[ROUTING] Selected Algorithm 3.1 (Well-Separated Means)
[ROUTING] Selected Algorithm 3.1 (Well-Separated Means)
[ROUTING] Selected Algorithm 3.1 (Well-Separated Means)
[ROUTING] Selected Algorithm 3.1 (Well-Separated Means)
[ROUTING] Selected Algorithm 3.1 (Well-Separated Means)
[ROUTING] Selected Algorithm 3.1 (Well-Separated Means)
[ROUTING] Selected Algorithm 3.1 (Well-Separated Means)
[ROUTING] Selected Algorithm 3.1 (Well-Separated Means)
[ROUTING] Selected Algorithm 3.1 (Well-Separated Means)
[ROUTING] Selected Algorithm 3.1 (Well-Separated Means)
[ROUTING] Selected Algorithm 3.1 (Well-Separated Means)
[ROUTING] Selected Algorithm 3.1 (Well-Separated Means)
[ROUTING] Selected Algorithm 3.1 (Well-Separated Means)
[ROUTING] Selected Algorithm 3.1 (Well-Separated Means)
[ROUTING] Selected Algorithm 3.1 (Well-Separated Means)
[ROUTING] Selected Algorithm 3.1 (Well-Separated Means)
[ROUTING] Selected Algorithm 3.1 (Well-Separated Means)
[ROUTING] Selected Algorithm 3.1 (Well-Separated Means)
[ROUTING] Selected Algorithm 3.1 (Well-Separated Means)
[ROUTING] Selected Algorithm 3.1 (Well-Separated Means)

[Alg C] Running Voting Filter to isolate means out of mesh space...

[Alg C] Vectorizing Covariance Grid Search...
[Alg C] Evaluating variances across 1D projection ensemble...
[Alg C] Polishing Covariance Estimates via Least Squares Regression...
[Alg C] Aligning Mean and Covariance Permutations...
[Alg C] Successfully bounded and extracted theoretical centers and covariances!

=== Recovered Means ===
Expected mu1: -2 0 2 0 
Expected mu2: 2 0 -2 0 

Recovered A: 1.881 -0.185 -2.809 -0.738 
Recovered B: -2.002 -0.185 2.738 -0.738 

=== Recovered Sigmas (Diagonals) ===
Expected sigma1: 0.5 1 1.5 2 
Expected sigma2: 0.5 1 1.5 2 

Recovered A Sigma Diag: 0.485 1.036 1.5 2.012 
Recovered B Sigma Diag: 0.506 0.974 1.486 1.984 

Frobenius Norm Error A: 0.0414
Frobenius Norm Error B: 0.0490

Max coordinate error bound (L_inf): 0.8087
