During startup - Warning messages:
1: Setting LC_CTYPE failed, using "C" 
2: Setting LC_COLLATE failed, using "C" 
3: Setting LC_TIME failed, using "C" 
4: Setting LC_MESSAGES failed, using "C" 
5: Setting LC_MONETARY failed, using "C" 
6: Setting LC_PAPER failed, using "C" 
7: Setting LC_MEASUREMENT failed, using "C" 
Package 'mclust' version 6.1.2
Type 'citation("mclust")' for citing this R package in publications.
Loading required package: iterators
Loading required package: parallel
Loaded glmnet 4.1-10

Attaching package: 'matrixStats'

The following object is masked from 'package:mclust':

    count


Attaching package: 'CVXR'

The following object is masked from 'package:kernlab':

    size

The following object is masked from 'package:MASS':

    huber

The following object is masked from 'package:stats':

    power

There were 50 or more warnings (use warnings() to see the first 50)
