
==========================================
--- Gaussian Known-Covariance Started at 2026-04-02 15:43:16 ---
==========================================
Registered doParallel backend with 15 cores.

--- Dimension p = 1000 ---
[2026-04-02 15:46:32] Rep 4, p = 1000: Witten [feat = 339, acc = 0.975], Arias [feat = 20, acc = 0.975], IF-PCA [feat = 40, acc = 0.515], SCVX [acc = 0.900]
[2026-04-02 15:46:39] Rep 10, p = 1000: Witten [feat = 498, acc = 0.965], Arias [feat = 20, acc = 0.985], IF-PCA [feat = 120, acc = 0.515], SCVX [acc = 0.915]
[2026-04-02 15:46:47] Rep 15, p = 1000: Witten [feat = 542, acc = 0.530], Arias [feat = 20, acc = 0.960], IF-PCA [feat = 155, acc = 0.545], SCVX [acc = 0.825]
[2026-04-02 15:46:48] Rep 7, p = 1000: Witten [feat = 253, acc = 0.950], Arias [feat = 60, acc = 0.950], IF-PCA [feat = 30, acc = 0.505], SCVX [acc = 0.875]
[2026-04-02 15:46:48] Rep 8, p = 1000: Witten [feat = 203, acc = 0.600], Arias [feat = 120, acc = 0.945], IF-PCA [feat = 211, acc = 0.635], SCVX [acc = 0.910]
[2026-04-02 15:46:56] Rep 6, p = 1000: Witten [feat = 122, acc = 0.515], Arias [feat = 180, acc = 0.945], IF-PCA [feat = 89, acc = 0.590], SCVX [acc = 0.845]
[2026-04-02 15:46:58] Rep 13, p = 1000: Witten [feat = 390, acc = 0.945], Arias [feat = 40, acc = 0.955], IF-PCA [feat = 301, acc = 0.550], SCVX [acc = 0.815]
[2026-04-02 15:47:03] Rep 14, p = 1000: Witten [feat = 283, acc = 0.515], Arias [feat = 20, acc = 0.985], IF-PCA [feat = 36, acc = 0.540], SCVX [acc = 0.820]
[2026-04-02 15:47:10] Rep 9, p = 1000: Witten [feat = 167, acc = 0.970], Arias [feat = 80, acc = 0.960], IF-PCA [feat = 141, acc = 0.545], SCVX [acc = 0.880]
[2026-04-02 15:47:41] Rep 1, p = 1000: Witten [feat = 180, acc = 0.980], Arias [feat = 40, acc = 0.985], IF-PCA [feat = 493, acc = 0.530], SCVX [acc = 0.885]
[2026-04-02 15:47:51] Rep 11, p = 1000: Witten [feat = 163, acc = 0.965], Arias [feat = 20, acc = 0.965], IF-PCA [feat = 336, acc = 0.560], SCVX [acc = 0.890]
[2026-04-02 15:47:53] Rep 5, p = 1000: Witten [feat = 178, acc = 0.975], Arias [feat = 40, acc = 0.960], IF-PCA [feat = 116, acc = 0.550], SCVX [acc = 0.875]
[2026-04-02 15:47:56] Rep 12, p = 1000: Witten [feat = 475, acc = 0.510], Arias [feat = 120, acc = 0.890], IF-PCA [feat = 56, acc = 0.560], SCVX [acc = 0.710]
[2026-04-02 15:47:57] Rep 3, p = 1000: Witten [feat = 11, acc = 0.960], Arias [feat = 40, acc = 0.970], IF-PCA [feat = 87, acc = 0.505], SCVX [acc = 0.850]
[2026-04-02 15:48:16] Rep 2, p = 1000: Witten [feat = 105, acc = 0.975], Arias [feat = 20, acc = 0.975], IF-PCA [feat = 126, acc = 0.580], SCVX [acc = 0.820]
[2026-04-02 15:51:06] Rep 16, p = 1000: Witten [feat = 282, acc = 0.535], Arias [feat = 140, acc = 0.930], IF-PCA [feat = 29, acc = 0.550], SCVX [acc = 0.890]
[2026-04-02 15:51:09] Rep 18, p = 1000: Witten [feat = 152, acc = 0.520], Arias [feat = 40, acc = 0.950], IF-PCA [feat = 219, acc = 0.545], SCVX [acc = 0.730]
[2026-04-02 15:51:19] Rep 22, p = 1000: Witten [feat = 235, acc = 0.945], Arias [feat = 40, acc = 0.960], IF-PCA [feat = 22, acc = 0.505], SCVX [acc = 0.790]
[2026-04-02 15:51:19] Rep 19, p = 1000: Witten [feat = 678, acc = 0.975], Arias [feat = 40, acc = 0.965], IF-PCA [feat = 113, acc = 0.550], SCVX [acc = 0.960]
[2026-04-02 15:51:41] Rep 21, p = 1000: Witten [feat = 10, acc = 0.990], Arias [feat = 20, acc = 0.985], IF-PCA [feat = 344, acc = 0.510], SCVX [acc = 0.845]
[2026-04-02 15:51:48] Rep 17, p = 1000: Witten [feat = 154, acc = 0.970], Arias [feat = 20, acc = 0.960], IF-PCA [feat = 429, acc = 0.520], SCVX [acc = 0.800]
[2026-04-02 15:51:58] Rep 24, p = 1000: Witten [feat = 325, acc = 0.970], Arias [feat = 80, acc = 0.975], IF-PCA [feat = 342, acc = 0.535], SCVX [acc = 0.830]
[2026-04-02 15:52:00] Rep 20, p = 1000: Witten [feat = 289, acc = 0.955], Arias [feat = 60, acc = 0.520], IF-PCA [feat = 22, acc = 0.530], SCVX [acc = 0.885]
[2026-04-02 15:52:04] Rep 23, p = 1000: Witten [feat = 224, acc = 0.955], Arias [feat = 20, acc = 0.955], IF-PCA [feat = 39, acc = 0.550], SCVX [acc = 0.795]
[2026-04-02 15:52:13] Rep 28, p = 1000: Witten [feat = 426, acc = 0.950], Arias [feat = 20, acc = 0.965], IF-PCA [feat = 277, acc = 0.540], SCVX [acc = 0.865]
[2026-04-02 15:52:14] Rep 25, p = 1000: Witten [feat = 11, acc = 0.950], Arias [feat = 20, acc = 0.975], IF-PCA [feat = 123, acc = 0.525], SCVX [acc = 0.855]
[2026-04-02 15:52:24] Rep 26, p = 1000: Witten [feat = 169, acc = 0.510], Arias [feat = 40, acc = 0.955], IF-PCA [feat = 126, acc = 0.695], SCVX [acc = 0.850]
[2026-04-02 15:52:35] Rep 29, p = 1000: Witten [feat = 247, acc = 0.990], Arias [feat = 100, acc = 0.940], IF-PCA [feat = 225, acc = 0.535], SCVX [acc = 0.900]
[2026-04-02 15:52:39] Rep 30, p = 1000: Witten [feat = 301, acc = 0.955], Arias [feat = 40, acc = 0.955], IF-PCA [feat = 75, acc = 0.505], SCVX [acc = 0.875]
[2026-04-02 15:53:08] Rep 27, p = 1000: Witten [feat = 281, acc = 0.940], Arias [feat = 40, acc = 0.955], IF-PCA [feat = 201, acc = 0.575], SCVX [acc = 0.765]
[2026-04-02 15:55:32] Rep 39, p = 1000: Witten [feat = 420, acc = 0.940], Arias [feat = 80, acc = 0.920], IF-PCA [feat = 117, acc = 0.530], SCVX [acc = 0.825]
[2026-04-02 15:55:57] Rep 34, p = 1000: Witten [feat = 183, acc = 0.970], Arias [feat = 40, acc = 0.935], IF-PCA [feat = 351, acc = 0.555], SCVX [acc = 0.840]
[2026-04-02 15:55:59] Rep 38, p = 1000: Witten [feat = 218, acc = 0.975], Arias [feat = 200, acc = 0.750], IF-PCA [feat = 461, acc = 0.575], SCVX [acc = 0.840]
[2026-04-02 15:56:12] Rep 31, p = 1000: Witten [feat = 225, acc = 0.975], Arias [feat = 40, acc = 0.960], IF-PCA [feat = 264, acc = 0.535], SCVX [acc = 0.870]
[2026-04-02 15:56:16] Rep 32, p = 1000: Witten [feat = 194, acc = 0.970], Arias [feat = 20, acc = 0.975], IF-PCA [feat = 276, acc = 0.505], SCVX [acc = 0.835]
[2026-04-02 15:56:17] Rep 41, p = 1000: Witten [feat = 407, acc = 0.505], Arias [feat = 40, acc = 0.970], IF-PCA [feat = 19, acc = 0.580], SCVX [acc = 0.845]
[2026-04-02 15:56:22] Rep 33, p = 1000: Witten [feat = 110, acc = 0.975], Arias [feat = 80, acc = 0.970], IF-PCA [feat = 499, acc = 0.695], SCVX [acc = 0.910]
[2026-04-02 15:56:27] Rep 35, p = 1000: Witten [feat = 623, acc = 0.975], Arias [feat = 20, acc = 0.970], IF-PCA [feat = 27, acc = 0.515], SCVX [acc = 0.910]
[2026-04-02 15:56:34] Rep 37, p = 1000: Witten [feat = 10, acc = 0.980], Arias [feat = 20, acc = 0.965], IF-PCA [feat = 135, acc = 0.545], SCVX [acc = 0.920]
[2026-04-02 15:56:37] Rep 36, p = 1000: Witten [feat = 68, acc = 0.985], Arias [feat = 20, acc = 0.965], IF-PCA [feat = 127, acc = 0.525], SCVX [acc = NA]
[2026-04-02 15:56:46] Rep 43, p = 1000: Witten [feat = 89, acc = 0.965], Arias [feat = 200, acc = 0.935], IF-PCA [feat = 89, acc = 0.505], SCVX [acc = 0.865]
[2026-04-02 15:56:46] Rep 42, p = 1000: Witten [feat = 444, acc = 0.560], Arias [feat = 20, acc = 0.985], IF-PCA [feat = 30, acc = 0.565], SCVX [acc = 0.890]
[2026-04-02 15:56:47] Rep 40, p = 1000: Witten [feat = 130, acc = 0.980], Arias [feat = 20, acc = 0.975], IF-PCA [feat = 228, acc = 0.630], SCVX [acc = NA]
[2026-04-02 15:57:08] Rep 44, p = 1000: Witten [feat = 356, acc = 0.580], Arias [feat = 200, acc = 0.875], IF-PCA [feat = 399, acc = 0.525], SCVX [acc = 0.865]
[2026-04-02 15:57:21] Rep 45, p = 1000: Witten [feat = 146, acc = 0.520], Arias [feat = 20, acc = 0.965], IF-PCA [feat = 55, acc = 0.525], SCVX [acc = 0.840]
[2026-04-02 15:59:38] Rep 49, p = 1000: Witten [feat = 403, acc = 0.970], Arias [feat = 40, acc = 0.980], IF-PCA [feat = 217, acc = 0.540], SCVX [acc = 0.845]
[2026-04-02 15:59:55] Rep 47, p = 1000: Witten [feat = 511, acc = 0.965], Arias [feat = 80, acc = 0.540], IF-PCA [feat = 280, acc = 0.510], SCVX [acc = 0.785]
[2026-04-02 15:59:56] Rep 50, p = 1000: Witten [feat = 350, acc = 0.975], Arias [feat = 80, acc = 0.505], IF-PCA [feat = 498, acc = 0.700], SCVX [acc = 0.730]
[2026-04-02 16:00:04] Rep 46, p = 1000: Witten [feat = 438, acc = 0.515], Arias [feat = 20, acc = 0.985], IF-PCA [feat = 240, acc = 0.535], SCVX [acc = 0.850]
[2026-04-02 16:00:09] Rep 51, p = 1000: Witten [feat = 499, acc = 0.990], Arias [feat = 20, acc = 0.980], IF-PCA [feat = 417, acc = 0.605], SCVX [acc = 0.930]
[2026-04-02 16:00:15] Rep 53, p = 1000: Witten [feat = 202, acc = 0.975], Arias [feat = 40, acc = 0.985], IF-PCA [feat = 20, acc = 0.565], SCVX [acc = 0.940]
[2026-04-02 16:00:17] Rep 56, p = 1000: Witten [feat = 144, acc = 0.530], Arias [feat = 260, acc = 0.940], IF-PCA [feat = 331, acc = 0.525], SCVX [acc = 0.870]
[2026-04-02 16:00:20] Rep 52, p = 1000: Witten [feat = 163, acc = 0.960], Arias [feat = 20, acc = 0.965], IF-PCA [feat = 24, acc = 0.505], SCVX [acc = 0.875]
[2026-04-02 16:00:31] Rep 48, p = 1000: Witten [feat = 263, acc = 0.955], Arias [feat = 40, acc = 0.960], IF-PCA [feat = 431, acc = 0.750], SCVX [acc = 0.850]
[2026-04-02 16:00:39] Rep 58, p = 1000: Witten [feat = 550, acc = 0.960], Arias [feat = 180, acc = 0.955], IF-PCA [feat = 68, acc = 0.565], SCVX [acc = 0.835]
[2026-04-02 16:01:11] Rep 54, p = 1000: Witten [feat = 106, acc = 0.970], Arias [feat = 40, acc = 0.970], IF-PCA [feat = 193, acc = 0.560], SCVX [acc = 0.900]
[2026-04-02 16:01:14] Rep 57, p = 1000: Witten [feat = 10, acc = 0.985], Arias [feat = 40, acc = 0.955], IF-PCA [feat = 433, acc = 0.605], SCVX [acc = 0.915]
[2026-04-02 16:01:27] Rep 55, p = 1000: Witten [feat = 10, acc = 0.955], Arias [feat = 20, acc = 0.970], IF-PCA [feat = 328, acc = 0.510], SCVX [acc = NA]
[2026-04-02 16:01:31] Rep 59, p = 1000: Witten [feat = 476, acc = 0.520], Arias [feat = 100, acc = 0.510], IF-PCA [feat = 225, acc = 0.545], SCVX [acc = 0.845]
[2026-04-02 16:01:37] Rep 60, p = 1000: Witten [feat = 163, acc = 0.525], Arias [feat = 20, acc = 0.970], IF-PCA [feat = 33, acc = 0.535], SCVX [acc = 0.835]
[2026-04-02 16:03:43] Rep 61, p = 1000: Witten [feat = 195, acc = 0.975], Arias [feat = 20, acc = 0.970], IF-PCA [feat = 69, acc = 0.530], SCVX [acc = 0.865]
[2026-04-02 16:04:19] Rep 65, p = 1000: Witten [feat = 148, acc = 0.975], Arias [feat = 20, acc = 0.985], IF-PCA [feat = 101, acc = 0.560], SCVX [acc = 0.895]
[2026-04-02 16:04:23] Rep 62, p = 1000: Witten [feat = 10, acc = 0.945], Arias [feat = 40, acc = 0.960], IF-PCA [feat = 82, acc = 0.510], SCVX [acc = 0.875]
[2026-04-02 16:04:31] Rep 63, p = 1000: Witten [feat = 282, acc = 0.515], Arias [feat = 20, acc = 0.965], IF-PCA [feat = 177, acc = 0.535], SCVX [acc = 0.855]
[2026-04-02 16:04:33] Rep 66, p = 1000: Witten [feat = 199, acc = 0.525], Arias [feat = 100, acc = 0.960], IF-PCA [feat = 134, acc = 0.550], SCVX [acc = 0.960]
[2026-04-02 16:05:04] Rep 68, p = 1000: Witten [feat = 10, acc = 0.975], Arias [feat = 60, acc = 0.975], IF-PCA [feat = 261, acc = 0.550], SCVX [acc = 0.875]
[2026-04-02 16:05:10] Rep 64, p = 1000: Witten [feat = 199, acc = 0.505], Arias [feat = 20, acc = 0.975], IF-PCA [feat = 188, acc = 0.560], SCVX [acc = NA]
[2026-04-02 16:05:10] Rep 69, p = 1000: Witten [feat = 131, acc = 0.980], Arias [feat = 20, acc = 0.975], IF-PCA [feat = 147, acc = 0.650], SCVX [acc = 0.905]
[2026-04-02 16:05:18] Rep 67, p = 1000: Witten [feat = 207, acc = 0.955], Arias [feat = 80, acc = 0.950], IF-PCA [feat = 230, acc = 0.540], SCVX [acc = 0.880]
[2026-04-02 16:05:26] Rep 70, p = 1000: Witten [feat = 218, acc = 0.990], Arias [feat = 100, acc = 0.975], IF-PCA [feat = 361, acc = 0.565], SCVX [acc = 0.850]
[2026-04-02 16:05:27] Rep 75, p = 1000: Witten [feat = 508, acc = 0.965], Arias [feat = 80, acc = 0.960], IF-PCA [feat = 64, acc = 0.540], SCVX [acc = 0.865]
[2026-04-02 16:05:48] Rep 73, p = 1000: Witten [feat = 10, acc = 0.975], Arias [feat = 60, acc = 0.975], IF-PCA [feat = 395, acc = 0.515], SCVX [acc = 0.775]
[2026-04-02 16:06:00] Rep 74, p = 1000: Witten [feat = 601, acc = 0.965], Arias [feat = 40, acc = 0.940], IF-PCA [feat = 123, acc = 0.540], SCVX [acc = 0.865]
[2026-04-02 16:06:19] Rep 71, p = 1000: Witten [feat = 10, acc = 0.985], Arias [feat = 180, acc = 0.940], IF-PCA [feat = 19, acc = 0.510], SCVX [acc = 0.830]
[2026-04-02 16:06:19] Rep 72, p = 1000: Witten [feat = 460, acc = 0.960], Arias [feat = 40, acc = 0.930], IF-PCA [feat = 84, acc = 0.555], SCVX [acc = NA]
[2026-04-02 16:08:31] Rep 77, p = 1000: Witten [feat = 99, acc = 0.980], Arias [feat = 40, acc = 0.980], IF-PCA [feat = 351, acc = 0.535], SCVX [acc = 0.900]
[2026-04-02 16:08:37] Rep 80, p = 1000: Witten [feat = 483, acc = 0.520], Arias [feat = 40, acc = 0.975], IF-PCA [feat = 198, acc = 0.545], SCVX [acc = 0.855]
[2026-04-02 16:08:41] Rep 76, p = 1000: Witten [feat = 135, acc = 0.970], Arias [feat = 40, acc = 0.970], IF-PCA [feat = 407, acc = 0.565], SCVX [acc = 0.935]
[2026-04-02 16:08:41] Rep 78, p = 1000: Witten [feat = 245, acc = 0.960], Arias [feat = 20, acc = 0.955], IF-PCA [feat = 421, acc = 0.870], SCVX [acc = 0.835]
[2026-04-02 16:08:50] Rep 79, p = 1000: Witten [feat = 133, acc = 0.955], Arias [feat = 20, acc = 0.965], IF-PCA [feat = 155, acc = 0.655], SCVX [acc = 0.885]
