
==========================================
--- Gaussian Known-Covariance Started at 2026-04-07 20:58:16 ---
==========================================
Registered doParallel backend with 15 cores.

--- Dimension p = 500 ---
[2026-04-07 20:58:41] Rep 13, p = 500: Witten [feat=NA, acc=NA], Arias [feat=NA, acc=NA], IF-PCA [feat=NA, acc=NA], SCVX [acc=0.700] 
[2026-04-07 20:58:42] Rep 15, p = 500: Witten [feat=NA, acc=NA], Arias [feat=NA, acc=NA], IF-PCA [feat=NA, acc=NA], SCVX [acc=0.725] 
[2026-04-07 20:58:43] Rep 3, p = 500: Witten [feat=NA, acc=NA], Arias [feat=NA, acc=NA], IF-PCA [feat=NA, acc=NA], SCVX [acc=0.690] 
[2026-04-07 20:58:43] Rep 9, p = 500: Witten [feat=NA, acc=NA], Arias [feat=NA, acc=NA], IF-PCA [feat=NA, acc=NA], SCVX [acc=0.755] 
[2026-04-07 20:58:43] Rep 4, p = 500: Witten [feat=NA, acc=NA], Arias [feat=NA, acc=NA], IF-PCA [feat=NA, acc=NA], SCVX [acc=0.700] 
[2026-04-07 20:58:44] Rep 1, p = 500: Witten [feat=NA, acc=NA], Arias [feat=NA, acc=NA], IF-PCA [feat=NA, acc=NA], SCVX [acc=0.520] 
[2026-04-07 20:58:45] Rep 10, p = 500: Witten [feat=NA, acc=NA], Arias [feat=NA, acc=NA], IF-PCA [feat=NA, acc=NA], SCVX [acc=0.545] 
[2026-04-07 20:58:46] Rep 8, p = 500: Witten [feat=NA, acc=NA], Arias [feat=NA, acc=NA], IF-PCA [feat=NA, acc=NA], SCVX [acc=0.535] 
[2026-04-07 20:58:46] Rep 11, p = 500: Witten [feat=NA, acc=NA], Arias [feat=NA, acc=NA], IF-PCA [feat=NA, acc=NA], SCVX [acc=NA] 
[2026-04-07 20:58:46] Rep 7, p = 500: Witten [feat=NA, acc=NA], Arias [feat=NA, acc=NA], IF-PCA [feat=NA, acc=NA], SCVX [acc=0.795] 
[2026-04-07 20:58:47] Rep 6, p = 500: Witten [feat=NA, acc=NA], Arias [feat=NA, acc=NA], IF-PCA [feat=NA, acc=NA], SCVX [acc=0.700] 
[2026-04-07 20:58:48] Rep 5, p = 500: Witten [feat=NA, acc=NA], Arias [feat=NA, acc=NA], IF-PCA [feat=NA, acc=NA], SCVX [acc=0.735] 
[2026-04-07 20:58:48] Rep 2, p = 500: Witten [feat=NA, acc=NA], Arias [feat=NA, acc=NA], IF-PCA [feat=NA, acc=NA], SCVX [acc=0.550] 
[2026-04-07 20:58:50] Rep 12, p = 500: Witten [feat=NA, acc=NA], Arias [feat=NA, acc=NA], IF-PCA [feat=NA, acc=NA], SCVX [acc=0.760] 
[2026-04-07 20:58:54] Rep 14, p = 500: Witten [feat=NA, acc=NA], Arias [feat=NA, acc=NA], IF-PCA [feat=NA, acc=NA], SCVX [acc=NA] 
[2026-04-07 20:59:06] Rep 21, p = 500: Witten [feat=NA, acc=NA], Arias [feat=NA, acc=NA], IF-PCA [feat=NA, acc=NA], SCVX [acc=0.770] 
[2026-04-07 20:59:08] Rep 19, p = 500: Witten [feat=NA, acc=NA], Arias [feat=NA, acc=NA], IF-PCA [feat=NA, acc=NA], SCVX [acc=0.600] 
[2026-04-07 20:59:09] Rep 22, p = 500: Witten [feat=NA, acc=NA], Arias [feat=NA, acc=NA], IF-PCA [feat=NA, acc=NA], SCVX [acc=0.650] 
[2026-04-07 20:59:10] Rep 20, p = 500: Witten [feat=NA, acc=NA], Arias [feat=NA, acc=NA], IF-PCA [feat=NA, acc=NA], SCVX [acc=0.680] 
[2026-04-07 20:59:11] Rep 16, p = 500: Witten [feat=NA, acc=NA], Arias [feat=NA, acc=NA], IF-PCA [feat=NA, acc=NA], SCVX [acc=0.735] 
[2026-04-07 20:59:11] Rep 18, p = 500: Witten [feat=NA, acc=NA], Arias [feat=NA, acc=NA], IF-PCA [feat=NA, acc=NA], SCVX [acc=0.685] 
[2026-04-07 20:59:12] Rep 25, p = 500: Witten [feat=NA, acc=NA], Arias [feat=NA, acc=NA], IF-PCA [feat=NA, acc=NA], SCVX [acc=0.700] 
[2026-04-07 20:59:14] Rep 24, p = 500: Witten [feat=NA, acc=NA], Arias [feat=NA, acc=NA], IF-PCA [feat=NA, acc=NA], SCVX [acc=0.720] 
[2026-04-07 20:59:15] Rep 26, p = 500: Witten [feat=NA, acc=NA], Arias [feat=NA, acc=NA], IF-PCA [feat=NA, acc=NA], SCVX [acc=0.705] 
[2026-04-07 20:59:16] Rep 27, p = 500: Witten [feat=NA, acc=NA], Arias [feat=NA, acc=NA], IF-PCA [feat=NA, acc=NA], SCVX [acc=0.620] 
[2026-04-07 20:59:17] Rep 17, p = 500: Witten [feat=NA, acc=NA], Arias [feat=NA, acc=NA], IF-PCA [feat=NA, acc=NA], SCVX [acc=0.635] 
[2026-04-07 20:59:17] Rep 29, p = 500: Witten [feat=NA, acc=NA], Arias [feat=NA, acc=NA], IF-PCA [feat=NA, acc=NA], SCVX [acc=0.630] 
[2026-04-07 20:59:23] Rep 23, p = 500: Witten [feat=NA, acc=NA], Arias [feat=NA, acc=NA], IF-PCA [feat=NA, acc=NA], SCVX [acc=0.680] 
[2026-04-07 20:59:31] Rep 32, p = 500: Witten [feat=NA, acc=NA], Arias [feat=NA, acc=NA], IF-PCA [feat=NA, acc=NA], SCVX [acc=0.735] 
[2026-04-07 20:59:32] Rep 35, p = 500: Witten [feat=NA, acc=NA], Arias [feat=NA, acc=NA], IF-PCA [feat=NA, acc=NA], SCVX [acc=0.750] 
[2026-04-07 20:59:33] Rep 31, p = 500: Witten [feat=NA, acc=NA], Arias [feat=NA, acc=NA], IF-PCA [feat=NA, acc=NA], SCVX [acc=0.860] 
[2026-04-07 20:59:33] Rep 28, p = 500: Witten [feat=NA, acc=NA], Arias [feat=NA, acc=NA], IF-PCA [feat=NA, acc=NA], SCVX [acc=NA] 
[2026-04-07 20:59:34] Rep 37, p = 500: Witten [feat=NA, acc=NA], Arias [feat=NA, acc=NA], IF-PCA [feat=NA, acc=NA], SCVX [acc=0.655] 
[2026-04-07 20:59:36] Rep 36, p = 500: Witten [feat=NA, acc=NA], Arias [feat=NA, acc=NA], IF-PCA [feat=NA, acc=NA], SCVX [acc=0.665] 
[2026-04-07 20:59:36] Rep 34, p = 500: Witten [feat=NA, acc=NA], Arias [feat=NA, acc=NA], IF-PCA [feat=NA, acc=NA], SCVX [acc=0.740] 
[2026-04-07 20:59:39] Rep 33, p = 500: Witten [feat=NA, acc=NA], Arias [feat=NA, acc=NA], IF-PCA [feat=NA, acc=NA], SCVX [acc=NA] 
[2026-04-07 20:59:41] Rep 39, p = 500: Witten [feat=NA, acc=NA], Arias [feat=NA, acc=NA], IF-PCA [feat=NA, acc=NA], SCVX [acc=0.795] 
[2026-04-07 20:59:41] Rep 30, p = 500: Witten [feat=NA, acc=NA], Arias [feat=NA, acc=NA], IF-PCA [feat=NA, acc=NA], SCVX [acc=NA] 
[2026-04-07 20:59:42] Rep 40, p = 500: Witten [feat=NA, acc=NA], Arias [feat=NA, acc=NA], IF-PCA [feat=NA, acc=NA], SCVX [acc=0.660] 
[2026-04-07 20:59:45] Rep 41, p = 500: Witten [feat=NA, acc=NA], Arias [feat=NA, acc=NA], IF-PCA [feat=NA, acc=NA], SCVX [acc=0.840] 
[2026-04-07 20:59:46] Rep 42, p = 500: Witten [feat=NA, acc=NA], Arias [feat=NA, acc=NA], IF-PCA [feat=NA, acc=NA], SCVX [acc=NA] 
[2026-04-07 20:59:48] Rep 38, p = 500: Witten [feat=NA, acc=NA], Arias [feat=NA, acc=NA], IF-PCA [feat=NA, acc=NA], SCVX [acc=0.675] 
[2026-04-07 20:59:50] Rep 43, p = 500: Witten [feat=NA, acc=NA], Arias [feat=NA, acc=NA], IF-PCA [feat=NA, acc=NA], SCVX [acc=0.690] 
[2026-04-07 20:59:55] Rep 47, p = 500: Witten [feat=NA, acc=NA], Arias [feat=NA, acc=NA], IF-PCA [feat=NA, acc=NA], SCVX [acc=0.790] 
[2026-04-07 20:59:55] Rep 45, p = 500: Witten [feat=NA, acc=NA], Arias [feat=NA, acc=NA], IF-PCA [feat=NA, acc=NA], SCVX [acc=0.720] 
[2026-04-07 20:59:59] Rep 51, p = 500: Witten [feat=NA, acc=NA], Arias [feat=NA, acc=NA], IF-PCA [feat=NA, acc=NA], SCVX [acc=0.785] 
[2026-04-07 21:00:00] Rep 49, p = 500: Witten [feat=NA, acc=NA], Arias [feat=NA, acc=NA], IF-PCA [feat=NA, acc=NA], SCVX [acc=NA] 
[2026-04-07 21:00:01] Rep 46, p = 500: Witten [feat=NA, acc=NA], Arias [feat=NA, acc=NA], IF-PCA [feat=NA, acc=NA], SCVX [acc=0.675] 
[2026-04-07 21:00:02] Rep 50, p = 500: Witten [feat=NA, acc=NA], Arias [feat=NA, acc=NA], IF-PCA [feat=NA, acc=NA], SCVX [acc=0.535] 
[2026-04-07 21:00:04] Rep 54, p = 500: Witten [feat=NA, acc=NA], Arias [feat=NA, acc=NA], IF-PCA [feat=NA, acc=NA], SCVX [acc=0.780] 
[2026-04-07 21:00:05] Rep 55, p = 500: Witten [feat=NA, acc=NA], Arias [feat=NA, acc=NA], IF-PCA [feat=NA, acc=NA], SCVX [acc=0.630] 
[2026-04-07 21:00:05] Rep 44, p = 500: Witten [feat=NA, acc=NA], Arias [feat=NA, acc=NA], IF-PCA [feat=NA, acc=NA], SCVX [acc=0.620] 
[2026-04-07 21:00:08] Rep 48, p = 500: Witten [feat=NA, acc=NA], Arias [feat=NA, acc=NA], IF-PCA [feat=NA, acc=NA], SCVX [acc=NA] 
[2026-04-07 21:00:10] Rep 57, p = 500: Witten [feat=NA, acc=NA], Arias [feat=NA, acc=NA], IF-PCA [feat=NA, acc=NA], SCVX [acc=0.595] 
[2026-04-07 21:00:11] Rep 56, p = 500: Witten [feat=NA, acc=NA], Arias [feat=NA, acc=NA], IF-PCA [feat=NA, acc=NA], SCVX [acc=0.690] 
[2026-04-07 21:00:11] Rep 52, p = 500: Witten [feat=NA, acc=NA], Arias [feat=NA, acc=NA], IF-PCA [feat=NA, acc=NA], SCVX [acc=0.685] 
[2026-04-07 21:00:13] Rep 53, p = 500: Witten [feat=NA, acc=NA], Arias [feat=NA, acc=NA], IF-PCA [feat=NA, acc=NA], SCVX [acc=NA] 
[2026-04-07 21:00:14] Rep 58, p = 500: Witten [feat=NA, acc=NA], Arias [feat=NA, acc=NA], IF-PCA [feat=NA, acc=NA], SCVX [acc=0.660] 
[2026-04-07 21:00:21] Rep 59, p = 500: Witten [feat=NA, acc=NA], Arias [feat=NA, acc=NA], IF-PCA [feat=NA, acc=NA], SCVX [acc=0.645] 
[2026-04-07 21:00:21] Rep 61, p = 500: Witten [feat=NA, acc=NA], Arias [feat=NA, acc=NA], IF-PCA [feat=NA, acc=NA], SCVX [acc=0.755] 
[2026-04-07 21:00:23] Rep 62, p = 500: Witten [feat=NA, acc=NA], Arias [feat=NA, acc=NA], IF-PCA [feat=NA, acc=NA], SCVX [acc=0.735] 
[2026-04-07 21:00:23] Rep 60, p = 500: Witten [feat=NA, acc=NA], Arias [feat=NA, acc=NA], IF-PCA [feat=NA, acc=NA], SCVX [acc=NA] 
[2026-04-07 21:00:25] Rep 64, p = 500: Witten [feat=NA, acc=NA], Arias [feat=NA, acc=NA], IF-PCA [feat=NA, acc=NA], SCVX [acc=0.830] 
[2026-04-07 21:00:27] Rep 67, p = 500: Witten [feat=NA, acc=NA], Arias [feat=NA, acc=NA], IF-PCA [feat=NA, acc=NA], SCVX [acc=0.665] 
[2026-04-07 21:00:28] Rep 63, p = 500: Witten [feat=NA, acc=NA], Arias [feat=NA, acc=NA], IF-PCA [feat=NA, acc=NA], SCVX [acc=0.720] 
[2026-04-07 21:00:29] Rep 65, p = 500: Witten [feat=NA, acc=NA], Arias [feat=NA, acc=NA], IF-PCA [feat=NA, acc=NA], SCVX [acc=0.670] 
[2026-04-07 21:00:31] Rep 69, p = 500: Witten [feat=NA, acc=NA], Arias [feat=NA, acc=NA], IF-PCA [feat=NA, acc=NA], SCVX [acc=0.795] 
[2026-04-07 21:00:31] Rep 68, p = 500: Witten [feat=NA, acc=NA], Arias [feat=NA, acc=NA], IF-PCA [feat=NA, acc=NA], SCVX [acc=0.510] 
[2026-04-07 21:00:35] Rep 66, p = 500: Witten [feat=NA, acc=NA], Arias [feat=NA, acc=NA], IF-PCA [feat=NA, acc=NA], SCVX [acc=NA] 
[2026-04-07 21:00:38] Rep 70, p = 500: Witten [feat=NA, acc=NA], Arias [feat=NA, acc=NA], IF-PCA [feat=NA, acc=NA], SCVX [acc=0.670] 
[2026-04-07 21:00:38] Rep 71, p = 500: Witten [feat=NA, acc=NA], Arias [feat=NA, acc=NA], IF-PCA [feat=NA, acc=NA], SCVX [acc=0.735] 
[2026-04-07 21:00:40] Rep 72, p = 500: Witten [feat=NA, acc=NA], Arias [feat=NA, acc=NA], IF-PCA [feat=NA, acc=NA], SCVX [acc=0.650] 
[2026-04-07 21:00:43] Rep 76, p = 500: Witten [feat=NA, acc=NA], Arias [feat=NA, acc=NA], IF-PCA [feat=NA, acc=NA], SCVX [acc=0.700] 
[2026-04-07 21:00:43] Rep 75, p = 500: Witten [feat=NA, acc=NA], Arias [feat=NA, acc=NA], IF-PCA [feat=NA, acc=NA], SCVX [acc=0.520] 
[2026-04-07 21:00:44] Rep 73, p = 500: Witten [feat=NA, acc=NA], Arias [feat=NA, acc=NA], IF-PCA [feat=NA, acc=NA], SCVX [acc=0.755] 
[2026-04-07 21:00:44] Rep 74, p = 500: Witten [feat=NA, acc=NA], Arias [feat=NA, acc=NA], IF-PCA [feat=NA, acc=NA], SCVX [acc=0.550] 
[2026-04-07 21:00:50] Rep 79, p = 500: Witten [feat=NA, acc=NA], Arias [feat=NA, acc=NA], IF-PCA [feat=NA, acc=NA], SCVX [acc=0.625] 
[2026-04-07 21:00:50] Rep 78, p = 500: Witten [feat=NA, acc=NA], Arias [feat=NA, acc=NA], IF-PCA [feat=NA, acc=NA], SCVX [acc=0.675] 
[2026-04-07 21:00:55] Rep 77, p = 500: Witten [feat=NA, acc=NA], Arias [feat=NA, acc=NA], IF-PCA [feat=NA, acc=NA], SCVX [acc=NA] 
[2026-04-07 21:00:56] Rep 81, p = 500: Witten [feat=NA, acc=NA], Arias [feat=NA, acc=NA], IF-PCA [feat=NA, acc=NA], SCVX [acc=0.730] 
[2026-04-07 21:00:56] Rep 80, p = 500: Witten [feat=NA, acc=NA], Arias [feat=NA, acc=NA], IF-PCA [feat=NA, acc=NA], SCVX [acc=0.500] 
[2026-04-07 21:01:03] Rep 86, p = 500: Witten [feat=NA, acc=NA], Arias [feat=NA, acc=NA], IF-PCA [feat=NA, acc=NA], SCVX [acc=0.820] 
[2026-04-07 21:01:03] Rep 87, p = 500: Witten [feat=NA, acc=NA], Arias [feat=NA, acc=NA], IF-PCA [feat=NA, acc=NA], SCVX [acc=0.555] 
[2026-04-07 21:01:04] Rep 84, p = 500: Witten [feat=NA, acc=NA], Arias [feat=NA, acc=NA], IF-PCA [feat=NA, acc=NA], SCVX [acc=NA] 
[2026-04-07 21:01:04] Rep 91, p = 500: Witten [feat=NA, acc=NA], Arias [feat=NA, acc=NA], IF-PCA [feat=NA, acc=NA], SCVX [acc=0.715] 
[2026-04-07 21:01:06] Rep 89, p = 500: Witten [feat=NA, acc=NA], Arias [feat=NA, acc=NA], IF-PCA [feat=NA, acc=NA], SCVX [acc=0.645] 
[2026-04-07 21:01:07] Rep 83, p = 500: Witten [feat=NA, acc=NA], Arias [feat=NA, acc=NA], IF-PCA [feat=NA, acc=NA], SCVX [acc=0.635] 
[2026-04-07 21:01:07] Rep 88, p = 500: Witten [feat=NA, acc=NA], Arias [feat=NA, acc=NA], IF-PCA [feat=NA, acc=NA], SCVX [acc=0.605] 
[2026-04-07 21:01:08] Rep 90, p = 500: Witten [feat=NA, acc=NA], Arias [feat=NA, acc=NA], IF-PCA [feat=NA, acc=NA], SCVX [acc=0.540] 
[2026-04-07 21:01:09] Rep 85, p = 500: Witten [feat=NA, acc=NA], Arias [feat=NA, acc=NA], IF-PCA [feat=NA, acc=NA], SCVX [acc=0.750] 
[2026-04-07 21:01:10] Rep 92, p = 500: Witten [feat=NA, acc=NA], Arias [feat=NA, acc=NA], IF-PCA [feat=NA, acc=NA], SCVX [acc=0.710] 
[2026-04-07 21:01:12] Rep 82, p = 500: Witten [feat=NA, acc=NA], Arias [feat=NA, acc=NA], IF-PCA [feat=NA, acc=NA], SCVX [acc=NA] 
[2026-04-07 21:01:14] Rep 93, p = 500: Witten [feat=NA, acc=NA], Arias [feat=NA, acc=NA], IF-PCA [feat=NA, acc=NA], SCVX [acc=0.750] 
[2026-04-07 21:01:15] Rep 94, p = 500: Witten [feat=NA, acc=NA], Arias [feat=NA, acc=NA], IF-PCA [feat=NA, acc=NA], SCVX [acc=0.795] 
[2026-04-07 21:01:17] Rep 95, p = 500: Witten [feat=NA, acc=NA], Arias [feat=NA, acc=NA], IF-PCA [feat=NA, acc=NA], SCVX [acc=0.640] 
[2026-04-07 21:01:18] Rep 96, p = 500: Witten [feat=NA, acc=NA], Arias [feat=NA, acc=NA], IF-PCA [feat=NA, acc=NA], SCVX [acc=0.635] 
[2026-04-07 21:01:19] Rep 97, p = 500: Witten [feat=NA, acc=NA], Arias [feat=NA, acc=NA], IF-PCA [feat=NA, acc=NA], SCVX [acc=0.610] 
[2026-04-07 21:01:19] Rep 100, p = 500: Witten [feat=NA, acc=NA], Arias [feat=NA, acc=NA], IF-PCA [feat=NA, acc=NA], SCVX [acc=0.725] 
[2026-04-07 21:01:20] Rep 98, p = 500: Witten [feat=NA, acc=NA], Arias [feat=NA, acc=NA], IF-PCA [feat=NA, acc=NA], SCVX [acc=0.600] 
[2026-04-07 21:01:20] Rep 99, p = 500: Witten [feat=NA, acc=NA], Arias [feat=NA, acc=NA], IF-PCA [feat=NA, acc=NA], SCVX [acc=NA] 

--- Dimension p = 1000 ---
[2026-04-07 21:02:25] Rep 9, p = 1000: Witten [feat=NA, acc=NA], Arias [feat=NA, acc=NA], IF-PCA [feat=NA, acc=NA], SCVX [acc=0.650] 
[2026-04-07 21:02:25] Rep 15, p = 1000: Witten [feat=NA, acc=NA], Arias [feat=NA, acc=NA], IF-PCA [feat=NA, acc=NA], SCVX [acc=0.565] 
[2026-04-07 21:02:35] Rep 10, p = 1000: Witten [feat=NA, acc=NA], Arias [feat=NA, acc=NA], IF-PCA [feat=NA, acc=NA], SCVX [acc=0.615] 
[2026-04-07 21:02:36] Rep 6, p = 1000: Witten [feat=NA, acc=NA], Arias [feat=NA, acc=NA], IF-PCA [feat=NA, acc=NA], SCVX [acc=0.570] 
[2026-04-07 21:02:38] Rep 5, p = 1000: Witten [feat=NA, acc=NA], Arias [feat=NA, acc=NA], IF-PCA [feat=NA, acc=NA], SCVX [acc=0.555] 
[2026-04-07 21:02:43] Rep 8, p = 1000: Witten [feat=NA, acc=NA], Arias [feat=NA, acc=NA], IF-PCA [feat=NA, acc=NA], SCVX [acc=0.675] 
[2026-04-07 21:02:43] Rep 2, p = 1000: Witten [feat=NA, acc=NA], Arias [feat=NA, acc=NA], IF-PCA [feat=NA, acc=NA], SCVX [acc=0.690] 
[2026-04-07 21:02:45] Rep 4, p = 1000: Witten [feat=NA, acc=NA], Arias [feat=NA, acc=NA], IF-PCA [feat=NA, acc=NA], SCVX [acc=0.620] 
[2026-04-07 21:02:50] Rep 3, p = 1000: Witten [feat=NA, acc=NA], Arias [feat=NA, acc=NA], IF-PCA [feat=NA, acc=NA], SCVX [acc=0.555] 
[2026-04-07 21:02:56] Rep 12, p = 1000: Witten [feat=NA, acc=NA], Arias [feat=NA, acc=NA], IF-PCA [feat=NA, acc=NA], SCVX [acc=0.650] 
[2026-04-07 21:02:57] Rep 14, p = 1000: Witten [feat=NA, acc=NA], Arias [feat=NA, acc=NA], IF-PCA [feat=NA, acc=NA], SCVX [acc=0.555] 
[2026-04-07 21:02:58] Rep 1, p = 1000: Witten [feat=NA, acc=NA], Arias [feat=NA, acc=NA], IF-PCA [feat=NA, acc=NA], SCVX [acc=0.560] 
[2026-04-07 21:03:14] Rep 13, p = 1000: Witten [feat=NA, acc=NA], Arias [feat=NA, acc=NA], IF-PCA [feat=NA, acc=NA], SCVX [acc=0.510] 
[2026-04-07 21:03:16] Rep 11, p = 1000: Witten [feat=NA, acc=NA], Arias [feat=NA, acc=NA], IF-PCA [feat=NA, acc=NA], SCVX [acc=0.600] 
[2026-04-07 21:03:24] Rep 7, p = 1000: Witten [feat=NA, acc=NA], Arias [feat=NA, acc=NA], IF-PCA [feat=NA, acc=NA], SCVX [acc=0.550] 
[2026-04-07 21:03:28] Rep 20, p = 1000: Witten [feat=NA, acc=NA], Arias [feat=NA, acc=NA], IF-PCA [feat=NA, acc=NA], SCVX [acc=0.730] 
[2026-04-07 21:03:31] Rep 16, p = 1000: Witten [feat=NA, acc=NA], Arias [feat=NA, acc=NA], IF-PCA [feat=NA, acc=NA], SCVX [acc=0.520] 
[2026-04-07 21:03:45] Rep 18, p = 1000: Witten [feat=NA, acc=NA], Arias [feat=NA, acc=NA], IF-PCA [feat=NA, acc=NA], SCVX [acc=0.605] 
[2026-04-07 21:03:45] Rep 22, p = 1000: Witten [feat=NA, acc=NA], Arias [feat=NA, acc=NA], IF-PCA [feat=NA, acc=NA], SCVX [acc=0.570] 
[2026-04-07 21:03:51] Rep 19, p = 1000: Witten [feat=NA, acc=NA], Arias [feat=NA, acc=NA], IF-PCA [feat=NA, acc=NA], SCVX [acc=0.580] 
[2026-04-07 21:03:52] Rep 17, p = 1000: Witten [feat=NA, acc=NA], Arias [feat=NA, acc=NA], IF-PCA [feat=NA, acc=NA], SCVX [acc=0.620] 
[2026-04-07 21:04:19] Rep 29, p = 1000: Witten [feat=NA, acc=NA], Arias [feat=NA, acc=NA], IF-PCA [feat=NA, acc=NA], SCVX [acc=0.520] 
[2026-04-07 21:04:23] Rep 25, p = 1000: Witten [feat=NA, acc=NA], Arias [feat=NA, acc=NA], IF-PCA [feat=NA, acc=NA], SCVX [acc=0.605] 
[2026-04-07 21:04:27] Rep 21, p = 1000: Witten [feat=NA, acc=NA], Arias [feat=NA, acc=NA], IF-PCA [feat=NA, acc=NA], SCVX [acc=0.600] 
[2026-04-07 21:04:34] Rep 24, p = 1000: Witten [feat=NA, acc=NA], Arias [feat=NA, acc=NA], IF-PCA [feat=NA, acc=NA], SCVX [acc=0.705] 
[2026-04-07 21:04:35] Rep 28, p = 1000: Witten [feat=NA, acc=NA], Arias [feat=NA, acc=NA], IF-PCA [feat=NA, acc=NA], SCVX [acc=0.580] 
[2026-04-07 21:04:36] Rep 27, p = 1000: Witten [feat=NA, acc=NA], Arias [feat=NA, acc=NA], IF-PCA [feat=NA, acc=NA], SCVX [acc=0.515] 
[2026-04-07 21:04:44] Rep 23, p = 1000: Witten [feat=NA, acc=NA], Arias [feat=NA, acc=NA], IF-PCA [feat=NA, acc=NA], SCVX [acc=0.585] 
[2026-04-07 21:04:49] Rep 30, p = 1000: Witten [feat=NA, acc=NA], Arias [feat=NA, acc=NA], IF-PCA [feat=NA, acc=NA], SCVX [acc=0.655] 
[2026-04-07 21:04:56] Rep 34, p = 1000: Witten [feat=NA, acc=NA], Arias [feat=NA, acc=NA], IF-PCA [feat=NA, acc=NA], SCVX [acc=0.605] 
[2026-04-07 21:04:57] Rep 31, p = 1000: Witten [feat=NA, acc=NA], Arias [feat=NA, acc=NA], IF-PCA [feat=NA, acc=NA], SCVX [acc=0.610] 
[2026-04-07 21:04:58] Rep 32, p = 1000: Witten [feat=NA, acc=NA], Arias [feat=NA, acc=NA], IF-PCA [feat=NA, acc=NA], SCVX [acc=0.605] 
[2026-04-07 21:05:16] Rep 26, p = 1000: Witten [feat=NA, acc=NA], Arias [feat=NA, acc=NA], IF-PCA [feat=NA, acc=NA], SCVX [acc=0.585] 
[2026-04-07 21:05:25] Rep 33, p = 1000: Witten [feat=NA, acc=NA], Arias [feat=NA, acc=NA], IF-PCA [feat=NA, acc=NA], SCVX [acc=0.705] 
[2026-04-07 21:05:30] Rep 37, p = 1000: Witten [feat=NA, acc=NA], Arias [feat=NA, acc=NA], IF-PCA [feat=NA, acc=NA], SCVX [acc=0.610] 
[2026-04-07 21:05:41] Rep 39, p = 1000: Witten [feat=NA, acc=NA], Arias [feat=NA, acc=NA], IF-PCA [feat=NA, acc=NA], SCVX [acc=0.580] 
[2026-04-07 21:05:51] Rep 35, p = 1000: Witten [feat=NA, acc=NA], Arias [feat=NA, acc=NA], IF-PCA [feat=NA, acc=NA], SCVX [acc=0.560] 
[2026-04-07 21:06:01] Rep 40, p = 1000: Witten [feat=NA, acc=NA], Arias [feat=NA, acc=NA], IF-PCA [feat=NA, acc=NA], SCVX [acc=0.620] 
[2026-04-07 21:06:08] Rep 44, p = 1000: Witten [feat=NA, acc=NA], Arias [feat=NA, acc=NA], IF-PCA [feat=NA, acc=NA], SCVX [acc=0.585] 
[2026-04-07 21:06:14] Rep 38, p = 1000: Witten [feat=NA, acc=NA], Arias [feat=NA, acc=NA], IF-PCA [feat=NA, acc=NA], SCVX [acc=0.545] 
[2026-04-07 21:06:16] Rep 47, p = 1000: Witten [feat=NA, acc=NA], Arias [feat=NA, acc=NA], IF-PCA [feat=NA, acc=NA], SCVX [acc=0.790] 
[2026-04-07 21:06:26] Rep 36, p = 1000: Witten [feat=NA, acc=NA], Arias [feat=NA, acc=NA], IF-PCA [feat=NA, acc=NA], SCVX [acc=0.590] 
[2026-04-07 21:06:27] Rep 43, p = 1000: Witten [feat=NA, acc=NA], Arias [feat=NA, acc=NA], IF-PCA [feat=NA, acc=NA], SCVX [acc=0.720] 
[2026-04-07 21:06:29] Rep 48, p = 1000: Witten [feat=NA, acc=NA], Arias [feat=NA, acc=NA], IF-PCA [feat=NA, acc=NA], SCVX [acc=0.570] 
[2026-04-07 21:06:41] Rep 42, p = 1000: Witten [feat=NA, acc=NA], Arias [feat=NA, acc=NA], IF-PCA [feat=NA, acc=NA], SCVX [acc=0.585] 
[2026-04-07 21:06:47] Rep 49, p = 1000: Witten [feat=NA, acc=NA], Arias [feat=NA, acc=NA], IF-PCA [feat=NA, acc=NA], SCVX [acc=0.510] 
[2026-04-07 21:06:52] Rep 50, p = 1000: Witten [feat=NA, acc=NA], Arias [feat=NA, acc=NA], IF-PCA [feat=NA, acc=NA], SCVX [acc=0.645] 
[2026-04-07 21:06:55] Rep 51, p = 1000: Witten [feat=NA, acc=NA], Arias [feat=NA, acc=NA], IF-PCA [feat=NA, acc=NA], SCVX [acc=0.575] 
[2026-04-07 21:07:08] Rep 46, p = 1000: Witten [feat=NA, acc=NA], Arias [feat=NA, acc=NA], IF-PCA [feat=NA, acc=NA], SCVX [acc=0.520] 
[2026-04-07 21:07:43] Rep 52, p = 1000: Witten [feat=NA, acc=NA], Arias [feat=NA, acc=NA], IF-PCA [feat=NA, acc=NA], SCVX [acc=0.545] 
[2026-04-07 21:07:43] Rep 41, p = 1000: Witten [feat=NA, acc=NA], Arias [feat=NA, acc=NA], IF-PCA [feat=NA, acc=NA], SCVX [acc=0.525] 
[2026-04-07 21:07:52] Rep 45, p = 1000: Witten [feat=NA, acc=NA], Arias [feat=NA, acc=NA], IF-PCA [feat=NA, acc=NA], SCVX [acc=0.515] 
[2026-04-07 21:08:10] Rep 59, p = 1000: Witten [feat=NA, acc=NA], Arias [feat=NA, acc=NA], IF-PCA [feat=NA, acc=NA], SCVX [acc=0.540] 
[2026-04-07 21:08:12] Rep 58, p = 1000: Witten [feat=NA, acc=NA], Arias [feat=NA, acc=NA], IF-PCA [feat=NA, acc=NA], SCVX [acc=0.535] 
[2026-04-07 21:08:12] Rep 56, p = 1000: Witten [feat=NA, acc=NA], Arias [feat=NA, acc=NA], IF-PCA [feat=NA, acc=NA], SCVX [acc=0.685] 
[2026-04-07 21:08:29] Rep 63, p = 1000: Witten [feat=NA, acc=NA], Arias [feat=NA, acc=NA], IF-PCA [feat=NA, acc=NA], SCVX [acc=0.635] 
[2026-04-07 21:08:34] Rep 54, p = 1000: Witten [feat=NA, acc=NA], Arias [feat=NA, acc=NA], IF-PCA [feat=NA, acc=NA], SCVX [acc=0.535] 
[2026-04-07 21:08:36] Rep 60, p = 1000: Witten [feat=NA, acc=NA], Arias [feat=NA, acc=NA], IF-PCA [feat=NA, acc=NA], SCVX [acc=0.515] 
[2026-04-07 21:08:37] Rep 55, p = 1000: Witten [feat=NA, acc=NA], Arias [feat=NA, acc=NA], IF-PCA [feat=NA, acc=NA], SCVX [acc=0.550] 
[2026-04-07 21:08:39] Rep 57, p = 1000: Witten [feat=NA, acc=NA], Arias [feat=NA, acc=NA], IF-PCA [feat=NA, acc=NA], SCVX [acc=0.530] 
[2026-04-07 21:08:58] Rep 53, p = 1000: Witten [feat=NA, acc=NA], Arias [feat=NA, acc=NA], IF-PCA [feat=NA, acc=NA], SCVX [acc=0.575] 
[2026-04-07 21:09:05] Rep 64, p = 1000: Witten [feat=NA, acc=NA], Arias [feat=NA, acc=NA], IF-PCA [feat=NA, acc=NA], SCVX [acc=0.660] 
[2026-04-07 21:09:25] Rep 62, p = 1000: Witten [feat=NA, acc=NA], Arias [feat=NA, acc=NA], IF-PCA [feat=NA, acc=NA], SCVX [acc=0.530] 
[2026-04-07 21:09:53] Rep 61, p = 1000: Witten [feat=NA, acc=NA], Arias [feat=NA, acc=NA], IF-PCA [feat=NA, acc=NA], SCVX [acc=0.680] 
[2026-04-07 21:10:12] Rep 71, p = 1000: Witten [feat=NA, acc=NA], Arias [feat=NA, acc=NA], IF-PCA [feat=NA, acc=NA], SCVX [acc=0.695] 
[2026-04-07 21:10:18] Rep 74, p = 1000: Witten [feat=NA, acc=NA], Arias [feat=NA, acc=NA], IF-PCA [feat=NA, acc=NA], SCVX [acc=0.695] 
[2026-04-07 21:10:31] Rep 67, p = 1000: Witten [feat=NA, acc=NA], Arias [feat=NA, acc=NA], IF-PCA [feat=NA, acc=NA], SCVX [acc=0.615] 
[2026-04-07 21:10:36] Rep 73, p = 1000: Witten [feat=NA, acc=NA], Arias [feat=NA, acc=NA], IF-PCA [feat=NA, acc=NA], SCVX [acc=0.555] 
[2026-04-07 21:10:43] Rep 69, p = 1000: Witten [feat=NA, acc=NA], Arias [feat=NA, acc=NA], IF-PCA [feat=NA, acc=NA], SCVX [acc=0.530] 
[2026-04-07 21:10:44] Rep 65, p = 1000: Witten [feat=NA, acc=NA], Arias [feat=NA, acc=NA], IF-PCA [feat=NA, acc=NA], SCVX [acc=0.620] 
[2026-04-07 21:10:44] Rep 70, p = 1000: Witten [feat=NA, acc=NA], Arias [feat=NA, acc=NA], IF-PCA [feat=NA, acc=NA], SCVX [acc=0.660] 
[2026-04-07 21:10:55] Rep 68, p = 1000: Witten [feat=NA, acc=NA], Arias [feat=NA, acc=NA], IF-PCA [feat=NA, acc=NA], SCVX [acc=0.670] 
[2026-04-07 21:11:21] Rep 78, p = 1000: Witten [feat=NA, acc=NA], Arias [feat=NA, acc=NA], IF-PCA [feat=NA, acc=NA], SCVX [acc=0.570] 
[2026-04-07 21:11:24] Rep 75, p = 1000: Witten [feat=NA, acc=NA], Arias [feat=NA, acc=NA], IF-PCA [feat=NA, acc=NA], SCVX [acc=0.620] 
[2026-04-07 21:11:24] Rep 77, p = 1000: Witten [feat=NA, acc=NA], Arias [feat=NA, acc=NA], IF-PCA [feat=NA, acc=NA], SCVX [acc=0.545] 
[2026-04-07 21:11:36] Rep 76, p = 1000: Witten [feat=NA, acc=NA], Arias [feat=NA, acc=NA], IF-PCA [feat=NA, acc=NA], SCVX [acc=0.550] 
[2026-04-07 21:11:43] Rep 66, p = 1000: Witten [feat=NA, acc=NA], Arias [feat=NA, acc=NA], IF-PCA [feat=NA, acc=NA], SCVX [acc=0.520] 
[2026-04-07 21:11:53] Rep 72, p = 1000: Witten [feat=NA, acc=NA], Arias [feat=NA, acc=NA], IF-PCA [feat=NA, acc=NA], SCVX [acc=0.650] 
[2026-04-07 21:12:17] Rep 82, p = 1000: Witten [feat=NA, acc=NA], Arias [feat=NA, acc=NA], IF-PCA [feat=NA, acc=NA], SCVX [acc=0.625] 
[2026-04-07 21:12:32] Rep 83, p = 1000: Witten [feat=NA, acc=NA], Arias [feat=NA, acc=NA], IF-PCA [feat=NA, acc=NA], SCVX [acc=0.615] 
[2026-04-07 21:12:40] Rep 85, p = 1000: Witten [feat=NA, acc=NA], Arias [feat=NA, acc=NA], IF-PCA [feat=NA, acc=NA], SCVX [acc=0.680] 
[2026-04-07 21:12:44] Rep 87, p = 1000: Witten [feat=NA, acc=NA], Arias [feat=NA, acc=NA], IF-PCA [feat=NA, acc=NA], SCVX [acc=0.590] 
[2026-04-07 21:12:49] Rep 79, p = 1000: Witten [feat=NA, acc=NA], Arias [feat=NA, acc=NA], IF-PCA [feat=NA, acc=NA], SCVX [acc=0.575] 
[2026-04-07 21:12:49] Rep 81, p = 1000: Witten [feat=NA, acc=NA], Arias [feat=NA, acc=NA], IF-PCA [feat=NA, acc=NA], SCVX [acc=0.675] 
[2026-04-07 21:12:54] Rep 86, p = 1000: Witten [feat=NA, acc=NA], Arias [feat=NA, acc=NA], IF-PCA [feat=NA, acc=NA], SCVX [acc=0.685] 
[2026-04-07 21:13:04] Rep 84, p = 1000: Witten [feat=NA, acc=NA], Arias [feat=NA, acc=NA], IF-PCA [feat=NA, acc=NA], SCVX [acc=0.660] 
[2026-04-07 21:13:08] Rep 88, p = 1000: Witten [feat=NA, acc=NA], Arias [feat=NA, acc=NA], IF-PCA [feat=NA, acc=NA], SCVX [acc=0.690] 
[2026-04-07 21:13:09] Rep 90, p = 1000: Witten [feat=NA, acc=NA], Arias [feat=NA, acc=NA], IF-PCA [feat=NA, acc=NA], SCVX [acc=0.545] 
[2026-04-07 21:13:28] Rep 92, p = 1000: Witten [feat=NA, acc=NA], Arias [feat=NA, acc=NA], IF-PCA [feat=NA, acc=NA], SCVX [acc=0.690] 
[2026-04-07 21:13:37] Rep 80, p = 1000: Witten [feat=NA, acc=NA], Arias [feat=NA, acc=NA], IF-PCA [feat=NA, acc=NA], SCVX [acc=0.620] 
[2026-04-07 21:13:40] Rep 94, p = 1000: Witten [feat=NA, acc=NA], Arias [feat=NA, acc=NA], IF-PCA [feat=NA, acc=NA], SCVX [acc=0.690] 
[2026-04-07 21:13:41] Rep 91, p = 1000: Witten [feat=NA, acc=NA], Arias [feat=NA, acc=NA], IF-PCA [feat=NA, acc=NA], SCVX [acc=0.590] 
[2026-04-07 21:13:49] Rep 93, p = 1000: Witten [feat=NA, acc=NA], Arias [feat=NA, acc=NA], IF-PCA [feat=NA, acc=NA], SCVX [acc=0.600] 
[2026-04-07 21:14:06] Rep 89, p = 1000: Witten [feat=NA, acc=NA], Arias [feat=NA, acc=NA], IF-PCA [feat=NA, acc=NA], SCVX [acc=0.555] 
[2026-04-07 21:14:10] Rep 97, p = 1000: Witten [feat=NA, acc=NA], Arias [feat=NA, acc=NA], IF-PCA [feat=NA, acc=NA], SCVX [acc=0.505] 
[2026-04-07 21:14:16] Rep 95, p = 1000: Witten [feat=NA, acc=NA], Arias [feat=NA, acc=NA], IF-PCA [feat=NA, acc=NA], SCVX [acc=0.635] 
[2026-04-07 21:14:17] Rep 96, p = 1000: Witten [feat=NA, acc=NA], Arias [feat=NA, acc=NA], IF-PCA [feat=NA, acc=NA], SCVX [acc=0.730] 
[2026-04-07 21:14:18] Rep 98, p = 1000: Witten [feat=NA, acc=NA], Arias [feat=NA, acc=NA], IF-PCA [feat=NA, acc=NA], SCVX [acc=0.570] 
[2026-04-07 21:14:27] Rep 100, p = 1000: Witten [feat=NA, acc=NA], Arias [feat=NA, acc=NA], IF-PCA [feat=NA, acc=NA], SCVX [acc=0.620] 
[2026-04-07 21:14:27] Rep 99, p = 1000: Witten [feat=NA, acc=NA], Arias [feat=NA, acc=NA], IF-PCA [feat=NA, acc=NA], SCVX [acc=0.515] 

--- Dimension p = 2000 ---
[2026-04-07 21:19:34] Rep 14, p = 2000: Witten [feat=NA, acc=NA], Arias [feat=NA, acc=NA], IF-PCA [feat=NA, acc=NA], SCVX [acc=0.535] 
[2026-04-07 21:19:40] Rep 11, p = 2000: Witten [feat=NA, acc=NA], Arias [feat=NA, acc=NA], IF-PCA [feat=NA, acc=NA], SCVX [acc=0.580] 
[2026-04-07 21:19:48] Rep 4, p = 2000: Witten [feat=NA, acc=NA], Arias [feat=NA, acc=NA], IF-PCA [feat=NA, acc=NA], SCVX [acc=0.540] 
[2026-04-07 21:19:59] Rep 6, p = 2000: Witten [feat=NA, acc=NA], Arias [feat=NA, acc=NA], IF-PCA [feat=NA, acc=NA], SCVX [acc=0.595] 
[2026-04-07 21:20:13] Rep 15, p = 2000: Witten [feat=NA, acc=NA], Arias [feat=NA, acc=NA], IF-PCA [feat=NA, acc=NA], SCVX [acc=0.505] 
[2026-04-07 21:20:57] Rep 1, p = 2000: Witten [feat=NA, acc=NA], Arias [feat=NA, acc=NA], IF-PCA [feat=NA, acc=NA], SCVX [acc=0.550] 
[2026-04-07 21:21:09] Rep 7, p = 2000: Witten [feat=NA, acc=NA], Arias [feat=NA, acc=NA], IF-PCA [feat=NA, acc=NA], SCVX [acc=0.565] 
[2026-04-07 21:21:15] Rep 3, p = 2000: Witten [feat=NA, acc=NA], Arias [feat=NA, acc=NA], IF-PCA [feat=NA, acc=NA], SCVX [acc=0.570] 
[2026-04-07 21:22:12] Rep 5, p = 2000: Witten [feat=NA, acc=NA], Arias [feat=NA, acc=NA], IF-PCA [feat=NA, acc=NA], SCVX [acc=0.535] 
[2026-04-07 21:22:35] Rep 8, p = 2000: Witten [feat=NA, acc=NA], Arias [feat=NA, acc=NA], IF-PCA [feat=NA, acc=NA], SCVX [acc=0.515] 
[2026-04-07 21:22:47] Rep 10, p = 2000: Witten [feat=NA, acc=NA], Arias [feat=NA, acc=NA], IF-PCA [feat=NA, acc=NA], SCVX [acc=0.620] 
[2026-04-07 21:24:02] Rep 9, p = 2000: Witten [feat=NA, acc=NA], Arias [feat=NA, acc=NA], IF-PCA [feat=NA, acc=NA], SCVX [acc=0.525] 
[2026-04-07 21:25:01] Rep 12, p = 2000: Witten [feat=NA, acc=NA], Arias [feat=NA, acc=NA], IF-PCA [feat=NA, acc=NA], SCVX [acc=0.660] 
[2026-04-07 21:25:09] Rep 13, p = 2000: Witten [feat=NA, acc=NA], Arias [feat=NA, acc=NA], IF-PCA [feat=NA, acc=NA], SCVX [acc=0.575] 
[2026-04-07 21:25:28] Rep 19, p = 2000: Witten [feat=NA, acc=NA], Arias [feat=NA, acc=NA], IF-PCA [feat=NA, acc=NA], SCVX [acc=0.575] 
[2026-04-07 21:25:38] Rep 17, p = 2000: Witten [feat=NA, acc=NA], Arias [feat=NA, acc=NA], IF-PCA [feat=NA, acc=NA], SCVX [acc=0.590] 
[2026-04-07 21:26:08] Rep 18, p = 2000: Witten [feat=NA, acc=NA], Arias [feat=NA, acc=NA], IF-PCA [feat=NA, acc=NA], SCVX [acc=0.500] 
[2026-04-07 21:27:57] Rep 23, p = 2000: Witten [feat=NA, acc=NA], Arias [feat=NA, acc=NA], IF-PCA [feat=NA, acc=NA], SCVX [acc=0.505] 
[2026-04-07 21:28:05] Rep 2, p = 2000: Witten [feat=NA, acc=NA], Arias [feat=NA, acc=NA], IF-PCA [feat=NA, acc=NA], SCVX [acc=0.565] 
[2026-04-07 21:28:51] Rep 25, p = 2000: Witten [feat=NA, acc=NA], Arias [feat=NA, acc=NA], IF-PCA [feat=NA, acc=NA], SCVX [acc=0.570] 
[2026-04-07 21:29:09] Rep 22, p = 2000: Witten [feat=NA, acc=NA], Arias [feat=NA, acc=NA], IF-PCA [feat=NA, acc=NA], SCVX [acc=0.570] 
[2026-04-07 21:29:15] Rep 21, p = 2000: Witten [feat=NA, acc=NA], Arias [feat=NA, acc=NA], IF-PCA [feat=NA, acc=NA], SCVX [acc=0.560] 
[2026-04-07 21:29:27] Rep 16, p = 2000: Witten [feat=NA, acc=NA], Arias [feat=NA, acc=NA], IF-PCA [feat=NA, acc=NA], SCVX [acc=0.655] 
[2026-04-07 21:29:43] Rep 28, p = 2000: Witten [feat=NA, acc=NA], Arias [feat=NA, acc=NA], IF-PCA [feat=NA, acc=NA], SCVX [acc=0.620] 
[2026-04-07 21:30:06] Rep 20, p = 2000: Witten [feat=NA, acc=NA], Arias [feat=NA, acc=NA], IF-PCA [feat=NA, acc=NA], SCVX [acc=0.520] 
[2026-04-07 21:30:48] Rep 26, p = 2000: Witten [feat=NA, acc=NA], Arias [feat=NA, acc=NA], IF-PCA [feat=NA, acc=NA], SCVX [acc=0.650] 
[2026-04-07 21:31:02] Rep 31, p = 2000: Witten [feat=NA, acc=NA], Arias [feat=NA, acc=NA], IF-PCA [feat=NA, acc=NA], SCVX [acc=0.610] 
[2026-04-07 21:31:05] Rep 27, p = 2000: Witten [feat=NA, acc=NA], Arias [feat=NA, acc=NA], IF-PCA [feat=NA, acc=NA], SCVX [acc=0.640] 
[2026-04-07 21:31:59] Rep 24, p = 2000: Witten [feat=NA, acc=NA], Arias [feat=NA, acc=NA], IF-PCA [feat=NA, acc=NA], SCVX [acc=0.700] 
[2026-04-07 21:32:12] Rep 30, p = 2000: Witten [feat=NA, acc=NA], Arias [feat=NA, acc=NA], IF-PCA [feat=NA, acc=NA], SCVX [acc=0.555] 
[2026-04-07 21:34:54] Rep 39, p = 2000: Witten [feat=NA, acc=NA], Arias [feat=NA, acc=NA], IF-PCA [feat=NA, acc=NA], SCVX [acc=0.620] 
[2026-04-07 21:35:20] Rep 36, p = 2000: Witten [feat=NA, acc=NA], Arias [feat=NA, acc=NA], IF-PCA [feat=NA, acc=NA], SCVX [acc=0.635] 
[2026-04-07 21:35:41] Rep 40, p = 2000: Witten [feat=NA, acc=NA], Arias [feat=NA, acc=NA], IF-PCA [feat=NA, acc=NA], SCVX [acc=0.645] 
[2026-04-07 21:35:52] Rep 38, p = 2000: Witten [feat=NA, acc=NA], Arias [feat=NA, acc=NA], IF-PCA [feat=NA, acc=NA], SCVX [acc=0.555] 
[2026-04-07 21:36:04] Rep 42, p = 2000: Witten [feat=NA, acc=NA], Arias [feat=NA, acc=NA], IF-PCA [feat=NA, acc=NA], SCVX [acc=0.625] 
[2026-04-07 21:36:07] Rep 37, p = 2000: Witten [feat=NA, acc=NA], Arias [feat=NA, acc=NA], IF-PCA [feat=NA, acc=NA], SCVX [acc=0.670] 
[2026-04-07 21:36:54] Rep 33, p = 2000: Witten [feat=NA, acc=NA], Arias [feat=NA, acc=NA], IF-PCA [feat=NA, acc=NA], SCVX [acc=0.535] 
[2026-04-07 21:37:39] Rep 41, p = 2000: Witten [feat=NA, acc=NA], Arias [feat=NA, acc=NA], IF-PCA [feat=NA, acc=NA], SCVX [acc=0.545] 
[2026-04-07 21:37:46] Rep 43, p = 2000: Witten [feat=NA, acc=NA], Arias [feat=NA, acc=NA], IF-PCA [feat=NA, acc=NA], SCVX [acc=0.590] 
[2026-04-07 21:38:49] Rep 34, p = 2000: Witten [feat=NA, acc=NA], Arias [feat=NA, acc=NA], IF-PCA [feat=NA, acc=NA], SCVX [acc=0.520] 
[2026-04-07 21:39:29] Rep 29, p = 2000: Witten [feat=NA, acc=NA], Arias [feat=NA, acc=NA], IF-PCA [feat=NA, acc=NA], SCVX [acc=0.675] 
[2026-04-07 21:39:36] Rep 46, p = 2000: Witten [feat=NA, acc=NA], Arias [feat=NA, acc=NA], IF-PCA [feat=NA, acc=NA], SCVX [acc=0.550] 
[2026-04-07 21:39:42] Rep 35, p = 2000: Witten [feat=NA, acc=NA], Arias [feat=NA, acc=NA], IF-PCA [feat=NA, acc=NA], SCVX [acc=0.605] 
[2026-04-07 21:40:04] Rep 44, p = 2000: Witten [feat=NA, acc=NA], Arias [feat=NA, acc=NA], IF-PCA [feat=NA, acc=NA], SCVX [acc=0.545] 
[2026-04-07 21:41:03] Rep 47, p = 2000: Witten [feat=NA, acc=NA], Arias [feat=NA, acc=NA], IF-PCA [feat=NA, acc=NA], SCVX [acc=0.730] 
[2026-04-07 21:41:31] Rep 51, p = 2000: Witten [feat=NA, acc=NA], Arias [feat=NA, acc=NA], IF-PCA [feat=NA, acc=NA], SCVX [acc=0.570] 
[2026-04-07 21:41:54] Rep 49, p = 2000: Witten [feat=NA, acc=NA], Arias [feat=NA, acc=NA], IF-PCA [feat=NA, acc=NA], SCVX [acc=0.570] 
[2026-04-07 21:42:10] Rep 48, p = 2000: Witten [feat=NA, acc=NA], Arias [feat=NA, acc=NA], IF-PCA [feat=NA, acc=NA], SCVX [acc=0.530] 
[2026-04-07 21:42:35] Rep 50, p = 2000: Witten [feat=NA, acc=NA], Arias [feat=NA, acc=NA], IF-PCA [feat=NA, acc=NA], SCVX [acc=0.560] 
[2026-04-07 21:44:07] Rep 45, p = 2000: Witten [feat=NA, acc=NA], Arias [feat=NA, acc=NA], IF-PCA [feat=NA, acc=NA], SCVX [acc=0.520] 
[2026-04-07 21:45:15] Rep 57, p = 2000: Witten [feat=NA, acc=NA], Arias [feat=NA, acc=NA], IF-PCA [feat=NA, acc=NA], SCVX [acc=0.535] 
[2026-04-07 21:45:25] Rep 54, p = 2000: Witten [feat=NA, acc=NA], Arias [feat=NA, acc=NA], IF-PCA [feat=NA, acc=NA], SCVX [acc=0.530] 
[2026-04-07 21:46:05] Rep 52, p = 2000: Witten [feat=NA, acc=NA], Arias [feat=NA, acc=NA], IF-PCA [feat=NA, acc=NA], SCVX [acc=0.520] 
[2026-04-07 21:46:07] Rep 59, p = 2000: Witten [feat=NA, acc=NA], Arias [feat=NA, acc=NA], IF-PCA [feat=NA, acc=NA], SCVX [acc=0.630] 
[2026-04-07 21:46:07] Rep 55, p = 2000: Witten [feat=NA, acc=NA], Arias [feat=NA, acc=NA], IF-PCA [feat=NA, acc=NA], SCVX [acc=0.560] 
[2026-04-07 21:46:07] Rep 32, p = 2000: Witten [feat=NA, acc=NA], Arias [feat=NA, acc=NA], IF-PCA [feat=NA, acc=NA], SCVX [acc=0.575] 
[2026-04-07 21:46:15] Rep 53, p = 2000: Witten [feat=NA, acc=NA], Arias [feat=NA, acc=NA], IF-PCA [feat=NA, acc=NA], SCVX [acc=0.670] 
[2026-04-07 21:46:43] Rep 60, p = 2000: Witten [feat=NA, acc=NA], Arias [feat=NA, acc=NA], IF-PCA [feat=NA, acc=NA], SCVX [acc=0.515] 
[2026-04-07 21:46:56] Rep 56, p = 2000: Witten [feat=NA, acc=NA], Arias [feat=NA, acc=NA], IF-PCA [feat=NA, acc=NA], SCVX [acc=0.570] 
[2026-04-07 21:47:38] Rep 63, p = 2000: Witten [feat=NA, acc=NA], Arias [feat=NA, acc=NA], IF-PCA [feat=NA, acc=NA], SCVX [acc=0.510] 
[2026-04-07 21:48:00] Rep 58, p = 2000: Witten [feat=NA, acc=NA], Arias [feat=NA, acc=NA], IF-PCA [feat=NA, acc=NA], SCVX [acc=NA] 
[2026-04-07 21:48:09] Rep 62, p = 2000: Witten [feat=NA, acc=NA], Arias [feat=NA, acc=NA], IF-PCA [feat=NA, acc=NA], SCVX [acc=0.505] 
[2026-04-07 21:49:30] Rep 61, p = 2000: Witten [feat=NA, acc=NA], Arias [feat=NA, acc=NA], IF-PCA [feat=NA, acc=NA], SCVX [acc=0.550] 
[2026-04-07 21:51:11] Rep 68, p = 2000: Witten [feat=NA, acc=NA], Arias [feat=NA, acc=NA], IF-PCA [feat=NA, acc=NA], SCVX [acc=0.550] 
[2026-04-07 21:51:21] Rep 67, p = 2000: Witten [feat=NA, acc=NA], Arias [feat=NA, acc=NA], IF-PCA [feat=NA, acc=NA], SCVX [acc=0.590] 
[2026-04-07 21:52:00] Rep 64, p = 2000: Witten [feat=NA, acc=NA], Arias [feat=NA, acc=NA], IF-PCA [feat=NA, acc=NA], SCVX [acc=0.550] 
[2026-04-07 21:52:40] Rep 75, p = 2000: Witten [feat=NA, acc=NA], Arias [feat=NA, acc=NA], IF-PCA [feat=NA, acc=NA], SCVX [acc=0.595] 
[2026-04-07 21:52:44] Rep 69, p = 2000: Witten [feat=NA, acc=NA], Arias [feat=NA, acc=NA], IF-PCA [feat=NA, acc=NA], SCVX [acc=0.575] 
[2026-04-07 21:53:01] Rep 66, p = 2000: Witten [feat=NA, acc=NA], Arias [feat=NA, acc=NA], IF-PCA [feat=NA, acc=NA], SCVX [acc=0.565] 
[2026-04-07 21:53:06] Rep 73, p = 2000: Witten [feat=NA, acc=NA], Arias [feat=NA, acc=NA], IF-PCA [feat=NA, acc=NA], SCVX [acc=0.510] 
[2026-04-07 21:53:31] Rep 65, p = 2000: Witten [feat=NA, acc=NA], Arias [feat=NA, acc=NA], IF-PCA [feat=NA, acc=NA], SCVX [acc=0.575] 
[2026-04-07 21:54:39] Rep 72, p = 2000: Witten [feat=NA, acc=NA], Arias [feat=NA, acc=NA], IF-PCA [feat=NA, acc=NA], SCVX [acc=0.525] 
[2026-04-07 21:54:47] Rep 74, p = 2000: Witten [feat=NA, acc=NA], Arias [feat=NA, acc=NA], IF-PCA [feat=NA, acc=NA], SCVX [acc=0.615] 
[2026-04-07 21:55:53] Rep 77, p = 2000: Witten [feat=NA, acc=NA], Arias [feat=NA, acc=NA], IF-PCA [feat=NA, acc=NA], SCVX [acc=0.600] 
[2026-04-07 21:56:28] Rep 71, p = 2000: Witten [feat=NA, acc=NA], Arias [feat=NA, acc=NA], IF-PCA [feat=NA, acc=NA], SCVX [acc=NA] 
[2026-04-07 21:56:32] Rep 76, p = 2000: Witten [feat=NA, acc=NA], Arias [feat=NA, acc=NA], IF-PCA [feat=NA, acc=NA], SCVX [acc=0.565] 
[2026-04-07 21:57:11] Rep 80, p = 2000: Witten [feat=NA, acc=NA], Arias [feat=NA, acc=NA], IF-PCA [feat=NA, acc=NA], SCVX [acc=0.600] 
[2026-04-07 21:57:16] Rep 78, p = 2000: Witten [feat=NA, acc=NA], Arias [feat=NA, acc=NA], IF-PCA [feat=NA, acc=NA], SCVX [acc=0.540] 
[2026-04-07 21:57:25] Rep 70, p = 2000: Witten [feat=NA, acc=NA], Arias [feat=NA, acc=NA], IF-PCA [feat=NA, acc=NA], SCVX [acc=0.605] 
[2026-04-07 21:57:45] Rep 86, p = 2000: Witten [feat=NA, acc=NA], Arias [feat=NA, acc=NA], IF-PCA [feat=NA, acc=NA], SCVX [acc=0.535] 
[2026-04-07 21:58:49] Rep 83, p = 2000: Witten [feat=NA, acc=NA], Arias [feat=NA, acc=NA], IF-PCA [feat=NA, acc=NA], SCVX [acc=0.530] 
[2026-04-07 21:59:25] Rep 79, p = 2000: Witten [feat=NA, acc=NA], Arias [feat=NA, acc=NA], IF-PCA [feat=NA, acc=NA], SCVX [acc=0.545] 
[2026-04-07 21:59:28] Rep 85, p = 2000: Witten [feat=NA, acc=NA], Arias [feat=NA, acc=NA], IF-PCA [feat=NA, acc=NA], SCVX [acc=0.510] 
[2026-04-07 21:59:45] Rep 84, p = 2000: Witten [feat=NA, acc=NA], Arias [feat=NA, acc=NA], IF-PCA [feat=NA, acc=NA], SCVX [acc=0.520] 
[2026-04-07 22:00:20] Rep 88, p = 2000: Witten [feat=NA, acc=NA], Arias [feat=NA, acc=NA], IF-PCA [feat=NA, acc=NA], SCVX [acc=0.585] 
[2026-04-07 22:00:54] Rep 81, p = 2000: Witten [feat=NA, acc=NA], Arias [feat=NA, acc=NA], IF-PCA [feat=NA, acc=NA], SCVX [acc=0.520] 
[2026-04-07 22:01:11] Rep 82, p = 2000: Witten [feat=NA, acc=NA], Arias [feat=NA, acc=NA], IF-PCA [feat=NA, acc=NA], SCVX [acc=0.500] 
[2026-04-07 22:01:44] Rep 87, p = 2000: Witten [feat=NA, acc=NA], Arias [feat=NA, acc=NA], IF-PCA [feat=NA, acc=NA], SCVX [acc=0.515] 
[2026-04-07 22:02:12] Rep 91, p = 2000: Witten [feat=NA, acc=NA], Arias [feat=NA, acc=NA], IF-PCA [feat=NA, acc=NA], SCVX [acc=0.580] 
[2026-04-07 22:02:27] Rep 93, p = 2000: Witten [feat=NA, acc=NA], Arias [feat=NA, acc=NA], IF-PCA [feat=NA, acc=NA], SCVX [acc=0.555] 
[2026-04-07 22:02:50] Rep 92, p = 2000: Witten [feat=NA, acc=NA], Arias [feat=NA, acc=NA], IF-PCA [feat=NA, acc=NA], SCVX [acc=0.540] 
[2026-04-07 22:02:55] Rep 89, p = 2000: Witten [feat=NA, acc=NA], Arias [feat=NA, acc=NA], IF-PCA [feat=NA, acc=NA], SCVX [acc=0.520] 
[2026-04-07 22:03:24] Rep 94, p = 2000: Witten [feat=NA, acc=NA], Arias [feat=NA, acc=NA], IF-PCA [feat=NA, acc=NA], SCVX [acc=0.630] 
[2026-04-07 22:04:19] Rep 98, p = 2000: Witten [feat=NA, acc=NA], Arias [feat=NA, acc=NA], IF-PCA [feat=NA, acc=NA], SCVX [acc=0.510] 
[2026-04-07 22:04:22] Rep 90, p = 2000: Witten [feat=NA, acc=NA], Arias [feat=NA, acc=NA], IF-PCA [feat=NA, acc=NA], SCVX [acc=0.540] 
[2026-04-07 22:04:40] Rep 99, p = 2000: Witten [feat=NA, acc=NA], Arias [feat=NA, acc=NA], IF-PCA [feat=NA, acc=NA], SCVX [acc=0.515] 
[2026-04-07 22:04:52] Rep 96, p = 2000: Witten [feat=NA, acc=NA], Arias [feat=NA, acc=NA], IF-PCA [feat=NA, acc=NA], SCVX [acc=0.615] 
[2026-04-07 22:05:02] Rep 97, p = 2000: Witten [feat=NA, acc=NA], Arias [feat=NA, acc=NA], IF-PCA [feat=NA, acc=NA], SCVX [acc=0.550] 
[2026-04-07 22:05:05] Rep 95, p = 2000: Witten [feat=NA, acc=NA], Arias [feat=NA, acc=NA], IF-PCA [feat=NA, acc=NA], SCVX [acc=0.550] 
[2026-04-07 22:05:10] Rep 100, p = 2000: Witten [feat=NA, acc=NA], Arias [feat=NA, acc=NA], IF-PCA [feat=NA, acc=NA], SCVX [acc=0.610] 

--- Dimension p = 3000 ---
[2026-04-07 22:10:04] Rep 3, p = 3000: Witten [feat=NA, acc=NA], Arias [feat=NA, acc=NA], IF-PCA [feat=NA, acc=NA], SCVX [acc=0.570] 
[2026-04-07 22:10:09] Rep 13, p = 3000: Witten [feat=NA, acc=NA], Arias [feat=NA, acc=NA], IF-PCA [feat=NA, acc=NA], SCVX [acc=0.555] 
[2026-04-07 22:10:27] Rep 8, p = 3000: Witten [feat=NA, acc=NA], Arias [feat=NA, acc=NA], IF-PCA [feat=NA, acc=NA], SCVX [acc=0.565] 
[2026-04-07 22:10:40] Rep 5, p = 3000: Witten [feat=NA, acc=NA], Arias [feat=NA, acc=NA], IF-PCA [feat=NA, acc=NA], SCVX [acc=0.510] 
[2026-04-07 22:10:54] Rep 6, p = 3000: Witten [feat=NA, acc=NA], Arias [feat=NA, acc=NA], IF-PCA [feat=NA, acc=NA], SCVX [acc=0.550] 
[2026-04-07 22:11:01] Rep 14, p = 3000: Witten [feat=NA, acc=NA], Arias [feat=NA, acc=NA], IF-PCA [feat=NA, acc=NA], SCVX [acc=0.505] 
[2026-04-07 22:11:06] Rep 10, p = 3000: Witten [feat=NA, acc=NA], Arias [feat=NA, acc=NA], IF-PCA [feat=NA, acc=NA], SCVX [acc=0.565] 
[2026-04-07 22:11:16] Rep 12, p = 3000: Witten [feat=NA, acc=NA], Arias [feat=NA, acc=NA], IF-PCA [feat=NA, acc=NA], SCVX [acc=0.585] 
[2026-04-07 22:11:24] Rep 2, p = 3000: Witten [feat=NA, acc=NA], Arias [feat=NA, acc=NA], IF-PCA [feat=NA, acc=NA], SCVX [acc=0.550] 
[2026-04-07 22:11:36] Rep 15, p = 3000: Witten [feat=NA, acc=NA], Arias [feat=NA, acc=NA], IF-PCA [feat=NA, acc=NA], SCVX [acc=0.515] 
[2026-04-07 22:11:39] Rep 7, p = 3000: Witten [feat=NA, acc=NA], Arias [feat=NA, acc=NA], IF-PCA [feat=NA, acc=NA], SCVX [acc=0.505] 
[2026-04-07 22:11:43] Rep 9, p = 3000: Witten [feat=NA, acc=NA], Arias [feat=NA, acc=NA], IF-PCA [feat=NA, acc=NA], SCVX [acc=0.540] 
[2026-04-07 22:11:54] Rep 4, p = 3000: Witten [feat=NA, acc=NA], Arias [feat=NA, acc=NA], IF-PCA [feat=NA, acc=NA], SCVX [acc=0.525] 
[2026-04-07 22:12:37] Rep 1, p = 3000: Witten [feat=NA, acc=NA], Arias [feat=NA, acc=NA], IF-PCA [feat=NA, acc=NA], SCVX [acc=0.520] 
[2026-04-07 22:12:46] Rep 11, p = 3000: Witten [feat=NA, acc=NA], Arias [feat=NA, acc=NA], IF-PCA [feat=NA, acc=NA], SCVX [acc=0.520] 
[2026-04-07 22:16:22] Rep 16, p = 3000: Witten [feat=NA, acc=NA], Arias [feat=NA, acc=NA], IF-PCA [feat=NA, acc=NA], SCVX [acc=0.635] 
[2026-04-07 22:17:07] Rep 28, p = 3000: Witten [feat=NA, acc=NA], Arias [feat=NA, acc=NA], IF-PCA [feat=NA, acc=NA], SCVX [acc=0.575] 
[2026-04-07 22:17:27] Rep 18, p = 3000: Witten [feat=NA, acc=NA], Arias [feat=NA, acc=NA], IF-PCA [feat=NA, acc=NA], SCVX [acc=0.570] 
[2026-04-07 22:17:31] Rep 27, p = 3000: Witten [feat=NA, acc=NA], Arias [feat=NA, acc=NA], IF-PCA [feat=NA, acc=NA], SCVX [acc=0.545] 
[2026-04-07 22:17:46] Rep 22, p = 3000: Witten [feat=NA, acc=NA], Arias [feat=NA, acc=NA], IF-PCA [feat=NA, acc=NA], SCVX [acc=0.560] 
[2026-04-07 22:18:00] Rep 26, p = 3000: Witten [feat=NA, acc=NA], Arias [feat=NA, acc=NA], IF-PCA [feat=NA, acc=NA], SCVX [acc=0.565] 
[2026-04-07 22:18:05] Rep 17, p = 3000: Witten [feat=NA, acc=NA], Arias [feat=NA, acc=NA], IF-PCA [feat=NA, acc=NA], SCVX [acc=0.535] 
[2026-04-07 22:18:06] Rep 20, p = 3000: Witten [feat=NA, acc=NA], Arias [feat=NA, acc=NA], IF-PCA [feat=NA, acc=NA], SCVX [acc=0.505] 
[2026-04-07 22:18:17] Rep 24, p = 3000: Witten [feat=NA, acc=NA], Arias [feat=NA, acc=NA], IF-PCA [feat=NA, acc=NA], SCVX [acc=0.555] 
[2026-04-07 22:18:17] Rep 19, p = 3000: Witten [feat=NA, acc=NA], Arias [feat=NA, acc=NA], IF-PCA [feat=NA, acc=NA], SCVX [acc=0.510] 
[2026-04-07 22:18:26] Rep 21, p = 3000: Witten [feat=NA, acc=NA], Arias [feat=NA, acc=NA], IF-PCA [feat=NA, acc=NA], SCVX [acc=0.545] 
[2026-04-07 22:19:14] Rep 23, p = 3000: Witten [feat=NA, acc=NA], Arias [feat=NA, acc=NA], IF-PCA [feat=NA, acc=NA], SCVX [acc=0.595] 
[2026-04-07 22:19:36] Rep 30, p = 3000: Witten [feat=NA, acc=NA], Arias [feat=NA, acc=NA], IF-PCA [feat=NA, acc=NA], SCVX [acc=0.545] 
[2026-04-07 22:19:51] Rep 25, p = 3000: Witten [feat=NA, acc=NA], Arias [feat=NA, acc=NA], IF-PCA [feat=NA, acc=NA], SCVX [acc=0.565] 
[2026-04-07 22:20:35] Rep 29, p = 3000: Witten [feat=NA, acc=NA], Arias [feat=NA, acc=NA], IF-PCA [feat=NA, acc=NA], SCVX [acc=0.590] 
[2026-04-07 22:22:46] Rep 31, p = 3000: Witten [feat=NA, acc=NA], Arias [feat=NA, acc=NA], IF-PCA [feat=NA, acc=NA], SCVX [acc=0.600] 
[2026-04-07 22:23:45] Rep 32, p = 3000: Witten [feat=NA, acc=NA], Arias [feat=NA, acc=NA], IF-PCA [feat=NA, acc=NA], SCVX [acc=0.555] 
[2026-04-07 22:24:21] Rep 38, p = 3000: Witten [feat=NA, acc=NA], Arias [feat=NA, acc=NA], IF-PCA [feat=NA, acc=NA], SCVX [acc=0.515] 
[2026-04-07 22:24:26] Rep 40, p = 3000: Witten [feat=NA, acc=NA], Arias [feat=NA, acc=NA], IF-PCA [feat=NA, acc=NA], SCVX [acc=0.540] 
[2026-04-07 22:24:33] Rep 39, p = 3000: Witten [feat=NA, acc=NA], Arias [feat=NA, acc=NA], IF-PCA [feat=NA, acc=NA], SCVX [acc=0.565] 
[2026-04-07 22:24:35] Rep 37, p = 3000: Witten [feat=NA, acc=NA], Arias [feat=NA, acc=NA], IF-PCA [feat=NA, acc=NA], SCVX [acc=0.560] 
[2026-04-07 22:24:52] Rep 36, p = 3000: Witten [feat=NA, acc=NA], Arias [feat=NA, acc=NA], IF-PCA [feat=NA, acc=NA], SCVX [acc=0.525] 
[2026-04-07 22:25:04] Rep 35, p = 3000: Witten [feat=NA, acc=NA], Arias [feat=NA, acc=NA], IF-PCA [feat=NA, acc=NA], SCVX [acc=0.625] 
[2026-04-07 22:26:10] Rep 41, p = 3000: Witten [feat=NA, acc=NA], Arias [feat=NA, acc=NA], IF-PCA [feat=NA, acc=NA], SCVX [acc=0.620] 
[2026-04-07 22:26:22] Rep 34, p = 3000: Witten [feat=NA, acc=NA], Arias [feat=NA, acc=NA], IF-PCA [feat=NA, acc=NA], SCVX [acc=0.515] 
[2026-04-07 22:26:45] Rep 33, p = 3000: Witten [feat=NA, acc=NA], Arias [feat=NA, acc=NA], IF-PCA [feat=NA, acc=NA], SCVX [acc=0.505] 
[2026-04-07 22:26:47] Rep 42, p = 3000: Witten [feat=NA, acc=NA], Arias [feat=NA, acc=NA], IF-PCA [feat=NA, acc=NA], SCVX [acc=0.535] 
[2026-04-07 22:27:09] Rep 44, p = 3000: Witten [feat=NA, acc=NA], Arias [feat=NA, acc=NA], IF-PCA [feat=NA, acc=NA], SCVX [acc=0.590] 
[2026-04-07 22:27:23] Rep 43, p = 3000: Witten [feat=NA, acc=NA], Arias [feat=NA, acc=NA], IF-PCA [feat=NA, acc=NA], SCVX [acc=0.580] 
[2026-04-07 22:28:25] Rep 45, p = 3000: Witten [feat=NA, acc=NA], Arias [feat=NA, acc=NA], IF-PCA [feat=NA, acc=NA], SCVX [acc=0.525] 
[2026-04-07 22:29:32] Rep 46, p = 3000: Witten [feat=NA, acc=NA], Arias [feat=NA, acc=NA], IF-PCA [feat=NA, acc=NA], SCVX [acc=0.550] 
[2026-04-07 22:30:40] Rep 51, p = 3000: Witten [feat=NA, acc=NA], Arias [feat=NA, acc=NA], IF-PCA [feat=NA, acc=NA], SCVX [acc=0.600] 
[2026-04-07 22:30:53] Rep 50, p = 3000: Witten [feat=NA, acc=NA], Arias [feat=NA, acc=NA], IF-PCA [feat=NA, acc=NA], SCVX [acc=0.695] 
[2026-04-07 22:30:59] Rep 49, p = 3000: Witten [feat=NA, acc=NA], Arias [feat=NA, acc=NA], IF-PCA [feat=NA, acc=NA], SCVX [acc=0.535] 
[2026-04-07 22:31:15] Rep 52, p = 3000: Witten [feat=NA, acc=NA], Arias [feat=NA, acc=NA], IF-PCA [feat=NA, acc=NA], SCVX [acc=0.570] 
[2026-04-07 22:31:39] Rep 48, p = 3000: Witten [feat=NA, acc=NA], Arias [feat=NA, acc=NA], IF-PCA [feat=NA, acc=NA], SCVX [acc=0.570] 
[2026-04-07 22:32:06] Rep 57, p = 3000: Witten [feat=NA, acc=NA], Arias [feat=NA, acc=NA], IF-PCA [feat=NA, acc=NA], SCVX [acc=0.545] 
[2026-04-07 22:32:14] Rep 53, p = 3000: Witten [feat=NA, acc=NA], Arias [feat=NA, acc=NA], IF-PCA [feat=NA, acc=NA], SCVX [acc=0.560] 
[2026-04-07 22:33:02] Rep 47, p = 3000: Witten [feat=NA, acc=NA], Arias [feat=NA, acc=NA], IF-PCA [feat=NA, acc=NA], SCVX [acc=0.505] 
[2026-04-07 22:33:20] Rep 56, p = 3000: Witten [feat=NA, acc=NA], Arias [feat=NA, acc=NA], IF-PCA [feat=NA, acc=NA], SCVX [acc=0.510] 
[2026-04-07 22:33:31] Rep 54, p = 3000: Witten [feat=NA, acc=NA], Arias [feat=NA, acc=NA], IF-PCA [feat=NA, acc=NA], SCVX [acc=0.505] 
[2026-04-07 22:33:44] Rep 58, p = 3000: Witten [feat=NA, acc=NA], Arias [feat=NA, acc=NA], IF-PCA [feat=NA, acc=NA], SCVX [acc=0.535] 
[2026-04-07 22:33:50] Rep 59, p = 3000: Witten [feat=NA, acc=NA], Arias [feat=NA, acc=NA], IF-PCA [feat=NA, acc=NA], SCVX [acc=0.560] 
[2026-04-07 22:34:00] Rep 55, p = 3000: Witten [feat=NA, acc=NA], Arias [feat=NA, acc=NA], IF-PCA [feat=NA, acc=NA], SCVX [acc=0.565] 
[2026-04-07 22:36:10] Rep 60, p = 3000: Witten [feat=NA, acc=NA], Arias [feat=NA, acc=NA], IF-PCA [feat=NA, acc=NA], SCVX [acc=0.505] 
[2026-04-07 22:36:34] Rep 61, p = 3000: Witten [feat=NA, acc=NA], Arias [feat=NA, acc=NA], IF-PCA [feat=NA, acc=NA], SCVX [acc=0.540] 
[2026-04-07 22:38:00] Rep 66, p = 3000: Witten [feat=NA, acc=NA], Arias [feat=NA, acc=NA], IF-PCA [feat=NA, acc=NA], SCVX [acc=0.535] 
[2026-04-07 22:39:04] Rep 68, p = 3000: Witten [feat=NA, acc=NA], Arias [feat=NA, acc=NA], IF-PCA [feat=NA, acc=NA], SCVX [acc=0.560] 
[2026-04-07 22:39:22] Rep 64, p = 3000: Witten [feat=NA, acc=NA], Arias [feat=NA, acc=NA], IF-PCA [feat=NA, acc=NA], SCVX [acc=0.575] 
[2026-04-07 22:39:27] Rep 65, p = 3000: Witten [feat=NA, acc=NA], Arias [feat=NA, acc=NA], IF-PCA [feat=NA, acc=NA], SCVX [acc=0.545] 
[2026-04-07 22:39:35] Rep 67, p = 3000: Witten [feat=NA, acc=NA], Arias [feat=NA, acc=NA], IF-PCA [feat=NA, acc=NA], SCVX [acc=0.590] 
[2026-04-07 22:40:16] Rep 63, p = 3000: Witten [feat=NA, acc=NA], Arias [feat=NA, acc=NA], IF-PCA [feat=NA, acc=NA], SCVX [acc=0.545] 
[2026-04-07 22:40:25] Rep 62, p = 3000: Witten [feat=NA, acc=NA], Arias [feat=NA, acc=NA], IF-PCA [feat=NA, acc=NA], SCVX [acc=0.540] 
[2026-04-07 22:40:26] Rep 72, p = 3000: Witten [feat=NA, acc=NA], Arias [feat=NA, acc=NA], IF-PCA [feat=NA, acc=NA], SCVX [acc=0.620] 
[2026-04-07 22:40:31] Rep 73, p = 3000: Witten [feat=NA, acc=NA], Arias [feat=NA, acc=NA], IF-PCA [feat=NA, acc=NA], SCVX [acc=0.575] 
[2026-04-07 22:40:38] Rep 74, p = 3000: Witten [feat=NA, acc=NA], Arias [feat=NA, acc=NA], IF-PCA [feat=NA, acc=NA], SCVX [acc=0.545] 
[2026-04-07 22:41:52] Rep 71, p = 3000: Witten [feat=NA, acc=NA], Arias [feat=NA, acc=NA], IF-PCA [feat=NA, acc=NA], SCVX [acc=0.555] 
[2026-04-07 22:42:09] Rep 69, p = 3000: Witten [feat=NA, acc=NA], Arias [feat=NA, acc=NA], IF-PCA [feat=NA, acc=NA], SCVX [acc=0.645] 
[2026-04-07 22:42:09] Rep 75, p = 3000: Witten [feat=NA, acc=NA], Arias [feat=NA, acc=NA], IF-PCA [feat=NA, acc=NA], SCVX [acc=0.510] 
[2026-04-07 22:42:35] Rep 70, p = 3000: Witten [feat=NA, acc=NA], Arias [feat=NA, acc=NA], IF-PCA [feat=NA, acc=NA], SCVX [acc=0.595] 
[2026-04-07 22:44:26] Rep 76, p = 3000: Witten [feat=NA, acc=NA], Arias [feat=NA, acc=NA], IF-PCA [feat=NA, acc=NA], SCVX [acc=0.520] 
[2026-04-07 22:44:59] Rep 77, p = 3000: Witten [feat=NA, acc=NA], Arias [feat=NA, acc=NA], IF-PCA [feat=NA, acc=NA], SCVX [acc=0.540] 
[2026-04-07 22:46:08] Rep 82, p = 3000: Witten [feat=NA, acc=NA], Arias [feat=NA, acc=NA], IF-PCA [feat=NA, acc=NA], SCVX [acc=0.540] 
[2026-04-07 22:46:23] Rep 80, p = 3000: Witten [feat=NA, acc=NA], Arias [feat=NA, acc=NA], IF-PCA [feat=NA, acc=NA], SCVX [acc=0.560] 
[2026-04-07 22:46:24] Rep 79, p = 3000: Witten [feat=NA, acc=NA], Arias [feat=NA, acc=NA], IF-PCA [feat=NA, acc=NA], SCVX [acc=0.540] 
[2026-04-07 22:46:45] Rep 84, p = 3000: Witten [feat=NA, acc=NA], Arias [feat=NA, acc=NA], IF-PCA [feat=NA, acc=NA], SCVX [acc=0.505] 
[2026-04-07 22:47:14] Rep 78, p = 3000: Witten [feat=NA, acc=NA], Arias [feat=NA, acc=NA], IF-PCA [feat=NA, acc=NA], SCVX [acc=0.560] 
[2026-04-07 22:47:21] Rep 85, p = 3000: Witten [feat=NA, acc=NA], Arias [feat=NA, acc=NA], IF-PCA [feat=NA, acc=NA], SCVX [acc=0.530] 
[2026-04-07 22:47:21] Rep 83, p = 3000: Witten [feat=NA, acc=NA], Arias [feat=NA, acc=NA], IF-PCA [feat=NA, acc=NA], SCVX [acc=0.530] 
[2026-04-07 22:47:46] Rep 90, p = 3000: Witten [feat=NA, acc=NA], Arias [feat=NA, acc=NA], IF-PCA [feat=NA, acc=NA], SCVX [acc=0.515] 
[2026-04-07 22:48:22] Rep 87, p = 3000: Witten [feat=NA, acc=NA], Arias [feat=NA, acc=NA], IF-PCA [feat=NA, acc=NA], SCVX [acc=0.515] 
[2026-04-07 22:48:30] Rep 86, p = 3000: Witten [feat=NA, acc=NA], Arias [feat=NA, acc=NA], IF-PCA [feat=NA, acc=NA], SCVX [acc=0.560] 
[2026-04-07 22:48:31] Rep 81, p = 3000: Witten [feat=NA, acc=NA], Arias [feat=NA, acc=NA], IF-PCA [feat=NA, acc=NA], SCVX [acc=0.515] 
[2026-04-07 22:48:47] Rep 89, p = 3000: Witten [feat=NA, acc=NA], Arias [feat=NA, acc=NA], IF-PCA [feat=NA, acc=NA], SCVX [acc=0.600] 
[2026-04-07 22:49:46] Rep 88, p = 3000: Witten [feat=NA, acc=NA], Arias [feat=NA, acc=NA], IF-PCA [feat=NA, acc=NA], SCVX [acc=0.505] 
[2026-04-07 22:50:31] Rep 92, p = 3000: Witten [feat=NA, acc=NA], Arias [feat=NA, acc=NA], IF-PCA [feat=NA, acc=NA], SCVX [acc=0.530] 
[2026-04-07 22:51:24] Rep 91, p = 3000: Witten [feat=NA, acc=NA], Arias [feat=NA, acc=NA], IF-PCA [feat=NA, acc=NA], SCVX [acc=0.560] 
[2026-04-07 22:52:00] Rep 100, p = 3000: Witten [feat=NA, acc=NA], Arias [feat=NA, acc=NA], IF-PCA [feat=NA, acc=NA], SCVX [acc=0.600] 
[2026-04-07 22:52:12] Rep 99, p = 3000: Witten [feat=NA, acc=NA], Arias [feat=NA, acc=NA], IF-PCA [feat=NA, acc=NA], SCVX [acc=0.510] 
[2026-04-07 22:52:15] Rep 97, p = 3000: Witten [feat=NA, acc=NA], Arias [feat=NA, acc=NA], IF-PCA [feat=NA, acc=NA], SCVX [acc=0.620] 
[2026-04-07 22:52:17] Rep 93, p = 3000: Witten [feat=NA, acc=NA], Arias [feat=NA, acc=NA], IF-PCA [feat=NA, acc=NA], SCVX [acc=0.575] 
[2026-04-07 22:52:20] Rep 98, p = 3000: Witten [feat=NA, acc=NA], Arias [feat=NA, acc=NA], IF-PCA [feat=NA, acc=NA], SCVX [acc=0.550] 
[2026-04-07 22:52:20] Rep 94, p = 3000: Witten [feat=NA, acc=NA], Arias [feat=NA, acc=NA], IF-PCA [feat=NA, acc=NA], SCVX [acc=0.545] 
[2026-04-07 22:52:34] Rep 95, p = 3000: Witten [feat=NA, acc=NA], Arias [feat=NA, acc=NA], IF-PCA [feat=NA, acc=NA], SCVX [acc=0.515] 
[2026-04-07 22:52:42] Rep 96, p = 3000: Witten [feat=NA, acc=NA], Arias [feat=NA, acc=NA], IF-PCA [feat=NA, acc=NA], SCVX [acc=0.600] 

--- Dimension p = 4000 ---
[2026-04-07 23:09:04] Rep 12, p = 4000: Witten [feat=NA, acc=NA], Arias [feat=NA, acc=NA], IF-PCA [feat=NA, acc=NA], SCVX [acc=NA] 
[2026-04-07 23:09:39] Rep 4, p = 4000: Witten [feat=NA, acc=NA], Arias [feat=NA, acc=NA], IF-PCA [feat=NA, acc=NA], SCVX [acc=0.510] 
[2026-04-07 23:10:16] Rep 5, p = 4000: Witten [feat=NA, acc=NA], Arias [feat=NA, acc=NA], IF-PCA [feat=NA, acc=NA], SCVX [acc=0.585] 
[2026-04-07 23:10:18] Rep 8, p = 4000: Witten [feat=NA, acc=NA], Arias [feat=NA, acc=NA], IF-PCA [feat=NA, acc=NA], SCVX [acc=0.565] 
[2026-04-07 23:10:34] Rep 13, p = 4000: Witten [feat=NA, acc=NA], Arias [feat=NA, acc=NA], IF-PCA [feat=NA, acc=NA], SCVX [acc=0.515] 
[2026-04-07 23:10:45] Rep 15, p = 4000: Witten [feat=NA, acc=NA], Arias [feat=NA, acc=NA], IF-PCA [feat=NA, acc=NA], SCVX [acc=0.525] 
[2026-04-07 23:10:52] Rep 7, p = 4000: Witten [feat=NA, acc=NA], Arias [feat=NA, acc=NA], IF-PCA [feat=NA, acc=NA], SCVX [acc=NA] 
[2026-04-07 23:10:54] Rep 1, p = 4000: Witten [feat=NA, acc=NA], Arias [feat=NA, acc=NA], IF-PCA [feat=NA, acc=NA], SCVX [acc=NA] 
[2026-04-07 23:11:15] Rep 9, p = 4000: Witten [feat=NA, acc=NA], Arias [feat=NA, acc=NA], IF-PCA [feat=NA, acc=NA], SCVX [acc=0.530] 
[2026-04-07 23:11:19] Rep 3, p = 4000: Witten [feat=NA, acc=NA], Arias [feat=NA, acc=NA], IF-PCA [feat=NA, acc=NA], SCVX [acc=0.525] 
[2026-04-07 23:11:22] Rep 11, p = 4000: Witten [feat=NA, acc=NA], Arias [feat=NA, acc=NA], IF-PCA [feat=NA, acc=NA], SCVX [acc=0.525] 
[2026-04-07 23:11:32] Rep 6, p = 4000: Witten [feat=NA, acc=NA], Arias [feat=NA, acc=NA], IF-PCA [feat=NA, acc=NA], SCVX [acc=NA] 
[2026-04-07 23:11:38] Rep 10, p = 4000: Witten [feat=NA, acc=NA], Arias [feat=NA, acc=NA], IF-PCA [feat=NA, acc=NA], SCVX [acc=NA] 
[2026-04-07 23:11:44] Rep 14, p = 4000: Witten [feat=NA, acc=NA], Arias [feat=NA, acc=NA], IF-PCA [feat=NA, acc=NA], SCVX [acc=0.525] 
[2026-04-07 23:11:45] Rep 2, p = 4000: Witten [feat=NA, acc=NA], Arias [feat=NA, acc=NA], IF-PCA [feat=NA, acc=NA], SCVX [acc=NA] 
[2026-04-07 23:28:59] Rep 27, p = 4000: Witten [feat=NA, acc=NA], Arias [feat=NA, acc=NA], IF-PCA [feat=NA, acc=NA], SCVX [acc=NA] 
[2026-04-07 23:29:23] Rep 21, p = 4000: Witten [feat=NA, acc=NA], Arias [feat=NA, acc=NA], IF-PCA [feat=NA, acc=NA], SCVX [acc=0.570] 
[2026-04-07 23:30:00] Rep 26, p = 4000: Witten [feat=NA, acc=NA], Arias [feat=NA, acc=NA], IF-PCA [feat=NA, acc=NA], SCVX [acc=0.560] 
[2026-04-07 23:30:04] Rep 25, p = 4000: Witten [feat=NA, acc=NA], Arias [feat=NA, acc=NA], IF-PCA [feat=NA, acc=NA], SCVX [acc=0.530] 
[2026-04-07 23:30:06] Rep 30, p = 4000: Witten [feat=NA, acc=NA], Arias [feat=NA, acc=NA], IF-PCA [feat=NA, acc=NA], SCVX [acc=NA] 
[2026-04-07 23:30:09] Rep 23, p = 4000: Witten [feat=NA, acc=NA], Arias [feat=NA, acc=NA], IF-PCA [feat=NA, acc=NA], SCVX [acc=0.570] 
[2026-04-07 23:30:19] Rep 20, p = 4000: Witten [feat=NA, acc=NA], Arias [feat=NA, acc=NA], IF-PCA [feat=NA, acc=NA], SCVX [acc=0.540] 
[2026-04-07 23:30:32] Rep 18, p = 4000: Witten [feat=NA, acc=NA], Arias [feat=NA, acc=NA], IF-PCA [feat=NA, acc=NA], SCVX [acc=NA] 
[2026-04-07 23:30:50] Rep 19, p = 4000: Witten [feat=NA, acc=NA], Arias [feat=NA, acc=NA], IF-PCA [feat=NA, acc=NA], SCVX [acc=0.565] 
[2026-04-07 23:31:00] Rep 17, p = 4000: Witten [feat=NA, acc=NA], Arias [feat=NA, acc=NA], IF-PCA [feat=NA, acc=NA], SCVX [acc=NA] 
[2026-04-07 23:31:08] Rep 16, p = 4000: Witten [feat=NA, acc=NA], Arias [feat=NA, acc=NA], IF-PCA [feat=NA, acc=NA], SCVX [acc=0.505] 
[2026-04-07 23:31:14] Rep 29, p = 4000: Witten [feat=NA, acc=NA], Arias [feat=NA, acc=NA], IF-PCA [feat=NA, acc=NA], SCVX [acc=0.585] 
[2026-04-07 23:31:24] Rep 24, p = 4000: Witten [feat=NA, acc=NA], Arias [feat=NA, acc=NA], IF-PCA [feat=NA, acc=NA], SCVX [acc=NA] 
[2026-04-07 23:31:56] Rep 28, p = 4000: Witten [feat=NA, acc=NA], Arias [feat=NA, acc=NA], IF-PCA [feat=NA, acc=NA], SCVX [acc=NA] 
[2026-04-07 23:32:19] Rep 22, p = 4000: Witten [feat=NA, acc=NA], Arias [feat=NA, acc=NA], IF-PCA [feat=NA, acc=NA], SCVX [acc=0.615] 
[2026-04-07 23:50:07] Rep 36, p = 4000: Witten [feat=NA, acc=NA], Arias [feat=NA, acc=NA], IF-PCA [feat=NA, acc=NA], SCVX [acc=NA] 
[2026-04-07 23:50:20] Rep 35, p = 4000: Witten [feat=NA, acc=NA], Arias [feat=NA, acc=NA], IF-PCA [feat=NA, acc=NA], SCVX [acc=NA] 
[2026-04-07 23:50:30] Rep 39, p = 4000: Witten [feat=NA, acc=NA], Arias [feat=NA, acc=NA], IF-PCA [feat=NA, acc=NA], SCVX [acc=0.520] 
[2026-04-07 23:50:34] Rep 45, p = 4000: Witten [feat=NA, acc=NA], Arias [feat=NA, acc=NA], IF-PCA [feat=NA, acc=NA], SCVX [acc=0.505] 
[2026-04-07 23:50:46] Rep 31, p = 4000: Witten [feat=NA, acc=NA], Arias [feat=NA, acc=NA], IF-PCA [feat=NA, acc=NA], SCVX [acc=NA] 
[2026-04-07 23:50:56] Rep 34, p = 4000: Witten [feat=NA, acc=NA], Arias [feat=NA, acc=NA], IF-PCA [feat=NA, acc=NA], SCVX [acc=0.610] 
[2026-04-07 23:51:04] Rep 44, p = 4000: Witten [feat=NA, acc=NA], Arias [feat=NA, acc=NA], IF-PCA [feat=NA, acc=NA], SCVX [acc=0.540] 
[2026-04-07 23:51:13] Rep 42, p = 4000: Witten [feat=NA, acc=NA], Arias [feat=NA, acc=NA], IF-PCA [feat=NA, acc=NA], SCVX [acc=0.560] 
[2026-04-07 23:51:34] Rep 38, p = 4000: Witten [feat=NA, acc=NA], Arias [feat=NA, acc=NA], IF-PCA [feat=NA, acc=NA], SCVX [acc=NA] 
[2026-04-07 23:51:53] Rep 43, p = 4000: Witten [feat=NA, acc=NA], Arias [feat=NA, acc=NA], IF-PCA [feat=NA, acc=NA], SCVX [acc=0.645] 
[2026-04-07 23:52:24] Rep 33, p = 4000: Witten [feat=NA, acc=NA], Arias [feat=NA, acc=NA], IF-PCA [feat=NA, acc=NA], SCVX [acc=NA] 
[2026-04-07 23:52:32] Rep 37, p = 4000: Witten [feat=NA, acc=NA], Arias [feat=NA, acc=NA], IF-PCA [feat=NA, acc=NA], SCVX [acc=0.590] 
[2026-04-07 23:52:32] Rep 41, p = 4000: Witten [feat=NA, acc=NA], Arias [feat=NA, acc=NA], IF-PCA [feat=NA, acc=NA], SCVX [acc=0.535] 
[2026-04-07 23:53:14] Rep 40, p = 4000: Witten [feat=NA, acc=NA], Arias [feat=NA, acc=NA], IF-PCA [feat=NA, acc=NA], SCVX [acc=0.515] 
[2026-04-07 23:54:19] Rep 32, p = 4000: Witten [feat=NA, acc=NA], Arias [feat=NA, acc=NA], IF-PCA [feat=NA, acc=NA], SCVX [acc=0.575] 
[2026-04-08 00:10:59] Rep 56, p = 4000: Witten [feat=NA, acc=NA], Arias [feat=NA, acc=NA], IF-PCA [feat=NA, acc=NA], SCVX [acc=0.600] 
[2026-04-08 00:11:18] Rep 51, p = 4000: Witten [feat=NA, acc=NA], Arias [feat=NA, acc=NA], IF-PCA [feat=NA, acc=NA], SCVX [acc=0.515] 
[2026-04-08 00:11:43] Rep 55, p = 4000: Witten [feat=NA, acc=NA], Arias [feat=NA, acc=NA], IF-PCA [feat=NA, acc=NA], SCVX [acc=0.505] 
[2026-04-08 00:11:45] Rep 46, p = 4000: Witten [feat=NA, acc=NA], Arias [feat=NA, acc=NA], IF-PCA [feat=NA, acc=NA], SCVX [acc=0.610] 
[2026-04-08 00:12:02] Rep 58, p = 4000: Witten [feat=NA, acc=NA], Arias [feat=NA, acc=NA], IF-PCA [feat=NA, acc=NA], SCVX [acc=0.565] 
[2026-04-08 00:12:08] Rep 49, p = 4000: Witten [feat=NA, acc=NA], Arias [feat=NA, acc=NA], IF-PCA [feat=NA, acc=NA], SCVX [acc=0.655] 
[2026-04-08 00:12:10] Rep 48, p = 4000: Witten [feat=NA, acc=NA], Arias [feat=NA, acc=NA], IF-PCA [feat=NA, acc=NA], SCVX [acc=NA] 
[2026-04-08 00:12:13] Rep 53, p = 4000: Witten [feat=NA, acc=NA], Arias [feat=NA, acc=NA], IF-PCA [feat=NA, acc=NA], SCVX [acc=NA] 
[2026-04-08 00:12:30] Rep 52, p = 4000: Witten [feat=NA, acc=NA], Arias [feat=NA, acc=NA], IF-PCA [feat=NA, acc=NA], SCVX [acc=NA] 
[2026-04-08 00:12:35] Rep 54, p = 4000: Witten [feat=NA, acc=NA], Arias [feat=NA, acc=NA], IF-PCA [feat=NA, acc=NA], SCVX [acc=NA] 
[2026-04-08 00:13:03] Rep 50, p = 4000: Witten [feat=NA, acc=NA], Arias [feat=NA, acc=NA], IF-PCA [feat=NA, acc=NA], SCVX [acc=0.615] 
[2026-04-08 00:13:07] Rep 47, p = 4000: Witten [feat=NA, acc=NA], Arias [feat=NA, acc=NA], IF-PCA [feat=NA, acc=NA], SCVX [acc=0.580] 
[2026-04-08 00:13:11] Rep 57, p = 4000: Witten [feat=NA, acc=NA], Arias [feat=NA, acc=NA], IF-PCA [feat=NA, acc=NA], SCVX [acc=0.545] 
[2026-04-08 00:13:54] Rep 59, p = 4000: Witten [feat=NA, acc=NA], Arias [feat=NA, acc=NA], IF-PCA [feat=NA, acc=NA], SCVX [acc=0.535] 
[2026-04-08 00:14:03] Rep 60, p = 4000: Witten [feat=NA, acc=NA], Arias [feat=NA, acc=NA], IF-PCA [feat=NA, acc=NA], SCVX [acc=NA] 
Data Generation Error in rep 74, p = 4000: cannot allocate vector of size 122.1 Mb
Data Generation Error in rep 64, p = 4000: cannot allocate vector of size 122.1 Mb
[2026-04-08 00:32:40] Rep 72, p = 4000: Witten [feat=NA, acc=NA], Arias [feat=NA, acc=NA], IF-PCA [feat=NA, acc=NA], SCVX [acc=0.515] 
[2026-04-08 00:33:47] Rep 73, p = 4000: Witten [feat=NA, acc=NA], Arias [feat=NA, acc=NA], IF-PCA [feat=NA, acc=NA], SCVX [acc=0.640] 
[2026-04-08 00:34:02] Rep 61, p = 4000: Witten [feat=NA, acc=NA], Arias [feat=NA, acc=NA], IF-PCA [feat=NA, acc=NA], SCVX [acc=NA] 
[2026-04-08 00:34:20] Rep 65, p = 4000: Witten [feat=NA, acc=NA], Arias [feat=NA, acc=NA], IF-PCA [feat=NA, acc=NA], SCVX [acc=NA] 
[2026-04-08 00:34:39] Rep 67, p = 4000: Witten [feat=NA, acc=NA], Arias [feat=NA, acc=NA], IF-PCA [feat=NA, acc=NA], SCVX [acc=NA] 
[2026-04-08 00:34:43] Rep 63, p = 4000: Witten [feat=NA, acc=NA], Arias [feat=NA, acc=NA], IF-PCA [feat=NA, acc=NA], SCVX [acc=0.630] 
[2026-04-08 00:35:13] Rep 70, p = 4000: Witten [feat=NA, acc=NA], Arias [feat=NA, acc=NA], IF-PCA [feat=NA, acc=NA], SCVX [acc=0.515] 
[2026-04-08 00:35:14] Rep 66, p = 4000: Witten [feat=NA, acc=NA], Arias [feat=NA, acc=NA], IF-PCA [feat=NA, acc=NA], SCVX [acc=NA] 
[2026-04-08 00:35:39] Rep 71, p = 4000: Witten [feat=NA, acc=NA], Arias [feat=NA, acc=NA], IF-PCA [feat=NA, acc=NA], SCVX [acc=0.610] 
[2026-04-08 00:35:44] Rep 68, p = 4000: Witten [feat=NA, acc=NA], Arias [feat=NA, acc=NA], IF-PCA [feat=NA, acc=NA], SCVX [acc=0.545] 
[2026-04-08 00:35:46] Rep 62, p = 4000: Witten [feat=NA, acc=NA], Arias [feat=NA, acc=NA], IF-PCA [feat=NA, acc=NA], SCVX [acc=0.560] 
[2026-04-08 00:35:46] Rep 69, p = 4000: Witten [feat=NA, acc=NA], Arias [feat=NA, acc=NA], IF-PCA [feat=NA, acc=NA], SCVX [acc=NA] 
[2026-04-08 00:35:59] Rep 75, p = 4000: Witten [feat=NA, acc=NA], Arias [feat=NA, acc=NA], IF-PCA [feat=NA, acc=NA], SCVX [acc=NA] 
[2026-04-08 00:36:12] Rep 76, p = 4000: Witten [feat=NA, acc=NA], Arias [feat=NA, acc=NA], IF-PCA [feat=NA, acc=NA], SCVX [acc=NA] 
Data Generation Error in rep 91, p = 4000: cannot allocate vector of size 122.1 Mb
Data Generation Error in rep 92, p = 4000: cannot allocate vector of size 122.1 Mb
Data Generation Error in rep 93, p = 4000: cannot allocate vector of size 122.1 Mb
Data Generation Error in rep 94, p = 4000: cannot allocate vector of size 122.1 Mb
Data Generation Error in rep 95, p = 4000: cannot allocate vector of size 122.1 Mb
Data Generation Error in rep 96, p = 4000: cannot allocate vector of size 122.1 Mb
Data Generation Error in rep 97, p = 4000: cannot allocate vector of size 122.1 Mb
[2026-04-08 00:41:19] Rep 77, p = 4000: Witten [feat=NA, acc=NA], Arias [feat=NA, acc=NA], IF-PCA [feat=NA, acc=NA], SCVX [acc=0.575] 
Data Generation Error in rep 89, p = 4000: cannot allocate vector of size 122.1 Mb
[2026-04-08 00:54:45] Rep 78, p = 4000: Witten [feat=NA, acc=NA], Arias [feat=NA, acc=NA], IF-PCA [feat=NA, acc=NA], SCVX [acc=NA] 
[2026-04-08 00:55:28] Rep 79, p = 4000: Witten [feat=NA, acc=NA], Arias [feat=NA, acc=NA], IF-PCA [feat=NA, acc=NA], SCVX [acc=NA] 
[2026-04-08 00:55:52] Rep 98, p = 4000: Witten [feat=NA, acc=NA], Arias [feat=NA, acc=NA], IF-PCA [feat=NA, acc=NA], SCVX [acc=0.540] 
[2026-04-08 00:55:58] Rep 83, p = 4000: Witten [feat=NA, acc=NA], Arias [feat=NA, acc=NA], IF-PCA [feat=NA, acc=NA], SCVX [acc=NA] 
[2026-04-08 00:56:08] Rep 86, p = 4000: Witten [feat=NA, acc=NA], Arias [feat=NA, acc=NA], IF-PCA [feat=NA, acc=NA], SCVX [acc=0.565] 
[2026-04-08 00:56:36] Rep 80, p = 4000: Witten [feat=NA, acc=NA], Arias [feat=NA, acc=NA], IF-PCA [feat=NA, acc=NA], SCVX [acc=NA] 
[2026-04-08 00:56:44] Rep 81, p = 4000: Witten [feat=NA, acc=NA], Arias [feat=NA, acc=NA], IF-PCA [feat=NA, acc=NA], SCVX [acc=NA] 
[2026-04-08 00:56:55] Rep 84, p = 4000: Witten [feat=NA, acc=NA], Arias [feat=NA, acc=NA], IF-PCA [feat=NA, acc=NA], SCVX [acc=NA] 
[2026-04-08 00:56:58] Rep 82, p = 4000: Witten [feat=NA, acc=NA], Arias [feat=NA, acc=NA], IF-PCA [feat=NA, acc=NA], SCVX [acc=0.515] 
[2026-04-08 00:57:05] Rep 85, p = 4000: Witten [feat=NA, acc=NA], Arias [feat=NA, acc=NA], IF-PCA [feat=NA, acc=NA], SCVX [acc=0.545] 
[2026-04-08 00:57:11] Rep 87, p = 4000: Witten [feat=NA, acc=NA], Arias [feat=NA, acc=NA], IF-PCA [feat=NA, acc=NA], SCVX [acc=NA] 
[2026-04-08 00:57:14] Rep 90, p = 4000: Witten [feat=NA, acc=NA], Arias [feat=NA, acc=NA], IF-PCA [feat=NA, acc=NA], SCVX [acc=NA] 
[2026-04-08 00:57:16] Rep 99, p = 4000: Witten [feat=NA, acc=NA], Arias [feat=NA, acc=NA], IF-PCA [feat=NA, acc=NA], SCVX [acc=0.510] 
[2026-04-08 00:57:31] Rep 88, p = 4000: Witten [feat=NA, acc=NA], Arias [feat=NA, acc=NA], IF-PCA [feat=NA, acc=NA], SCVX [acc=0.525] 
[2026-04-08 00:57:57] Rep 100, p = 4000: Witten [feat=NA, acc=NA], Arias [feat=NA, acc=NA], IF-PCA [feat=NA, acc=NA], SCVX [acc=NA] 

--- Dimension p = 5000 ---
Data Generation Error in rep 9, p = 5000: cannot allocate vector of size 190.7 Mb
Data Generation Error in rep 11, p = 5000: cannot allocate vector of size 190.7 Mb
Data Generation Error in rep 2, p = 5000: cannot allocate vector of size 190.7 Mb
Data Generation Error in rep 7, p = 5000: cannot allocate vector of size 190.7 Mb
Data Generation Error in rep 4, p = 5000: cannot allocate vector of size 190.7 Mb
Data Generation Error in rep 20, p = 5000: cannot allocate vector of size 190.7 Mb
Data Generation Error in rep 19, p = 5000: cannot allocate vector of size 190.7 Mb
Data Generation Error in rep 16, p = 5000: cannot allocate vector of size 190.7 Mb
Data Generation Error in rep 21, p = 5000: cannot allocate vector of size 190.7 Mb
Data Generation Error in rep 22, p = 5000: cannot allocate vector of size 190.7 Mb
Data Generation Error in rep 24, p = 5000: cannot allocate vector of size 190.7 Mb
Data Generation Error in rep 25, p = 5000: cannot allocate vector of size 190.7 Mb
Data Generation Error in rep 27, p = 5000: cannot allocate vector of size 190.7 Mb
Data Generation Error in rep 26, p = 5000: cannot allocate vector of size 190.7 Mb
Data Generation Error in rep 29, p = 5000: cannot allocate vector of size 190.7 Mb
Data Generation Error in rep 30, p = 5000: cannot allocate vector of size 190.7 Mb
Data Generation Error in rep 23, p = 5000: cannot allocate vector of size 190.7 Mb
Data Generation Error in rep 28, p = 5000: cannot allocate vector of size 190.7 Mb
Data Generation Error in rep 32, p = 5000: cannot allocate vector of size 190.7 Mb
Data Generation Error in rep 33, p = 5000: cannot allocate vector of size 190.7 Mb
Data Generation Error in rep 35, p = 5000: cannot allocate vector of size 190.7 Mb
Data Generation Error in rep 34, p = 5000: cannot allocate vector of size 190.7 Mb
Data Generation Error in rep 36, p = 5000: cannot allocate vector of size 190.7 Mb
Data Generation Error in rep 38, p = 5000: cannot allocate vector of size 190.7 Mb
Data Generation Error in rep 37, p = 5000: cannot allocate vector of size 190.7 Mb
Data Generation Error in rep 40, p = 5000: cannot allocate vector of size 190.7 Mb
Data Generation Error in rep 39, p = 5000: cannot allocate vector of size 190.7 Mb
Data Generation Error in rep 41, p = 5000: cannot allocate vector of size 190.7 Mb
Data Generation Error in rep 43, p = 5000: cannot allocate vector of size 190.7 Mb
Data Generation Error in rep 44, p = 5000: cannot allocate vector of size 190.7 Mb
Data Generation Error in rep 45, p = 5000: cannot allocate vector of size 190.7 Mb
Data Generation Error in rep 46, p = 5000: cannot allocate vector of size 190.7 Mb
Data Generation Error in rep 47, p = 5000: cannot allocate vector of size 190.7 Mb
Data Generation Error in rep 42, p = 5000: cannot allocate vector of size 190.7 Mb
Data Generation Error in rep 49, p = 5000: cannot allocate vector of size 190.7 Mb
Data Generation Error in rep 48, p = 5000: cannot allocate vector of size 190.7 Mb
Data Generation Error in rep 51, p = 5000: cannot allocate vector of size 190.7 Mb
Data Generation Error in rep 50, p = 5000: cannot allocate vector of size 190.7 Mb
Data Generation Error in rep 53, p = 5000: cannot allocate vector of size 190.7 Mb
Data Generation Error in rep 52, p = 5000: cannot allocate vector of size 190.7 Mb
Data Generation Error in rep 54, p = 5000: cannot allocate vector of size 190.7 Mb
Data Generation Error in rep 55, p = 5000: cannot allocate vector of size 190.7 Mb
Data Generation Error in rep 57, p = 5000: cannot allocate vector of size 190.7 Mb
Data Generation Error in rep 56, p = 5000: cannot allocate vector of size 190.7 Mb
Data Generation Error in rep 59, p = 5000: cannot allocate vector of size 190.7 Mb
Data Generation Error in rep 58, p = 5000: cannot allocate vector of size 190.7 Mb
Data Generation Error in rep 60, p = 5000: cannot allocate vector of size 190.7 Mb
Data Generation Error in rep 61, p = 5000: cannot allocate vector of size 190.7 Mb
Data Generation Error in rep 63, p = 5000: cannot allocate vector of size 190.7 Mb
Data Generation Error in rep 62, p = 5000: cannot allocate vector of size 190.7 Mb
Data Generation Error in rep 64, p = 5000: cannot allocate vector of size 190.7 Mb
Data Generation Error in rep 65, p = 5000: cannot allocate vector of size 190.7 Mb
Data Generation Error in rep 66, p = 5000: cannot allocate vector of size 190.7 Mb
Data Generation Error in rep 67, p = 5000: cannot allocate vector of size 190.7 Mb
Data Generation Error in rep 68, p = 5000: cannot allocate vector of size 190.7 Mb
Data Generation Error in rep 70, p = 5000: cannot allocate vector of size 190.7 Mb
Data Generation Error in rep 69, p = 5000: cannot allocate vector of size 190.7 Mb
Data Generation Error in rep 71, p = 5000: cannot allocate vector of size 190.7 Mb
Data Generation Error in rep 72, p = 5000: cannot allocate vector of size 190.7 Mb
Data Generation Error in rep 73, p = 5000: cannot allocate vector of size 190.7 Mb
Data Generation Error in rep 74, p = 5000: cannot allocate vector of size 190.7 Mb
Data Generation Error in rep 75, p = 5000: cannot allocate vector of size 190.7 Mb
Data Generation Error in rep 76, p = 5000: cannot allocate vector of size 190.7 Mb
Data Generation Error in rep 77, p = 5000: cannot allocate vector of size 190.7 Mb
Data Generation Error in rep 78, p = 5000: cannot allocate vector of size 190.7 Mb
Data Generation Error in rep 79, p = 5000: cannot allocate vector of size 190.7 Mb
Data Generation Error in rep 80, p = 5000: cannot allocate vector of size 190.7 Mb
Data Generation Error in rep 81, p = 5000: cannot allocate vector of size 190.7 Mb
Data Generation Error in rep 82, p = 5000: cannot allocate vector of size 190.7 Mb
Data Generation Error in rep 83, p = 5000: cannot allocate vector of size 190.7 Mb
Data Generation Error in rep 84, p = 5000: cannot allocate vector of size 190.7 Mb
Data Generation Error in rep 85, p = 5000: cannot allocate vector of size 190.7 Mb
Data Generation Error in rep 86, p = 5000: cannot allocate vector of size 190.7 Mb
Data Generation Error in rep 87, p = 5000: cannot allocate vector of size 190.7 Mb
Data Generation Error in rep 88, p = 5000: cannot allocate vector of size 190.7 Mb
Data Generation Error in rep 89, p = 5000: cannot allocate vector of size 190.7 Mb
Data Generation Error in rep 90, p = 5000: cannot allocate vector of size 190.7 Mb
Data Generation Error in rep 91, p = 5000: cannot allocate vector of size 190.7 Mb
Data Generation Error in rep 92, p = 5000: cannot allocate vector of size 190.7 Mb
Data Generation Error in rep 93, p = 5000: cannot allocate vector of size 190.7 Mb
Data Generation Error in rep 94, p = 5000: cannot allocate vector of size 190.7 Mb
Data Generation Error in rep 95, p = 5000: cannot allocate vector of size 190.7 Mb
Data Generation Error in rep 96, p = 5000: cannot allocate vector of size 190.7 Mb
Data Generation Error in rep 97, p = 5000: cannot allocate vector of size 190.7 Mb
Data Generation Error in rep 98, p = 5000: cannot allocate vector of size 190.7 Mb
Data Generation Error in rep 99, p = 5000: cannot allocate vector of size 190.7 Mb
Data Generation Error in rep 100, p = 5000: cannot allocate vector of size 190.7 Mb
Data Generation Error in rep 3, p = 5000: cannot allocate vector of size 190.7 Mb
[2026-04-08 01:31:46] Rep 5, p = 5000: Witten [feat=NA, acc=NA], Arias [feat=NA, acc=NA], IF-PCA [feat=NA, acc=NA], SCVX [acc=NA] 
[2026-04-08 01:39:27] Rep 6, p = 5000: Witten [feat=NA, acc=NA], Arias [feat=NA, acc=NA], IF-PCA [feat=NA, acc=NA], SCVX [acc=NA] 
[2026-04-08 01:42:56] Rep 13, p = 5000: Witten [feat=NA, acc=NA], Arias [feat=NA, acc=NA], IF-PCA [feat=NA, acc=NA], SCVX [acc=NA] 
[2026-04-08 01:45:03] Rep 18, p = 5000: Witten [feat=NA, acc=NA], Arias [feat=NA, acc=NA], IF-PCA [feat=NA, acc=NA], SCVX [acc=NA] 
[2026-04-08 01:45:05] Rep 10, p = 5000: Witten [feat=NA, acc=NA], Arias [feat=NA, acc=NA], IF-PCA [feat=NA, acc=NA], SCVX [acc=NA] 
[2026-04-08 01:46:51] Rep 12, p = 5000: Witten [feat=NA, acc=NA], Arias [feat=NA, acc=NA], IF-PCA [feat=NA, acc=NA], SCVX [acc=NA] 
[2026-04-08 01:47:02] Rep 31, p = 5000: Witten [feat=NA, acc=NA], Arias [feat=NA, acc=NA], IF-PCA [feat=NA, acc=NA], SCVX [acc=NA] 
[2026-04-08 01:49:27] Rep 1, p = 5000: Witten [feat=NA, acc=NA], Arias [feat=NA, acc=NA], IF-PCA [feat=NA, acc=NA], SCVX [acc=NA] 
[2026-04-08 01:49:42] Rep 8, p = 5000: Witten [feat=NA, acc=NA], Arias [feat=NA, acc=NA], IF-PCA [feat=NA, acc=NA], SCVX [acc=NA] 
[2026-04-08 01:50:12] Rep 14, p = 5000: Witten [feat=NA, acc=NA], Arias [feat=NA, acc=NA], IF-PCA [feat=NA, acc=NA], SCVX [acc=NA] 
[2026-04-08 01:50:27] Rep 15, p = 5000: Witten [feat=NA, acc=NA], Arias [feat=NA, acc=NA], IF-PCA [feat=NA, acc=NA], SCVX [acc=NA] 
[2026-04-08 01:51:10] Rep 17, p = 5000: Witten [feat=NA, acc=NA], Arias [feat=NA, acc=NA], IF-PCA [feat=NA, acc=NA], SCVX [acc=NA] 

==========================================
--- Gaussian Known-Cov Simulation Completed at 2026-04-08 01:51:10 (Runtime: 292.89 mins) --- ---
==========================================
