
==========================================
--- Laplace Unknown-Covariance Started at 2026-04-08 19:12:49 ---
==========================================
Registered doParallel backend with 15 cores.

--- Dimension p = 500 ---
[2026-04-08 19:13:19] Rep 1, p = 500: Witten [feat=NA, acc=NA], Arias [feat=NA, acc=NA], IF-PCA [feat=NA, acc=NA], SCVX [acc=0.685] 
[2026-04-08 19:13:36] Rep 2, p = 500: Witten [feat=NA, acc=NA], Arias [feat=NA, acc=NA], IF-PCA [feat=NA, acc=NA], SCVX [acc=NA] 
[2026-04-08 19:13:29] Rep 3, p = 500: Witten [feat=NA, acc=NA], Arias [feat=NA, acc=NA], IF-PCA [feat=NA, acc=NA], SCVX [acc=0.545] 
[2026-04-08 19:13:53] Rep 4, p = 500: Witten [feat=NA, acc=NA], Arias [feat=NA, acc=NA], IF-PCA [feat=NA, acc=NA], SCVX [acc=0.730] 
[2026-04-08 19:13:33] Rep 5, p = 500: Witten [feat=NA, acc=NA], Arias [feat=NA, acc=NA], IF-PCA [feat=NA, acc=NA], SCVX [acc=0.565] 
[2026-04-08 19:13:29] Rep 6, p = 500: Witten [feat=NA, acc=NA], Arias [feat=NA, acc=NA], IF-PCA [feat=NA, acc=NA], SCVX [acc=NA] 
[2026-04-08 19:13:34] Rep 7, p = 500: Witten [feat=NA, acc=NA], Arias [feat=NA, acc=NA], IF-PCA [feat=NA, acc=NA], SCVX [acc=0.665] 
[2026-04-08 19:13:35] Rep 8, p = 500: Witten [feat=NA, acc=NA], Arias [feat=NA, acc=NA], IF-PCA [feat=NA, acc=NA], SCVX [acc=0.760] 
[2026-04-08 19:13:56] Rep 9, p = 500: Witten [feat=NA, acc=NA], Arias [feat=NA, acc=NA], IF-PCA [feat=NA, acc=NA], SCVX [acc=0.775] 
[2026-04-08 19:13:17] Rep 10, p = 500: Witten [feat=NA, acc=NA], Arias [feat=NA, acc=NA], IF-PCA [feat=NA, acc=NA], SCVX [acc=0.600] 
[2026-04-08 19:13:30] Rep 11, p = 500: Witten [feat=NA, acc=NA], Arias [feat=NA, acc=NA], IF-PCA [feat=NA, acc=NA], SCVX [acc=0.715] 
[2026-04-08 19:13:41] Rep 12, p = 500: Witten [feat=NA, acc=NA], Arias [feat=NA, acc=NA], IF-PCA [feat=NA, acc=NA], SCVX [acc=NA] 
[2026-04-08 19:13:28] Rep 13, p = 500: Witten [feat=NA, acc=NA], Arias [feat=NA, acc=NA], IF-PCA [feat=NA, acc=NA], SCVX [acc=0.560] 
[2026-04-08 19:13:25] Rep 14, p = 500: Witten [feat=NA, acc=NA], Arias [feat=NA, acc=NA], IF-PCA [feat=NA, acc=NA], SCVX [acc=0.560] 
[2026-04-08 19:13:26] Rep 15, p = 500: Witten [feat=NA, acc=NA], Arias [feat=NA, acc=NA], IF-PCA [feat=NA, acc=NA], SCVX [acc=0.775] 
[2026-04-08 19:13:52] Rep 16, p = 500: Witten [feat=NA, acc=NA], Arias [feat=NA, acc=NA], IF-PCA [feat=NA, acc=NA], SCVX [acc=0.640] 
[2026-04-08 19:14:13] Rep 17, p = 500: Witten [feat=NA, acc=NA], Arias [feat=NA, acc=NA], IF-PCA [feat=NA, acc=NA], SCVX [acc=0.700] 
[2026-04-08 19:14:03] Rep 18, p = 500: Witten [feat=NA, acc=NA], Arias [feat=NA, acc=NA], IF-PCA [feat=NA, acc=NA], SCVX [acc=0.650] 
[2026-04-08 19:14:16] Rep 19, p = 500: Witten [feat=NA, acc=NA], Arias [feat=NA, acc=NA], IF-PCA [feat=NA, acc=NA], SCVX [acc=0.655] 
[2026-04-08 19:14:24] Rep 20, p = 500: Witten [feat=NA, acc=NA], Arias [feat=NA, acc=NA], IF-PCA [feat=NA, acc=NA], SCVX [acc=0.715] 
[2026-04-08 19:14:16] Rep 21, p = 500: Witten [feat=NA, acc=NA], Arias [feat=NA, acc=NA], IF-PCA [feat=NA, acc=NA], SCVX [acc=0.770] 
[2026-04-08 19:14:06] Rep 22, p = 500: Witten [feat=NA, acc=NA], Arias [feat=NA, acc=NA], IF-PCA [feat=NA, acc=NA], SCVX [acc=0.710] 
[2026-04-08 19:14:04] Rep 23, p = 500: Witten [feat=NA, acc=NA], Arias [feat=NA, acc=NA], IF-PCA [feat=NA, acc=NA], SCVX [acc=0.770] 
[2026-04-08 19:14:34] Rep 24, p = 500: Witten [feat=NA, acc=NA], Arias [feat=NA, acc=NA], IF-PCA [feat=NA, acc=NA], SCVX [acc=0.865] 
[2026-04-08 19:14:37] Rep 25, p = 500: Witten [feat=NA, acc=NA], Arias [feat=NA, acc=NA], IF-PCA [feat=NA, acc=NA], SCVX [acc=0.675] 
[2026-04-08 19:14:17] Rep 26, p = 500: Witten [feat=NA, acc=NA], Arias [feat=NA, acc=NA], IF-PCA [feat=NA, acc=NA], SCVX [acc=0.650] 
[2026-04-08 19:14:09] Rep 27, p = 500: Witten [feat=NA, acc=NA], Arias [feat=NA, acc=NA], IF-PCA [feat=NA, acc=NA], SCVX [acc=0.830] 
[2026-04-08 19:14:26] Rep 28, p = 500: Witten [feat=NA, acc=NA], Arias [feat=NA, acc=NA], IF-PCA [feat=NA, acc=NA], SCVX [acc=NA] 
[2026-04-08 19:14:50] Rep 29, p = 500: Witten [feat=NA, acc=NA], Arias [feat=NA, acc=NA], IF-PCA [feat=NA, acc=NA], SCVX [acc=NA] 
[2026-04-08 19:15:02] Rep 30, p = 500: Witten [feat=NA, acc=NA], Arias [feat=NA, acc=NA], IF-PCA [feat=NA, acc=NA], SCVX [acc=0.755] 
[2026-04-08 19:14:40] Rep 31, p = 500: Witten [feat=NA, acc=NA], Arias [feat=NA, acc=NA], IF-PCA [feat=NA, acc=NA], SCVX [acc=NA] 
[2026-04-08 19:14:59] Rep 32, p = 500: Witten [feat=NA, acc=NA], Arias [feat=NA, acc=NA], IF-PCA [feat=NA, acc=NA], SCVX [acc=0.800] 
[2026-04-08 19:15:02] Rep 33, p = 500: Witten [feat=NA, acc=NA], Arias [feat=NA, acc=NA], IF-PCA [feat=NA, acc=NA], SCVX [acc=0.745] 
[2026-04-08 19:14:57] Rep 34, p = 500: Witten [feat=NA, acc=NA], Arias [feat=NA, acc=NA], IF-PCA [feat=NA, acc=NA], SCVX [acc=0.610] 
[2026-04-08 19:15:10] Rep 35, p = 500: Witten [feat=NA, acc=NA], Arias [feat=NA, acc=NA], IF-PCA [feat=NA, acc=NA], SCVX [acc=0.535] 
[2026-04-08 19:14:51] Rep 36, p = 500: Witten [feat=NA, acc=NA], Arias [feat=NA, acc=NA], IF-PCA [feat=NA, acc=NA], SCVX [acc=0.695] 
[2026-04-08 19:15:08] Rep 37, p = 500: Witten [feat=NA, acc=NA], Arias [feat=NA, acc=NA], IF-PCA [feat=NA, acc=NA], SCVX [acc=0.785] 
[2026-04-08 19:15:08] Rep 38, p = 500: Witten [feat=NA, acc=NA], Arias [feat=NA, acc=NA], IF-PCA [feat=NA, acc=NA], SCVX [acc=0.725] 
[2026-04-08 19:15:09] Rep 39, p = 500: Witten [feat=NA, acc=NA], Arias [feat=NA, acc=NA], IF-PCA [feat=NA, acc=NA], SCVX [acc=0.580] 
[2026-04-08 19:14:56] Rep 40, p = 500: Witten [feat=NA, acc=NA], Arias [feat=NA, acc=NA], IF-PCA [feat=NA, acc=NA], SCVX [acc=0.735] 
[2026-04-08 19:15:06] Rep 41, p = 500: Witten [feat=NA, acc=NA], Arias [feat=NA, acc=NA], IF-PCA [feat=NA, acc=NA], SCVX [acc=0.735] 
[2026-04-08 19:15:15] Rep 42, p = 500: Witten [feat=NA, acc=NA], Arias [feat=NA, acc=NA], IF-PCA [feat=NA, acc=NA], SCVX [acc=0.715] 
[2026-04-08 19:15:12] Rep 43, p = 500: Witten [feat=NA, acc=NA], Arias [feat=NA, acc=NA], IF-PCA [feat=NA, acc=NA], SCVX [acc=0.520] 
[2026-04-08 19:15:54] Rep 44, p = 500: Witten [feat=NA, acc=NA], Arias [feat=NA, acc=NA], IF-PCA [feat=NA, acc=NA], SCVX [acc=0.680] 
[2026-04-08 19:16:05] Rep 45, p = 500: Witten [feat=NA, acc=NA], Arias [feat=NA, acc=NA], IF-PCA [feat=NA, acc=NA], SCVX [acc=0.740] 
[2026-04-08 19:16:02] Rep 46, p = 500: Witten [feat=NA, acc=NA], Arias [feat=NA, acc=NA], IF-PCA [feat=NA, acc=NA], SCVX [acc=0.575] 
[2026-04-08 19:16:00] Rep 47, p = 500: Witten [feat=NA, acc=NA], Arias [feat=NA, acc=NA], IF-PCA [feat=NA, acc=NA], SCVX [acc=0.680] 
[2026-04-08 19:15:55] Rep 48, p = 500: Witten [feat=NA, acc=NA], Arias [feat=NA, acc=NA], IF-PCA [feat=NA, acc=NA], SCVX [acc=NA] 
[2026-04-08 19:15:34] Rep 49, p = 500: Witten [feat=NA, acc=NA], Arias [feat=NA, acc=NA], IF-PCA [feat=NA, acc=NA], SCVX [acc=NA] 
[2026-04-08 19:15:52] Rep 50, p = 500: Witten [feat=NA, acc=NA], Arias [feat=NA, acc=NA], IF-PCA [feat=NA, acc=NA], SCVX [acc=NA] 
[2026-04-08 19:16:10] Rep 51, p = 500: Witten [feat=NA, acc=NA], Arias [feat=NA, acc=NA], IF-PCA [feat=NA, acc=NA], SCVX [acc=0.640] 
[2026-04-08 19:15:49] Rep 52, p = 500: Witten [feat=NA, acc=NA], Arias [feat=NA, acc=NA], IF-PCA [feat=NA, acc=NA], SCVX [acc=0.695] 
[2026-04-08 19:15:50] Rep 53, p = 500: Witten [feat=NA, acc=NA], Arias [feat=NA, acc=NA], IF-PCA [feat=NA, acc=NA], SCVX [acc=NA] 
[2026-04-08 19:15:40] Rep 54, p = 500: Witten [feat=NA, acc=NA], Arias [feat=NA, acc=NA], IF-PCA [feat=NA, acc=NA], SCVX [acc=0.510] 
[2026-04-08 19:15:47] Rep 55, p = 500: Witten [feat=NA, acc=NA], Arias [feat=NA, acc=NA], IF-PCA [feat=NA, acc=NA], SCVX [acc=0.810] 
[2026-04-08 19:16:19] Rep 56, p = 500: Witten [feat=NA, acc=NA], Arias [feat=NA, acc=NA], IF-PCA [feat=NA, acc=NA], SCVX [acc=0.705] 
[2026-04-08 19:16:39] Rep 57, p = 500: Witten [feat=NA, acc=NA], Arias [feat=NA, acc=NA], IF-PCA [feat=NA, acc=NA], SCVX [acc=0.735] 
[2026-04-08 19:16:09] Rep 58, p = 500: Witten [feat=NA, acc=NA], Arias [feat=NA, acc=NA], IF-PCA [feat=NA, acc=NA], SCVX [acc=NA] 
[2026-04-08 19:16:36] Rep 59, p = 500: Witten [feat=NA, acc=NA], Arias [feat=NA, acc=NA], IF-PCA [feat=NA, acc=NA], SCVX [acc=0.605] 
[2026-04-08 19:16:23] Rep 60, p = 500: Witten [feat=NA, acc=NA], Arias [feat=NA, acc=NA], IF-PCA [feat=NA, acc=NA], SCVX [acc=0.505] 
[2026-04-08 19:17:03] Rep 61, p = 500: Witten [feat=NA, acc=NA], Arias [feat=NA, acc=NA], IF-PCA [feat=NA, acc=NA], SCVX [acc=0.815] 
[2026-04-08 19:16:44] Rep 62, p = 500: Witten [feat=NA, acc=NA], Arias [feat=NA, acc=NA], IF-PCA [feat=NA, acc=NA], SCVX [acc=0.900] 
[2026-04-08 19:16:45] Rep 63, p = 500: Witten [feat=NA, acc=NA], Arias [feat=NA, acc=NA], IF-PCA [feat=NA, acc=NA], SCVX [acc=0.730] 
[2026-04-08 19:17:08] Rep 64, p = 500: Witten [feat=NA, acc=NA], Arias [feat=NA, acc=NA], IF-PCA [feat=NA, acc=NA], SCVX [acc=0.715] 
[2026-04-08 19:16:49] Rep 65, p = 500: Witten [feat=NA, acc=NA], Arias [feat=NA, acc=NA], IF-PCA [feat=NA, acc=NA], SCVX [acc=NA] 
[2026-04-08 19:17:10] Rep 66, p = 500: Witten [feat=NA, acc=NA], Arias [feat=NA, acc=NA], IF-PCA [feat=NA, acc=NA], SCVX [acc=0.575] 
[2026-04-08 19:17:12] Rep 67, p = 500: Witten [feat=NA, acc=NA], Arias [feat=NA, acc=NA], IF-PCA [feat=NA, acc=NA], SCVX [acc=NA] 
[2026-04-08 19:17:26] Rep 68, p = 500: Witten [feat=NA, acc=NA], Arias [feat=NA, acc=NA], IF-PCA [feat=NA, acc=NA], SCVX [acc=0.655] 
[2026-04-08 19:17:35] Rep 69, p = 500: Witten [feat=NA, acc=NA], Arias [feat=NA, acc=NA], IF-PCA [feat=NA, acc=NA], SCVX [acc=0.530] 
[2026-04-08 19:17:22] Rep 70, p = 500: Witten [feat=NA, acc=NA], Arias [feat=NA, acc=NA], IF-PCA [feat=NA, acc=NA], SCVX [acc=0.800] 
[2026-04-08 19:17:20] Rep 71, p = 500: Witten [feat=NA, acc=NA], Arias [feat=NA, acc=NA], IF-PCA [feat=NA, acc=NA], SCVX [acc=0.550] 
[2026-04-08 19:17:18] Rep 72, p = 500: Witten [feat=NA, acc=NA], Arias [feat=NA, acc=NA], IF-PCA [feat=NA, acc=NA], SCVX [acc=0.555] 
[2026-04-08 19:17:27] Rep 73, p = 500: Witten [feat=NA, acc=NA], Arias [feat=NA, acc=NA], IF-PCA [feat=NA, acc=NA], SCVX [acc=0.755] 
[2026-04-08 19:17:47] Rep 74, p = 500: Witten [feat=NA, acc=NA], Arias [feat=NA, acc=NA], IF-PCA [feat=NA, acc=NA], SCVX [acc=NA] 
[2026-04-08 19:17:37] Rep 75, p = 500: Witten [feat=NA, acc=NA], Arias [feat=NA, acc=NA], IF-PCA [feat=NA, acc=NA], SCVX [acc=0.615] 
[2026-04-08 19:17:33] Rep 76, p = 500: Witten [feat=NA, acc=NA], Arias [feat=NA, acc=NA], IF-PCA [feat=NA, acc=NA], SCVX [acc=0.730] 
[2026-04-08 19:17:53] Rep 77, p = 500: Witten [feat=NA, acc=NA], Arias [feat=NA, acc=NA], IF-PCA [feat=NA, acc=NA], SCVX [acc=NA] 
[2026-04-08 19:18:46] Rep 78, p = 500: Witten [feat=NA, acc=NA], Arias [feat=NA, acc=NA], IF-PCA [feat=NA, acc=NA], SCVX [acc=0.545] 
[2026-04-08 19:18:45] Rep 79, p = 500: Witten [feat=NA, acc=NA], Arias [feat=NA, acc=NA], IF-PCA [feat=NA, acc=NA], SCVX [acc=0.770] 
[2026-04-08 19:19:20] Rep 80, p = 500: Witten [feat=NA, acc=NA], Arias [feat=NA, acc=NA], IF-PCA [feat=NA, acc=NA], SCVX [acc=0.540] 
[2026-04-08 19:19:19] Rep 81, p = 500: Witten [feat=NA, acc=NA], Arias [feat=NA, acc=NA], IF-PCA [feat=NA, acc=NA], SCVX [acc=0.550] 
[2026-04-08 19:18:07] Rep 82, p = 500: Witten [feat=NA, acc=NA], Arias [feat=NA, acc=NA], IF-PCA [feat=NA, acc=NA], SCVX [acc=0.705] 
[2026-04-08 19:18:14] Rep 83, p = 500: Witten [feat=NA, acc=NA], Arias [feat=NA, acc=NA], IF-PCA [feat=NA, acc=NA], SCVX [acc=0.595] 
[2026-04-08 19:18:51] Rep 84, p = 500: Witten [feat=NA, acc=NA], Arias [feat=NA, acc=NA], IF-PCA [feat=NA, acc=NA], SCVX [acc=0.750] 
[2026-04-08 19:18:43] Rep 85, p = 500: Witten [feat=NA, acc=NA], Arias [feat=NA, acc=NA], IF-PCA [feat=NA, acc=NA], SCVX [acc=NA] 
[2026-04-08 19:19:20] Rep 86, p = 500: Witten [feat=NA, acc=NA], Arias [feat=NA, acc=NA], IF-PCA [feat=NA, acc=NA], SCVX [acc=0.505] 
[2026-04-08 19:18:31] Rep 87, p = 500: Witten [feat=NA, acc=NA], Arias [feat=NA, acc=NA], IF-PCA [feat=NA, acc=NA], SCVX [acc=0.750] 
[2026-04-08 19:19:00] Rep 88, p = 500: Witten [feat=NA, acc=NA], Arias [feat=NA, acc=NA], IF-PCA [feat=NA, acc=NA], SCVX [acc=NA] 
[2026-04-08 19:18:37] Rep 89, p = 500: Witten [feat=NA, acc=NA], Arias [feat=NA, acc=NA], IF-PCA [feat=NA, acc=NA], SCVX [acc=0.530] 
[2026-04-08 19:19:03] Rep 90, p = 500: Witten [feat=NA, acc=NA], Arias [feat=NA, acc=NA], IF-PCA [feat=NA, acc=NA], SCVX [acc=NA] 
[2026-04-08 19:19:31] Rep 91, p = 500: Witten [feat=NA, acc=NA], Arias [feat=NA, acc=NA], IF-PCA [feat=NA, acc=NA], SCVX [acc=0.620] 
[2026-04-08 19:19:13] Rep 92, p = 500: Witten [feat=NA, acc=NA], Arias [feat=NA, acc=NA], IF-PCA [feat=NA, acc=NA], SCVX [acc=NA] 
[2026-04-08 19:19:15] Rep 93, p = 500: Witten [feat=NA, acc=NA], Arias [feat=NA, acc=NA], IF-PCA [feat=NA, acc=NA], SCVX [acc=0.505] 
[2026-04-08 19:19:41] Rep 94, p = 500: Witten [feat=NA, acc=NA], Arias [feat=NA, acc=NA], IF-PCA [feat=NA, acc=NA], SCVX [acc=0.785] 
[2026-04-08 19:19:51] Rep 95, p = 500: Witten [feat=NA, acc=NA], Arias [feat=NA, acc=NA], IF-PCA [feat=NA, acc=NA], SCVX [acc=0.535] 
[2026-04-08 19:19:47] Rep 96, p = 500: Witten [feat=NA, acc=NA], Arias [feat=NA, acc=NA], IF-PCA [feat=NA, acc=NA], SCVX [acc=0.705] 
[2026-04-08 19:19:45] Rep 97, p = 500: Witten [feat=NA, acc=NA], Arias [feat=NA, acc=NA], IF-PCA [feat=NA, acc=NA], SCVX [acc=NA] 
[2026-04-08 19:19:48] Rep 98, p = 500: Witten [feat=NA, acc=NA], Arias [feat=NA, acc=NA], IF-PCA [feat=NA, acc=NA], SCVX [acc=0.680] 
[2026-04-08 19:19:42] Rep 99, p = 500: Witten [feat=NA, acc=NA], Arias [feat=NA, acc=NA], IF-PCA [feat=NA, acc=NA], SCVX [acc=NA] 
[2026-04-08 19:19:37] Rep 100, p = 500: Witten [feat=NA, acc=NA], Arias [feat=NA, acc=NA], IF-PCA [feat=NA, acc=NA], SCVX [acc=0.775] 

--- Dimension p = 1000 ---
[2026-04-08 19:25:06] Rep 1, p = 1000: Witten [feat=NA, acc=NA], Arias [feat=NA, acc=NA], IF-PCA [feat=NA, acc=NA], SCVX [acc=0.615] 
[2026-04-08 19:25:16] Rep 2, p = 1000: Witten [feat=NA, acc=NA], Arias [feat=NA, acc=NA], IF-PCA [feat=NA, acc=NA], SCVX [acc=0.505] 
[2026-04-08 19:24:32] Rep 3, p = 1000: Witten [feat=NA, acc=NA], Arias [feat=NA, acc=NA], IF-PCA [feat=NA, acc=NA], SCVX [acc=0.675] 
[2026-04-08 19:26:16] Rep 4, p = 1000: Witten [feat=NA, acc=NA], Arias [feat=NA, acc=NA], IF-PCA [feat=NA, acc=NA], SCVX [acc=0.585] 
[2026-04-08 19:25:54] Rep 5, p = 1000: Witten [feat=NA, acc=NA], Arias [feat=NA, acc=NA], IF-PCA [feat=NA, acc=NA], SCVX [acc=0.545] 
[2026-04-08 19:23:26] Rep 6, p = 1000: Witten [feat=NA, acc=NA], Arias [feat=NA, acc=NA], IF-PCA [feat=NA, acc=NA], SCVX [acc=0.665] 
[2026-04-08 19:23:35] Rep 7, p = 1000: Witten [feat=NA, acc=NA], Arias [feat=NA, acc=NA], IF-PCA [feat=NA, acc=NA], SCVX [acc=0.750] 
[2026-04-08 19:23:51] Rep 8, p = 1000: Witten [feat=NA, acc=NA], Arias [feat=NA, acc=NA], IF-PCA [feat=NA, acc=NA], SCVX [acc=0.505] 
[2026-04-08 19:26:51] Rep 9, p = 1000: Witten [feat=NA, acc=NA], Arias [feat=NA, acc=NA], IF-PCA [feat=NA, acc=NA], SCVX [acc=0.570] 
[2026-04-08 19:23:59] Rep 10, p = 1000: Witten [feat=NA, acc=NA], Arias [feat=NA, acc=NA], IF-PCA [feat=NA, acc=NA], SCVX [acc=0.645] 
[2026-04-08 19:22:55] Rep 11, p = 1000: Witten [feat=NA, acc=NA], Arias [feat=NA, acc=NA], IF-PCA [feat=NA, acc=NA], SCVX [acc=0.680] 
[2026-04-08 19:24:06] Rep 12, p = 1000: Witten [feat=NA, acc=NA], Arias [feat=NA, acc=NA], IF-PCA [feat=NA, acc=NA], SCVX [acc=0.610] 
[2026-04-08 19:25:29] Rep 13, p = 1000: Witten [feat=NA, acc=NA], Arias [feat=NA, acc=NA], IF-PCA [feat=NA, acc=NA], SCVX [acc=0.550] 
[2026-04-08 19:23:27] Rep 14, p = 1000: Witten [feat=NA, acc=NA], Arias [feat=NA, acc=NA], IF-PCA [feat=NA, acc=NA], SCVX [acc=0.600] 
[2026-04-08 19:26:12] Rep 15, p = 1000: Witten [feat=NA, acc=NA], Arias [feat=NA, acc=NA], IF-PCA [feat=NA, acc=NA], SCVX [acc=0.565] 
[2026-04-08 19:27:24] Rep 16, p = 1000: Witten [feat=NA, acc=NA], Arias [feat=NA, acc=NA], IF-PCA [feat=NA, acc=NA], SCVX [acc=0.540] 
[2026-04-08 19:29:51] Rep 17, p = 1000: Witten [feat=NA, acc=NA], Arias [feat=NA, acc=NA], IF-PCA [feat=NA, acc=NA], SCVX [acc=0.565] 
[2026-04-08 19:27:46] Rep 18, p = 1000: Witten [feat=NA, acc=NA], Arias [feat=NA, acc=NA], IF-PCA [feat=NA, acc=NA], SCVX [acc=0.750] 
[2026-04-08 19:28:47] Rep 19, p = 1000: Witten [feat=NA, acc=NA], Arias [feat=NA, acc=NA], IF-PCA [feat=NA, acc=NA], SCVX [acc=0.525] 
[2026-04-08 19:28:23] Rep 20, p = 1000: Witten [feat=NA, acc=NA], Arias [feat=NA, acc=NA], IF-PCA [feat=NA, acc=NA], SCVX [acc=0.655] 
[2026-04-08 19:29:32] Rep 21, p = 1000: Witten [feat=NA, acc=NA], Arias [feat=NA, acc=NA], IF-PCA [feat=NA, acc=NA], SCVX [acc=0.715] 
[2026-04-08 19:28:13] Rep 22, p = 1000: Witten [feat=NA, acc=NA], Arias [feat=NA, acc=NA], IF-PCA [feat=NA, acc=NA], SCVX [acc=0.505] 
[2026-04-08 19:27:32] Rep 23, p = 1000: Witten [feat=NA, acc=NA], Arias [feat=NA, acc=NA], IF-PCA [feat=NA, acc=NA], SCVX [acc=0.660] 
[2026-04-08 19:29:33] Rep 24, p = 1000: Witten [feat=NA, acc=NA], Arias [feat=NA, acc=NA], IF-PCA [feat=NA, acc=NA], SCVX [acc=0.525] 
[2026-04-08 19:29:26] Rep 25, p = 1000: Witten [feat=NA, acc=NA], Arias [feat=NA, acc=NA], IF-PCA [feat=NA, acc=NA], SCVX [acc=0.640] 
[2026-04-08 19:32:30] Rep 26, p = 1000: Witten [feat=NA, acc=NA], Arias [feat=NA, acc=NA], IF-PCA [feat=NA, acc=NA], SCVX [acc=0.640] 
[2026-04-08 19:32:35] Rep 27, p = 1000: Witten [feat=NA, acc=NA], Arias [feat=NA, acc=NA], IF-PCA [feat=NA, acc=NA], SCVX [acc=0.570] 
[2026-04-08 19:32:18] Rep 28, p = 1000: Witten [feat=NA, acc=NA], Arias [feat=NA, acc=NA], IF-PCA [feat=NA, acc=NA], SCVX [acc=0.680] 
[2026-04-08 19:32:37] Rep 29, p = 1000: Witten [feat=NA, acc=NA], Arias [feat=NA, acc=NA], IF-PCA [feat=NA, acc=NA], SCVX [acc=0.515] 
[2026-04-08 19:32:03] Rep 30, p = 1000: Witten [feat=NA, acc=NA], Arias [feat=NA, acc=NA], IF-PCA [feat=NA, acc=NA], SCVX [acc=0.565] 
[2026-04-08 19:30:32] Rep 31, p = 1000: Witten [feat=NA, acc=NA], Arias [feat=NA, acc=NA], IF-PCA [feat=NA, acc=NA], SCVX [acc=0.535] 
[2026-04-08 19:32:26] Rep 32, p = 1000: Witten [feat=NA, acc=NA], Arias [feat=NA, acc=NA], IF-PCA [feat=NA, acc=NA], SCVX [acc=0.705] 
[2026-04-08 19:32:46] Rep 33, p = 1000: Witten [feat=NA, acc=NA], Arias [feat=NA, acc=NA], IF-PCA [feat=NA, acc=NA], SCVX [acc=0.600] 
[2026-04-08 19:33:27] Rep 34, p = 1000: Witten [feat=NA, acc=NA], Arias [feat=NA, acc=NA], IF-PCA [feat=NA, acc=NA], SCVX [acc=0.530] 
[2026-04-08 19:32:51] Rep 35, p = 1000: Witten [feat=NA, acc=NA], Arias [feat=NA, acc=NA], IF-PCA [feat=NA, acc=NA], SCVX [acc=0.520] 
[2026-04-08 19:34:32] Rep 36, p = 1000: Witten [feat=NA, acc=NA], Arias [feat=NA, acc=NA], IF-PCA [feat=NA, acc=NA], SCVX [acc=0.685] 
[2026-04-08 19:34:27] Rep 37, p = 1000: Witten [feat=NA, acc=NA], Arias [feat=NA, acc=NA], IF-PCA [feat=NA, acc=NA], SCVX [acc=0.570] 
[2026-04-08 19:34:53] Rep 38, p = 1000: Witten [feat=NA, acc=NA], Arias [feat=NA, acc=NA], IF-PCA [feat=NA, acc=NA], SCVX [acc=0.590] 
[2026-04-08 19:32:43] Rep 39, p = 1000: Witten [feat=NA, acc=NA], Arias [feat=NA, acc=NA], IF-PCA [feat=NA, acc=NA], SCVX [acc=0.505] 
[2026-04-08 19:33:06] Rep 40, p = 1000: Witten [feat=NA, acc=NA], Arias [feat=NA, acc=NA], IF-PCA [feat=NA, acc=NA], SCVX [acc=0.550] 
[2026-04-08 19:35:34] Rep 41, p = 1000: Witten [feat=NA, acc=NA], Arias [feat=NA, acc=NA], IF-PCA [feat=NA, acc=NA], SCVX [acc=0.575] 
[2026-04-08 19:39:01] Rep 42, p = 1000: Witten [feat=NA, acc=NA], Arias [feat=NA, acc=NA], IF-PCA [feat=NA, acc=NA], SCVX [acc=0.520] 
[2026-04-08 19:36:14] Rep 43, p = 1000: Witten [feat=NA, acc=NA], Arias [feat=NA, acc=NA], IF-PCA [feat=NA, acc=NA], SCVX [acc=0.645] 
[2026-04-08 19:37:48] Rep 44, p = 1000: Witten [feat=NA, acc=NA], Arias [feat=NA, acc=NA], IF-PCA [feat=NA, acc=NA], SCVX [acc=0.510] 
[2026-04-08 19:39:27] Rep 45, p = 1000: Witten [feat=NA, acc=NA], Arias [feat=NA, acc=NA], IF-PCA [feat=NA, acc=NA], SCVX [acc=0.605] 
[2026-04-08 19:38:33] Rep 46, p = 1000: Witten [feat=NA, acc=NA], Arias [feat=NA, acc=NA], IF-PCA [feat=NA, acc=NA], SCVX [acc=0.635] 
[2026-04-08 19:40:27] Rep 47, p = 1000: Witten [feat=NA, acc=NA], Arias [feat=NA, acc=NA], IF-PCA [feat=NA, acc=NA], SCVX [acc=0.595] 
[2026-04-08 19:36:33] Rep 48, p = 1000: Witten [feat=NA, acc=NA], Arias [feat=NA, acc=NA], IF-PCA [feat=NA, acc=NA], SCVX [acc=0.505] 
[2026-04-08 19:40:23] Rep 49, p = 1000: Witten [feat=NA, acc=NA], Arias [feat=NA, acc=NA], IF-PCA [feat=NA, acc=NA], SCVX [acc=0.565] 
[2026-04-08 19:37:43] Rep 50, p = 1000: Witten [feat=NA, acc=NA], Arias [feat=NA, acc=NA], IF-PCA [feat=NA, acc=NA], SCVX [acc=0.675] 
[2026-04-08 19:37:22] Rep 51, p = 1000: Witten [feat=NA, acc=NA], Arias [feat=NA, acc=NA], IF-PCA [feat=NA, acc=NA], SCVX [acc=0.595] 
[2026-04-08 19:40:45] Rep 52, p = 1000: Witten [feat=NA, acc=NA], Arias [feat=NA, acc=NA], IF-PCA [feat=NA, acc=NA], SCVX [acc=0.605] 
[2026-04-08 19:38:57] Rep 53, p = 1000: Witten [feat=NA, acc=NA], Arias [feat=NA, acc=NA], IF-PCA [feat=NA, acc=NA], SCVX [acc=0.570] 
[2026-04-08 19:40:05] Rep 54, p = 1000: Witten [feat=NA, acc=NA], Arias [feat=NA, acc=NA], IF-PCA [feat=NA, acc=NA], SCVX [acc=0.565] 
[2026-04-08 19:39:05] Rep 55, p = 1000: Witten [feat=NA, acc=NA], Arias [feat=NA, acc=NA], IF-PCA [feat=NA, acc=NA], SCVX [acc=0.520] 
[2026-04-08 19:43:09] Rep 56, p = 1000: Witten [feat=NA, acc=NA], Arias [feat=NA, acc=NA], IF-PCA [feat=NA, acc=NA], SCVX [acc=0.605] 
[2026-04-08 19:41:00] Rep 57, p = 1000: Witten [feat=NA, acc=NA], Arias [feat=NA, acc=NA], IF-PCA [feat=NA, acc=NA], SCVX [acc=0.680] 
[2026-04-08 19:43:37] Rep 58, p = 1000: Witten [feat=NA, acc=NA], Arias [feat=NA, acc=NA], IF-PCA [feat=NA, acc=NA], SCVX [acc=0.510] 
[2026-04-08 19:41:54] Rep 59, p = 1000: Witten [feat=NA, acc=NA], Arias [feat=NA, acc=NA], IF-PCA [feat=NA, acc=NA], SCVX [acc=0.700] 
[2026-04-08 19:43:17] Rep 60, p = 1000: Witten [feat=NA, acc=NA], Arias [feat=NA, acc=NA], IF-PCA [feat=NA, acc=NA], SCVX [acc=0.560] 
[2026-04-08 19:42:10] Rep 61, p = 1000: Witten [feat=NA, acc=NA], Arias [feat=NA, acc=NA], IF-PCA [feat=NA, acc=NA], SCVX [acc=0.540] 
[2026-04-08 19:46:03] Rep 62, p = 1000: Witten [feat=NA, acc=NA], Arias [feat=NA, acc=NA], IF-PCA [feat=NA, acc=NA], SCVX [acc=0.725] 
[2026-04-08 19:44:19] Rep 63, p = 1000: Witten [feat=NA, acc=NA], Arias [feat=NA, acc=NA], IF-PCA [feat=NA, acc=NA], SCVX [acc=0.530] 
[2026-04-08 19:43:25] Rep 64, p = 1000: Witten [feat=NA, acc=NA], Arias [feat=NA, acc=NA], IF-PCA [feat=NA, acc=NA], SCVX [acc=0.570] 
[2026-04-08 19:46:27] Rep 65, p = 1000: Witten [feat=NA, acc=NA], Arias [feat=NA, acc=NA], IF-PCA [feat=NA, acc=NA], SCVX [acc=0.610] 
[2026-04-08 19:43:47] Rep 66, p = 1000: Witten [feat=NA, acc=NA], Arias [feat=NA, acc=NA], IF-PCA [feat=NA, acc=NA], SCVX [acc=0.620] 
[2026-04-08 19:44:53] Rep 67, p = 1000: Witten [feat=NA, acc=NA], Arias [feat=NA, acc=NA], IF-PCA [feat=NA, acc=NA], SCVX [acc=0.670] 
[2026-04-08 19:45:43] Rep 68, p = 1000: Witten [feat=NA, acc=NA], Arias [feat=NA, acc=NA], IF-PCA [feat=NA, acc=NA], SCVX [acc=0.545] 
[2026-04-08 19:45:07] Rep 69, p = 1000: Witten [feat=NA, acc=NA], Arias [feat=NA, acc=NA], IF-PCA [feat=NA, acc=NA], SCVX [acc=0.670] 
[2026-04-08 19:45:46] Rep 70, p = 1000: Witten [feat=NA, acc=NA], Arias [feat=NA, acc=NA], IF-PCA [feat=NA, acc=NA], SCVX [acc=0.605] 
[2026-04-08 19:46:10] Rep 71, p = 1000: Witten [feat=NA, acc=NA], Arias [feat=NA, acc=NA], IF-PCA [feat=NA, acc=NA], SCVX [acc=0.680] 
[2026-04-08 19:46:24] Rep 72, p = 1000: Witten [feat=NA, acc=NA], Arias [feat=NA, acc=NA], IF-PCA [feat=NA, acc=NA], SCVX [acc=0.545] 
[2026-04-08 19:45:13] Rep 73, p = 1000: Witten [feat=NA, acc=NA], Arias [feat=NA, acc=NA], IF-PCA [feat=NA, acc=NA], SCVX [acc=0.610] 
[2026-04-08 19:49:44] Rep 74, p = 1000: Witten [feat=NA, acc=NA], Arias [feat=NA, acc=NA], IF-PCA [feat=NA, acc=NA], SCVX [acc=0.630] 
[2026-04-08 19:49:28] Rep 75, p = 1000: Witten [feat=NA, acc=NA], Arias [feat=NA, acc=NA], IF-PCA [feat=NA, acc=NA], SCVX [acc=0.675] 
[2026-04-08 19:50:13] Rep 76, p = 1000: Witten [feat=NA, acc=NA], Arias [feat=NA, acc=NA], IF-PCA [feat=NA, acc=NA], SCVX [acc=0.520] 
[2026-04-08 19:48:40] Rep 77, p = 1000: Witten [feat=NA, acc=NA], Arias [feat=NA, acc=NA], IF-PCA [feat=NA, acc=NA], SCVX [acc=0.630] 
[2026-04-08 19:48:04] Rep 78, p = 1000: Witten [feat=NA, acc=NA], Arias [feat=NA, acc=NA], IF-PCA [feat=NA, acc=NA], SCVX [acc=0.545] 
[2026-04-08 19:48:09] Rep 79, p = 1000: Witten [feat=NA, acc=NA], Arias [feat=NA, acc=NA], IF-PCA [feat=NA, acc=NA], SCVX [acc=0.680] 
[2026-04-08 19:49:42] Rep 80, p = 1000: Witten [feat=NA, acc=NA], Arias [feat=NA, acc=NA], IF-PCA [feat=NA, acc=NA], SCVX [acc=0.520] 
[2026-04-08 19:50:59] Rep 81, p = 1000: Witten [feat=NA, acc=NA], Arias [feat=NA, acc=NA], IF-PCA [feat=NA, acc=NA], SCVX [acc=0.720] 
[2026-04-08 19:48:24] Rep 82, p = 1000: Witten [feat=NA, acc=NA], Arias [feat=NA, acc=NA], IF-PCA [feat=NA, acc=NA], SCVX [acc=0.615] 
[2026-04-08 19:49:28] Rep 83, p = 1000: Witten [feat=NA, acc=NA], Arias [feat=NA, acc=NA], IF-PCA [feat=NA, acc=NA], SCVX [acc=0.690] 
[2026-04-08 19:50:46] Rep 84, p = 1000: Witten [feat=NA, acc=NA], Arias [feat=NA, acc=NA], IF-PCA [feat=NA, acc=NA], SCVX [acc=0.680] 
[2026-04-08 19:53:22] Rep 85, p = 1000: Witten [feat=NA, acc=NA], Arias [feat=NA, acc=NA], IF-PCA [feat=NA, acc=NA], SCVX [acc=0.560] 
[2026-04-08 19:52:43] Rep 86, p = 1000: Witten [feat=NA, acc=NA], Arias [feat=NA, acc=NA], IF-PCA [feat=NA, acc=NA], SCVX [acc=0.640] 
[2026-04-08 19:50:02] Rep 87, p = 1000: Witten [feat=NA, acc=NA], Arias [feat=NA, acc=NA], IF-PCA [feat=NA, acc=NA], SCVX [acc=0.690] 
[2026-04-08 19:51:59] Rep 88, p = 1000: Witten [feat=NA, acc=NA], Arias [feat=NA, acc=NA], IF-PCA [feat=NA, acc=NA], SCVX [acc=0.680] 
[2026-04-08 19:52:42] Rep 89, p = 1000: Witten [feat=NA, acc=NA], Arias [feat=NA, acc=NA], IF-PCA [feat=NA, acc=NA], SCVX [acc=0.525] 
[2026-04-08 19:53:45] Rep 90, p = 1000: Witten [feat=NA, acc=NA], Arias [feat=NA, acc=NA], IF-PCA [feat=NA, acc=NA], SCVX [acc=0.700] 
[2026-04-08 19:54:02] Rep 91, p = 1000: Witten [feat=NA, acc=NA], Arias [feat=NA, acc=NA], IF-PCA [feat=NA, acc=NA], SCVX [acc=0.550] 
[2026-04-08 19:54:30] Rep 92, p = 1000: Witten [feat=NA, acc=NA], Arias [feat=NA, acc=NA], IF-PCA [feat=NA, acc=NA], SCVX [acc=0.540] 
[2026-04-08 19:54:29] Rep 93, p = 1000: Witten [feat=NA, acc=NA], Arias [feat=NA, acc=NA], IF-PCA [feat=NA, acc=NA], SCVX [acc=0.625] 
[2026-04-08 19:53:33] Rep 94, p = 1000: Witten [feat=NA, acc=NA], Arias [feat=NA, acc=NA], IF-PCA [feat=NA, acc=NA], SCVX [acc=0.520] 
[2026-04-08 19:54:27] Rep 95, p = 1000: Witten [feat=NA, acc=NA], Arias [feat=NA, acc=NA], IF-PCA [feat=NA, acc=NA], SCVX [acc=0.580] 
[2026-04-08 19:54:10] Rep 96, p = 1000: Witten [feat=NA, acc=NA], Arias [feat=NA, acc=NA], IF-PCA [feat=NA, acc=NA], SCVX [acc=0.590] 
[2026-04-08 19:54:39] Rep 97, p = 1000: Witten [feat=NA, acc=NA], Arias [feat=NA, acc=NA], IF-PCA [feat=NA, acc=NA], SCVX [acc=0.655] 
[2026-04-08 19:54:22] Rep 98, p = 1000: Witten [feat=NA, acc=NA], Arias [feat=NA, acc=NA], IF-PCA [feat=NA, acc=NA], SCVX [acc=0.620] 
[2026-04-08 19:54:45] Rep 99, p = 1000: Witten [feat=NA, acc=NA], Arias [feat=NA, acc=NA], IF-PCA [feat=NA, acc=NA], SCVX [acc=0.545] 
[2026-04-08 19:54:38] Rep 100, p = 1000: Witten [feat=NA, acc=NA], Arias [feat=NA, acc=NA], IF-PCA [feat=NA, acc=NA], SCVX [acc=0.620] 

--- Dimension p = 2000 ---
[2026-04-08 20:13:50] Rep 1, p = 2000: Witten [feat=NA, acc=NA], Arias [feat=NA, acc=NA], IF-PCA [feat=NA, acc=NA], SCVX [acc=0.525] 
[2026-04-08 20:31:24] Rep 2, p = 2000: Witten [feat=NA, acc=NA], Arias [feat=NA, acc=NA], IF-PCA [feat=NA, acc=NA], SCVX [acc=0.620] 
[2026-04-08 20:23:42] Rep 3, p = 2000: Witten [feat=NA, acc=NA], Arias [feat=NA, acc=NA], IF-PCA [feat=NA, acc=NA], SCVX [acc=0.535] 
[2026-04-08 20:24:21] Rep 4, p = 2000: Witten [feat=NA, acc=NA], Arias [feat=NA, acc=NA], IF-PCA [feat=NA, acc=NA], SCVX [acc=0.525] 
[2026-04-08 20:26:32] Rep 5, p = 2000: Witten [feat=NA, acc=NA], Arias [feat=NA, acc=NA], IF-PCA [feat=NA, acc=NA], SCVX [acc=0.630] 
[2026-04-08 20:28:59] Rep 6, p = 2000: Witten [feat=NA, acc=NA], Arias [feat=NA, acc=NA], IF-PCA [feat=NA, acc=NA], SCVX [acc=0.665] 
[2026-04-08 20:05:39] Rep 7, p = 2000: Witten [feat=NA, acc=NA], Arias [feat=NA, acc=NA], IF-PCA [feat=NA, acc=NA], SCVX [acc=0.535] 
[2026-04-08 20:26:30] Rep 8, p = 2000: Witten [feat=NA, acc=NA], Arias [feat=NA, acc=NA], IF-PCA [feat=NA, acc=NA], SCVX [acc=0.630] 
[2026-04-08 20:06:23] Rep 9, p = 2000: Witten [feat=NA, acc=NA], Arias [feat=NA, acc=NA], IF-PCA [feat=NA, acc=NA], SCVX [acc=0.570] 
[2026-04-08 20:29:04] Rep 10, p = 2000: Witten [feat=NA, acc=NA], Arias [feat=NA, acc=NA], IF-PCA [feat=NA, acc=NA], SCVX [acc=0.650] 
[2026-04-08 20:25:34] Rep 11, p = 2000: Witten [feat=NA, acc=NA], Arias [feat=NA, acc=NA], IF-PCA [feat=NA, acc=NA], SCVX [acc=0.590] 
[2026-04-08 20:25:30] Rep 12, p = 2000: Witten [feat=NA, acc=NA], Arias [feat=NA, acc=NA], IF-PCA [feat=NA, acc=NA], SCVX [acc=0.530] 
[2026-04-08 20:25:59] Rep 13, p = 2000: Witten [feat=NA, acc=NA], Arias [feat=NA, acc=NA], IF-PCA [feat=NA, acc=NA], SCVX [acc=0.500] 
[2026-04-08 20:17:53] Rep 14, p = 2000: Witten [feat=NA, acc=NA], Arias [feat=NA, acc=NA], IF-PCA [feat=NA, acc=NA], SCVX [acc=0.575] 
[2026-04-08 20:19:34] Rep 15, p = 2000: Witten [feat=NA, acc=NA], Arias [feat=NA, acc=NA], IF-PCA [feat=NA, acc=NA], SCVX [acc=0.520] 
[2026-04-08 20:31:12] Rep 16, p = 2000: Witten [feat=NA, acc=NA], Arias [feat=NA, acc=NA], IF-PCA [feat=NA, acc=NA], SCVX [acc=0.535] 
[2026-04-08 20:35:19] Rep 17, p = 2000: Witten [feat=NA, acc=NA], Arias [feat=NA, acc=NA], IF-PCA [feat=NA, acc=NA], SCVX [acc=0.510] 
[2026-04-08 20:48:29] Rep 18, p = 2000: Witten [feat=NA, acc=NA], Arias [feat=NA, acc=NA], IF-PCA [feat=NA, acc=NA], SCVX [acc=0.520] 
[2026-04-08 20:49:18] Rep 19, p = 2000: Witten [feat=NA, acc=NA], Arias [feat=NA, acc=NA], IF-PCA [feat=NA, acc=NA], SCVX [acc=0.510] 
[2026-04-08 20:34:39] Rep 20, p = 2000: Witten [feat=NA, acc=NA], Arias [feat=NA, acc=NA], IF-PCA [feat=NA, acc=NA], SCVX [acc=0.605] 
[2026-04-08 20:49:16] Rep 21, p = 2000: Witten [feat=NA, acc=NA], Arias [feat=NA, acc=NA], IF-PCA [feat=NA, acc=NA], SCVX [acc=0.540] 
[2026-04-08 20:51:56] Rep 22, p = 2000: Witten [feat=NA, acc=NA], Arias [feat=NA, acc=NA], IF-PCA [feat=NA, acc=NA], SCVX [acc=0.615] 
[2026-04-08 20:56:43] Rep 23, p = 2000: Witten [feat=NA, acc=NA], Arias [feat=NA, acc=NA], IF-PCA [feat=NA, acc=NA], SCVX [acc=0.645] 
[2026-04-08 20:50:57] Rep 24, p = 2000: Witten [feat=NA, acc=NA], Arias [feat=NA, acc=NA], IF-PCA [feat=NA, acc=NA], SCVX [acc=0.550] 
[2026-04-08 20:59:59] Rep 25, p = 2000: Witten [feat=NA, acc=NA], Arias [feat=NA, acc=NA], IF-PCA [feat=NA, acc=NA], SCVX [acc=0.510] 
[2026-04-08 20:55:54] Rep 26, p = 2000: Witten [feat=NA, acc=NA], Arias [feat=NA, acc=NA], IF-PCA [feat=NA, acc=NA], SCVX [acc=0.515] 
[2026-04-08 20:47:24] Rep 27, p = 2000: Witten [feat=NA, acc=NA], Arias [feat=NA, acc=NA], IF-PCA [feat=NA, acc=NA], SCVX [acc=0.590] 
[2026-04-08 21:02:03] Rep 28, p = 2000: Witten [feat=NA, acc=NA], Arias [feat=NA, acc=NA], IF-PCA [feat=NA, acc=NA], SCVX [acc=0.650] 
[2026-04-08 20:54:39] Rep 29, p = 2000: Witten [feat=NA, acc=NA], Arias [feat=NA, acc=NA], IF-PCA [feat=NA, acc=NA], SCVX [acc=0.525] 
[2026-04-08 21:07:48] Rep 30, p = 2000: Witten [feat=NA, acc=NA], Arias [feat=NA, acc=NA], IF-PCA [feat=NA, acc=NA], SCVX [acc=0.540] 
[2026-04-08 20:43:15] Rep 31, p = 2000: Witten [feat=NA, acc=NA], Arias [feat=NA, acc=NA], IF-PCA [feat=NA, acc=NA], SCVX [acc=0.600] 
[2026-04-08 21:05:05] Rep 32, p = 2000: Witten [feat=NA, acc=NA], Arias [feat=NA, acc=NA], IF-PCA [feat=NA, acc=NA], SCVX [acc=0.510] 
[2026-04-08 21:09:46] Rep 33, p = 2000: Witten [feat=NA, acc=NA], Arias [feat=NA, acc=NA], IF-PCA [feat=NA, acc=NA], SCVX [acc=0.560] 
[2026-04-08 21:08:22] Rep 34, p = 2000: Witten [feat=NA, acc=NA], Arias [feat=NA, acc=NA], IF-PCA [feat=NA, acc=NA], SCVX [acc=0.595] 
[2026-04-08 21:17:49] Rep 35, p = 2000: Witten [feat=NA, acc=NA], Arias [feat=NA, acc=NA], IF-PCA [feat=NA, acc=NA], SCVX [acc=0.575] 
[2026-04-08 21:08:41] Rep 36, p = 2000: Witten [feat=NA, acc=NA], Arias [feat=NA, acc=NA], IF-PCA [feat=NA, acc=NA], SCVX [acc=NA] 
[2026-04-08 21:18:08] Rep 37, p = 2000: Witten [feat=NA, acc=NA], Arias [feat=NA, acc=NA], IF-PCA [feat=NA, acc=NA], SCVX [acc=0.575] 
[2026-04-08 21:22:24] Rep 38, p = 2000: Witten [feat=NA, acc=NA], Arias [feat=NA, acc=NA], IF-PCA [feat=NA, acc=NA], SCVX [acc=0.550] 
[2026-04-08 21:19:49] Rep 39, p = 2000: Witten [feat=NA, acc=NA], Arias [feat=NA, acc=NA], IF-PCA [feat=NA, acc=NA], SCVX [acc=0.550] 
[2026-04-08 21:22:43] Rep 40, p = 2000: Witten [feat=NA, acc=NA], Arias [feat=NA, acc=NA], IF-PCA [feat=NA, acc=NA], SCVX [acc=0.525] 
[2026-04-08 21:11:29] Rep 41, p = 2000: Witten [feat=NA, acc=NA], Arias [feat=NA, acc=NA], IF-PCA [feat=NA, acc=NA], SCVX [acc=0.590] 
[2026-04-08 21:18:19] Rep 42, p = 2000: Witten [feat=NA, acc=NA], Arias [feat=NA, acc=NA], IF-PCA [feat=NA, acc=NA], SCVX [acc=0.590] 
[2026-04-08 21:21:13] Rep 43, p = 2000: Witten [feat=NA, acc=NA], Arias [feat=NA, acc=NA], IF-PCA [feat=NA, acc=NA], SCVX [acc=0.670] 
[2026-04-08 21:36:36] Rep 44, p = 2000: Witten [feat=NA, acc=NA], Arias [feat=NA, acc=NA], IF-PCA [feat=NA, acc=NA], SCVX [acc=0.560] 
[2026-04-08 21:32:26] Rep 45, p = 2000: Witten [feat=NA, acc=NA], Arias [feat=NA, acc=NA], IF-PCA [feat=NA, acc=NA], SCVX [acc=0.535] 
[2026-04-08 21:34:52] Rep 46, p = 2000: Witten [feat=NA, acc=NA], Arias [feat=NA, acc=NA], IF-PCA [feat=NA, acc=NA], SCVX [acc=0.560] 
[2026-04-08 21:39:20] Rep 47, p = 2000: Witten [feat=NA, acc=NA], Arias [feat=NA, acc=NA], IF-PCA [feat=NA, acc=NA], SCVX [acc=0.550] 
[2026-04-08 21:37:30] Rep 48, p = 2000: Witten [feat=NA, acc=NA], Arias [feat=NA, acc=NA], IF-PCA [feat=NA, acc=NA], SCVX [acc=0.655] 
[2026-04-08 21:38:48] Rep 49, p = 2000: Witten [feat=NA, acc=NA], Arias [feat=NA, acc=NA], IF-PCA [feat=NA, acc=NA], SCVX [acc=0.505] 
[2026-04-08 21:38:00] Rep 50, p = 2000: Witten [feat=NA, acc=NA], Arias [feat=NA, acc=NA], IF-PCA [feat=NA, acc=NA], SCVX [acc=0.510] 
[2026-04-08 21:42:53] Rep 51, p = 2000: Witten [feat=NA, acc=NA], Arias [feat=NA, acc=NA], IF-PCA [feat=NA, acc=NA], SCVX [acc=0.620] 
[2026-04-08 21:44:49] Rep 52, p = 2000: Witten [feat=NA, acc=NA], Arias [feat=NA, acc=NA], IF-PCA [feat=NA, acc=NA], SCVX [acc=0.560] 
[2026-04-08 21:50:22] Rep 53, p = 2000: Witten [feat=NA, acc=NA], Arias [feat=NA, acc=NA], IF-PCA [feat=NA, acc=NA], SCVX [acc=0.540] 
[2026-04-08 21:51:21] Rep 54, p = 2000: Witten [feat=NA, acc=NA], Arias [feat=NA, acc=NA], IF-PCA [feat=NA, acc=NA], SCVX [acc=0.620] 
[2026-04-08 21:50:12] Rep 55, p = 2000: Witten [feat=NA, acc=NA], Arias [feat=NA, acc=NA], IF-PCA [feat=NA, acc=NA], SCVX [acc=0.515] 
[2026-04-08 21:53:49] Rep 56, p = 2000: Witten [feat=NA, acc=NA], Arias [feat=NA, acc=NA], IF-PCA [feat=NA, acc=NA], SCVX [acc=0.520] 
[2026-04-08 21:39:53] Rep 57, p = 2000: Witten [feat=NA, acc=NA], Arias [feat=NA, acc=NA], IF-PCA [feat=NA, acc=NA], SCVX [acc=0.625] 
[2026-04-08 21:55:45] Rep 58, p = 2000: Witten [feat=NA, acc=NA], Arias [feat=NA, acc=NA], IF-PCA [feat=NA, acc=NA], SCVX [acc=0.530] 
[2026-04-08 22:01:23] Rep 59, p = 2000: Witten [feat=NA, acc=NA], Arias [feat=NA, acc=NA], IF-PCA [feat=NA, acc=NA], SCVX [acc=0.665] 
[2026-04-08 22:06:02] Rep 60, p = 2000: Witten [feat=NA, acc=NA], Arias [feat=NA, acc=NA], IF-PCA [feat=NA, acc=NA], SCVX [acc=0.535] 
[2026-04-08 22:11:18] Rep 61, p = 2000: Witten [feat=NA, acc=NA], Arias [feat=NA, acc=NA], IF-PCA [feat=NA, acc=NA], SCVX [acc=0.555] 
[2026-04-08 22:04:09] Rep 62, p = 2000: Witten [feat=NA, acc=NA], Arias [feat=NA, acc=NA], IF-PCA [feat=NA, acc=NA], SCVX [acc=0.505] 
[2026-04-08 22:01:18] Rep 63, p = 2000: Witten [feat=NA, acc=NA], Arias [feat=NA, acc=NA], IF-PCA [feat=NA, acc=NA], SCVX [acc=0.500] 
[2026-04-08 22:13:23] Rep 64, p = 2000: Witten [feat=NA, acc=NA], Arias [feat=NA, acc=NA], IF-PCA [feat=NA, acc=NA], SCVX [acc=0.560] 
[2026-04-08 22:08:24] Rep 65, p = 2000: Witten [feat=NA, acc=NA], Arias [feat=NA, acc=NA], IF-PCA [feat=NA, acc=NA], SCVX [acc=0.510] 
[2026-04-08 22:13:07] Rep 66, p = 2000: Witten [feat=NA, acc=NA], Arias [feat=NA, acc=NA], IF-PCA [feat=NA, acc=NA], SCVX [acc=0.575] 
[2026-04-08 21:56:26] Rep 67, p = 2000: Witten [feat=NA, acc=NA], Arias [feat=NA, acc=NA], IF-PCA [feat=NA, acc=NA], SCVX [acc=0.580] 
[2026-04-08 22:11:20] Rep 68, p = 2000: Witten [feat=NA, acc=NA], Arias [feat=NA, acc=NA], IF-PCA [feat=NA, acc=NA], SCVX [acc=0.555] 
[2026-04-08 22:19:47] Rep 69, p = 2000: Witten [feat=NA, acc=NA], Arias [feat=NA, acc=NA], IF-PCA [feat=NA, acc=NA], SCVX [acc=0.650] 
[2026-04-08 22:24:20] Rep 70, p = 2000: Witten [feat=NA, acc=NA], Arias [feat=NA, acc=NA], IF-PCA [feat=NA, acc=NA], SCVX [acc=0.645] 
[2026-04-08 22:23:41] Rep 71, p = 2000: Witten [feat=NA, acc=NA], Arias [feat=NA, acc=NA], IF-PCA [feat=NA, acc=NA], SCVX [acc=0.525] 
[2026-04-08 22:25:18] Rep 72, p = 2000: Witten [feat=NA, acc=NA], Arias [feat=NA, acc=NA], IF-PCA [feat=NA, acc=NA], SCVX [acc=0.520] 
[2026-04-08 22:34:08] Rep 73, p = 2000: Witten [feat=NA, acc=NA], Arias [feat=NA, acc=NA], IF-PCA [feat=NA, acc=NA], SCVX [acc=0.550] 
[2026-04-08 22:12:39] Rep 74, p = 2000: Witten [feat=NA, acc=NA], Arias [feat=NA, acc=NA], IF-PCA [feat=NA, acc=NA], SCVX [acc=0.575] 
[2026-04-08 22:22:52] Rep 75, p = 2000: Witten [feat=NA, acc=NA], Arias [feat=NA, acc=NA], IF-PCA [feat=NA, acc=NA], SCVX [acc=0.505] 
[2026-04-08 22:31:51] Rep 76, p = 2000: Witten [feat=NA, acc=NA], Arias [feat=NA, acc=NA], IF-PCA [feat=NA, acc=NA], SCVX [acc=0.530] 
[2026-04-08 22:17:13] Rep 77, p = 2000: Witten [feat=NA, acc=NA], Arias [feat=NA, acc=NA], IF-PCA [feat=NA, acc=NA], SCVX [acc=0.590] 
[2026-04-08 22:38:16] Rep 78, p = 2000: Witten [feat=NA, acc=NA], Arias [feat=NA, acc=NA], IF-PCA [feat=NA, acc=NA], SCVX [acc=0.525] 
[2026-04-08 22:29:27] Rep 79, p = 2000: Witten [feat=NA, acc=NA], Arias [feat=NA, acc=NA], IF-PCA [feat=NA, acc=NA], SCVX [acc=0.585] 
[2026-04-08 22:28:46] Rep 80, p = 2000: Witten [feat=NA, acc=NA], Arias [feat=NA, acc=NA], IF-PCA [feat=NA, acc=NA], SCVX [acc=0.505] 
[2026-04-08 22:25:56] Rep 81, p = 2000: Witten [feat=NA, acc=NA], Arias [feat=NA, acc=NA], IF-PCA [feat=NA, acc=NA], SCVX [acc=0.615] 
[2026-04-08 22:43:57] Rep 82, p = 2000: Witten [feat=NA, acc=NA], Arias [feat=NA, acc=NA], IF-PCA [feat=NA, acc=NA], SCVX [acc=0.565] 
[2026-04-08 22:41:27] Rep 83, p = 2000: Witten [feat=NA, acc=NA], Arias [feat=NA, acc=NA], IF-PCA [feat=NA, acc=NA], SCVX [acc=0.535] 
[2026-04-08 22:45:19] Rep 84, p = 2000: Witten [feat=NA, acc=NA], Arias [feat=NA, acc=NA], IF-PCA [feat=NA, acc=NA], SCVX [acc=NA] 
[2026-04-08 22:48:01] Rep 85, p = 2000: Witten [feat=NA, acc=NA], Arias [feat=NA, acc=NA], IF-PCA [feat=NA, acc=NA], SCVX [acc=0.665] 
[2026-04-08 22:52:27] Rep 86, p = 2000: Witten [feat=NA, acc=NA], Arias [feat=NA, acc=NA], IF-PCA [feat=NA, acc=NA], SCVX [acc=0.555] 
[2026-04-08 22:48:56] Rep 87, p = 2000: Witten [feat=NA, acc=NA], Arias [feat=NA, acc=NA], IF-PCA [feat=NA, acc=NA], SCVX [acc=0.620] 
[2026-04-08 22:54:52] Rep 88, p = 2000: Witten [feat=NA, acc=NA], Arias [feat=NA, acc=NA], IF-PCA [feat=NA, acc=NA], SCVX [acc=0.575] 
[2026-04-08 22:39:26] Rep 89, p = 2000: Witten [feat=NA, acc=NA], Arias [feat=NA, acc=NA], IF-PCA [feat=NA, acc=NA], SCVX [acc=0.520] 
[2026-04-08 22:54:07] Rep 90, p = 2000: Witten [feat=NA, acc=NA], Arias [feat=NA, acc=NA], IF-PCA [feat=NA, acc=NA], SCVX [acc=0.500] 
[2026-04-08 22:55:53] Rep 91, p = 2000: Witten [feat=NA, acc=NA], Arias [feat=NA, acc=NA], IF-PCA [feat=NA, acc=NA], SCVX [acc=0.635] 
[2026-04-08 22:45:11] Rep 92, p = 2000: Witten [feat=NA, acc=NA], Arias [feat=NA, acc=NA], IF-PCA [feat=NA, acc=NA], SCVX [acc=0.605] 
[2026-04-08 22:46:10] Rep 93, p = 2000: Witten [feat=NA, acc=NA], Arias [feat=NA, acc=NA], IF-PCA [feat=NA, acc=NA], SCVX [acc=0.610] 
[2026-04-08 22:53:17] Rep 94, p = 2000: Witten [feat=NA, acc=NA], Arias [feat=NA, acc=NA], IF-PCA [feat=NA, acc=NA], SCVX [acc=0.525] 
[2026-04-08 22:57:54] Rep 95, p = 2000: Witten [feat=NA, acc=NA], Arias [feat=NA, acc=NA], IF-PCA [feat=NA, acc=NA], SCVX [acc=0.530] 
[2026-04-08 22:58:34] Rep 96, p = 2000: Witten [feat=NA, acc=NA], Arias [feat=NA, acc=NA], IF-PCA [feat=NA, acc=NA], SCVX [acc=0.585] 
[2026-04-08 22:55:14] Rep 97, p = 2000: Witten [feat=NA, acc=NA], Arias [feat=NA, acc=NA], IF-PCA [feat=NA, acc=NA], SCVX [acc=0.570] 
[2026-04-08 22:59:01] Rep 98, p = 2000: Witten [feat=NA, acc=NA], Arias [feat=NA, acc=NA], IF-PCA [feat=NA, acc=NA], SCVX [acc=0.570] 
[2026-04-08 22:59:20] Rep 99, p = 2000: Witten [feat=NA, acc=NA], Arias [feat=NA, acc=NA], IF-PCA [feat=NA, acc=NA], SCVX [acc=0.580] 
[2026-04-08 22:56:25] Rep 100, p = 2000: Witten [feat=NA, acc=NA], Arias [feat=NA, acc=NA], IF-PCA [feat=NA, acc=NA], SCVX [acc=0.510] 

--- Dimension p = 3000 ---
[2026-04-08 23:05:37] Rep 1, p = 3000: Witten [feat=NA, acc=NA], Arias [feat=NA, acc=NA], IF-PCA [feat=NA, acc=NA], SCVX [acc=0.525] 
[2026-04-08 23:04:31] Rep 2, p = 3000: Witten [feat=NA, acc=NA], Arias [feat=NA, acc=NA], IF-PCA [feat=NA, acc=NA], SCVX [acc=0.635] 
[2026-04-08 23:19:41] Rep 3, p = 3000: Witten [feat=NA, acc=NA], Arias [feat=NA, acc=NA], IF-PCA [feat=NA, acc=NA], SCVX [acc=0.565] 
[2026-04-08 23:14:12] Rep 4, p = 3000: Witten [feat=NA, acc=NA], Arias [feat=NA, acc=NA], IF-PCA [feat=NA, acc=NA], SCVX [acc=0.630] 
[2026-04-08 23:13:43] Rep 5, p = 3000: Witten [feat=NA, acc=NA], Arias [feat=NA, acc=NA], IF-PCA [feat=NA, acc=NA], SCVX [acc=0.595] 
[2026-04-08 23:08:56] Rep 6, p = 3000: Witten [feat=NA, acc=NA], Arias [feat=NA, acc=NA], IF-PCA [feat=NA, acc=NA], SCVX [acc=0.525] 
[2026-04-08 23:09:59] Rep 7, p = 3000: Witten [feat=NA, acc=NA], Arias [feat=NA, acc=NA], IF-PCA [feat=NA, acc=NA], SCVX [acc=0.550] 
[2026-04-08 23:05:36] Rep 8, p = 3000: Witten [feat=NA, acc=NA], Arias [feat=NA, acc=NA], IF-PCA [feat=NA, acc=NA], SCVX [acc=0.545] 
[2026-04-08 23:18:42] Rep 9, p = 3000: Witten [feat=NA, acc=NA], Arias [feat=NA, acc=NA], IF-PCA [feat=NA, acc=NA], SCVX [acc=0.575] 
[2026-04-08 23:13:28] Rep 10, p = 3000: Witten [feat=NA, acc=NA], Arias [feat=NA, acc=NA], IF-PCA [feat=NA, acc=NA], SCVX [acc=0.525] 
[2026-04-08 23:08:18] Rep 11, p = 3000: Witten [feat=NA, acc=NA], Arias [feat=NA, acc=NA], IF-PCA [feat=NA, acc=NA], SCVX [acc=0.610] 
[2026-04-08 23:10:46] Rep 12, p = 3000: Witten [feat=NA, acc=NA], Arias [feat=NA, acc=NA], IF-PCA [feat=NA, acc=NA], SCVX [acc=0.565] 
[2026-04-08 23:06:46] Rep 13, p = 3000: Witten [feat=NA, acc=NA], Arias [feat=NA, acc=NA], IF-PCA [feat=NA, acc=NA], SCVX [acc=0.545] 
[2026-04-08 23:03:40] Rep 14, p = 3000: Witten [feat=NA, acc=NA], Arias [feat=NA, acc=NA], IF-PCA [feat=NA, acc=NA], SCVX [acc=0.570] 
[2026-04-08 23:11:07] Rep 15, p = 3000: Witten [feat=NA, acc=NA], Arias [feat=NA, acc=NA], IF-PCA [feat=NA, acc=NA], SCVX [acc=0.560] 
[2026-04-08 23:17:10] Rep 16, p = 3000: Witten [feat=NA, acc=NA], Arias [feat=NA, acc=NA], IF-PCA [feat=NA, acc=NA], SCVX [acc=0.530] 
[2026-04-08 23:22:56] Rep 17, p = 3000: Witten [feat=NA, acc=NA], Arias [feat=NA, acc=NA], IF-PCA [feat=NA, acc=NA], SCVX [acc=0.550] 
[2026-04-08 23:19:24] Rep 18, p = 3000: Witten [feat=NA, acc=NA], Arias [feat=NA, acc=NA], IF-PCA [feat=NA, acc=NA], SCVX [acc=0.505] 
[2026-04-08 23:16:20] Rep 19, p = 3000: Witten [feat=NA, acc=NA], Arias [feat=NA, acc=NA], IF-PCA [feat=NA, acc=NA], SCVX [acc=0.575] 
[2026-04-08 23:17:02] Rep 20, p = 3000: Witten [feat=NA, acc=NA], Arias [feat=NA, acc=NA], IF-PCA [feat=NA, acc=NA], SCVX [acc=0.635] 
[2026-04-08 23:22:35] Rep 21, p = 3000: Witten [feat=NA, acc=NA], Arias [feat=NA, acc=NA], IF-PCA [feat=NA, acc=NA], SCVX [acc=0.535] 
[2026-04-08 23:21:53] Rep 22, p = 3000: Witten [feat=NA, acc=NA], Arias [feat=NA, acc=NA], IF-PCA [feat=NA, acc=NA], SCVX [acc=0.590] 
[2026-04-08 23:21:45] Rep 23, p = 3000: Witten [feat=NA, acc=NA], Arias [feat=NA, acc=NA], IF-PCA [feat=NA, acc=NA], SCVX [acc=0.540] 
[2026-04-08 23:29:11] Rep 24, p = 3000: Witten [feat=NA, acc=NA], Arias [feat=NA, acc=NA], IF-PCA [feat=NA, acc=NA], SCVX [acc=0.500] 
[2026-04-08 23:34:35] Rep 25, p = 3000: Witten [feat=NA, acc=NA], Arias [feat=NA, acc=NA], IF-PCA [feat=NA, acc=NA], SCVX [acc=0.505] 
[2026-04-08 23:27:04] Rep 26, p = 3000: Witten [feat=NA, acc=NA], Arias [feat=NA, acc=NA], IF-PCA [feat=NA, acc=NA], SCVX [acc=0.650] 
[2026-04-08 23:30:59] Rep 27, p = 3000: Witten [feat=NA, acc=NA], Arias [feat=NA, acc=NA], IF-PCA [feat=NA, acc=NA], SCVX [acc=0.545] 
[2026-04-08 23:27:11] Rep 28, p = 3000: Witten [feat=NA, acc=NA], Arias [feat=NA, acc=NA], IF-PCA [feat=NA, acc=NA], SCVX [acc=0.600] 
[2026-04-08 23:39:48] Rep 29, p = 3000: Witten [feat=NA, acc=NA], Arias [feat=NA, acc=NA], IF-PCA [feat=NA, acc=NA], SCVX [acc=0.535] 
[2026-04-08 23:29:30] Rep 30, p = 3000: Witten [feat=NA, acc=NA], Arias [feat=NA, acc=NA], IF-PCA [feat=NA, acc=NA], SCVX [acc=0.565] 
[2026-04-08 23:35:52] Rep 31, p = 3000: Witten [feat=NA, acc=NA], Arias [feat=NA, acc=NA], IF-PCA [feat=NA, acc=NA], SCVX [acc=0.595] 
[2026-04-08 23:33:21] Rep 32, p = 3000: Witten [feat=NA, acc=NA], Arias [feat=NA, acc=NA], IF-PCA [feat=NA, acc=NA], SCVX [acc=0.625] 
[2026-04-08 23:30:55] Rep 33, p = 3000: Witten [feat=NA, acc=NA], Arias [feat=NA, acc=NA], IF-PCA [feat=NA, acc=NA], SCVX [acc=0.535] 
[2026-04-08 23:32:22] Rep 34, p = 3000: Witten [feat=NA, acc=NA], Arias [feat=NA, acc=NA], IF-PCA [feat=NA, acc=NA], SCVX [acc=0.515] 
[2026-04-08 23:35:26] Rep 35, p = 3000: Witten [feat=NA, acc=NA], Arias [feat=NA, acc=NA], IF-PCA [feat=NA, acc=NA], SCVX [acc=0.650] 
[2026-04-08 23:32:15] Rep 36, p = 3000: Witten [feat=NA, acc=NA], Arias [feat=NA, acc=NA], IF-PCA [feat=NA, acc=NA], SCVX [acc=0.515] 
[2026-04-08 23:43:12] Rep 37, p = 3000: Witten [feat=NA, acc=NA], Arias [feat=NA, acc=NA], IF-PCA [feat=NA, acc=NA], SCVX [acc=0.555] 
[2026-04-08 23:35:26] Rep 38, p = 3000: Witten [feat=NA, acc=NA], Arias [feat=NA, acc=NA], IF-PCA [feat=NA, acc=NA], SCVX [acc=0.545] 
[2026-04-08 23:39:13] Rep 39, p = 3000: Witten [feat=NA, acc=NA], Arias [feat=NA, acc=NA], IF-PCA [feat=NA, acc=NA], SCVX [acc=0.505] 
[2026-04-08 23:36:19] Rep 40, p = 3000: Witten [feat=NA, acc=NA], Arias [feat=NA, acc=NA], IF-PCA [feat=NA, acc=NA], SCVX [acc=0.520] 
[2026-04-08 23:40:16] Rep 41, p = 3000: Witten [feat=NA, acc=NA], Arias [feat=NA, acc=NA], IF-PCA [feat=NA, acc=NA], SCVX [acc=0.505] 
[2026-04-08 23:40:02] Rep 42, p = 3000: Witten [feat=NA, acc=NA], Arias [feat=NA, acc=NA], IF-PCA [feat=NA, acc=NA], SCVX [acc=0.520] 
[2026-04-08 23:46:43] Rep 43, p = 3000: Witten [feat=NA, acc=NA], Arias [feat=NA, acc=NA], IF-PCA [feat=NA, acc=NA], SCVX [acc=0.515] 
[2026-04-08 23:55:48] Rep 44, p = 3000: Witten [feat=NA, acc=NA], Arias [feat=NA, acc=NA], IF-PCA [feat=NA, acc=NA], SCVX [acc=0.515] 
[2026-04-08 23:50:29] Rep 45, p = 3000: Witten [feat=NA, acc=NA], Arias [feat=NA, acc=NA], IF-PCA [feat=NA, acc=NA], SCVX [acc=0.575] 
[2026-04-08 23:43:34] Rep 46, p = 3000: Witten [feat=NA, acc=NA], Arias [feat=NA, acc=NA], IF-PCA [feat=NA, acc=NA], SCVX [acc=0.590] 
[2026-04-08 23:47:42] Rep 47, p = 3000: Witten [feat=NA, acc=NA], Arias [feat=NA, acc=NA], IF-PCA [feat=NA, acc=NA], SCVX [acc=0.625] 
[2026-04-08 23:45:43] Rep 48, p = 3000: Witten [feat=NA, acc=NA], Arias [feat=NA, acc=NA], IF-PCA [feat=NA, acc=NA], SCVX [acc=0.540] 
[2026-04-08 23:51:09] Rep 49, p = 3000: Witten [feat=NA, acc=NA], Arias [feat=NA, acc=NA], IF-PCA [feat=NA, acc=NA], SCVX [acc=0.610] 
[2026-04-08 23:53:43] Rep 50, p = 3000: Witten [feat=NA, acc=NA], Arias [feat=NA, acc=NA], IF-PCA [feat=NA, acc=NA], SCVX [acc=0.525] 
[2026-04-08 23:49:38] Rep 51, p = 3000: Witten [feat=NA, acc=NA], Arias [feat=NA, acc=NA], IF-PCA [feat=NA, acc=NA], SCVX [acc=0.540] 
[2026-04-08 23:52:34] Rep 52, p = 3000: Witten [feat=NA, acc=NA], Arias [feat=NA, acc=NA], IF-PCA [feat=NA, acc=NA], SCVX [acc=0.510] 
[2026-04-08 23:51:19] Rep 53, p = 3000: Witten [feat=NA, acc=NA], Arias [feat=NA, acc=NA], IF-PCA [feat=NA, acc=NA], SCVX [acc=0.545] 
[2026-04-08 23:51:33] Rep 54, p = 3000: Witten [feat=NA, acc=NA], Arias [feat=NA, acc=NA], IF-PCA [feat=NA, acc=NA], SCVX [acc=0.665] 
[2026-04-09 00:08:54] Rep 55, p = 3000: Witten [feat=NA, acc=NA], Arias [feat=NA, acc=NA], IF-PCA [feat=NA, acc=NA], SCVX [acc=0.505] 
[2026-04-08 23:51:25] Rep 56, p = 3000: Witten [feat=NA, acc=NA], Arias [feat=NA, acc=NA], IF-PCA [feat=NA, acc=NA], SCVX [acc=0.550] 
[2026-04-08 23:57:31] Rep 57, p = 3000: Witten [feat=NA, acc=NA], Arias [feat=NA, acc=NA], IF-PCA [feat=NA, acc=NA], SCVX [acc=0.545] 
[2026-04-09 00:01:27] Rep 58, p = 3000: Witten [feat=NA, acc=NA], Arias [feat=NA, acc=NA], IF-PCA [feat=NA, acc=NA], SCVX [acc=0.535] 
[2026-04-09 00:00:03] Rep 59, p = 3000: Witten [feat=NA, acc=NA], Arias [feat=NA, acc=NA], IF-PCA [feat=NA, acc=NA], SCVX [acc=0.515] 
[2026-04-08 23:59:27] Rep 60, p = 3000: Witten [feat=NA, acc=NA], Arias [feat=NA, acc=NA], IF-PCA [feat=NA, acc=NA], SCVX [acc=0.580] 
[2026-04-09 00:00:34] Rep 61, p = 3000: Witten [feat=NA, acc=NA], Arias [feat=NA, acc=NA], IF-PCA [feat=NA, acc=NA], SCVX [acc=0.515] 
[2026-04-09 00:06:47] Rep 62, p = 3000: Witten [feat=NA, acc=NA], Arias [feat=NA, acc=NA], IF-PCA [feat=NA, acc=NA], SCVX [acc=0.535] 
[2026-04-09 00:09:29] Rep 63, p = 3000: Witten [feat=NA, acc=NA], Arias [feat=NA, acc=NA], IF-PCA [feat=NA, acc=NA], SCVX [acc=0.525] 
[2026-04-09 00:05:50] Rep 64, p = 3000: Witten [feat=NA, acc=NA], Arias [feat=NA, acc=NA], IF-PCA [feat=NA, acc=NA], SCVX [acc=0.595] 
[2026-04-09 00:09:52] Rep 65, p = 3000: Witten [feat=NA, acc=NA], Arias [feat=NA, acc=NA], IF-PCA [feat=NA, acc=NA], SCVX [acc=0.530] 
[2026-04-09 00:12:31] Rep 66, p = 3000: Witten [feat=NA, acc=NA], Arias [feat=NA, acc=NA], IF-PCA [feat=NA, acc=NA], SCVX [acc=0.580] 
[2026-04-09 00:02:35] Rep 67, p = 3000: Witten [feat=NA, acc=NA], Arias [feat=NA, acc=NA], IF-PCA [feat=NA, acc=NA], SCVX [acc=0.505] 
[2026-04-09 00:10:24] Rep 68, p = 3000: Witten [feat=NA, acc=NA], Arias [feat=NA, acc=NA], IF-PCA [feat=NA, acc=NA], SCVX [acc=0.530] 
[2026-04-09 00:12:43] Rep 69, p = 3000: Witten [feat=NA, acc=NA], Arias [feat=NA, acc=NA], IF-PCA [feat=NA, acc=NA], SCVX [acc=0.550] 
[2026-04-09 00:11:06] Rep 70, p = 3000: Witten [feat=NA, acc=NA], Arias [feat=NA, acc=NA], IF-PCA [feat=NA, acc=NA], SCVX [acc=0.560] 
[2026-04-09 00:11:28] Rep 71, p = 3000: Witten [feat=NA, acc=NA], Arias [feat=NA, acc=NA], IF-PCA [feat=NA, acc=NA], SCVX [acc=0.560] 
[2026-04-09 00:35:06] Rep 72, p = 3000: Witten [feat=NA, acc=NA], Arias [feat=NA, acc=NA], IF-PCA [feat=NA, acc=NA], SCVX [acc=0.595] 
[2026-04-09 00:14:16] Rep 73, p = 3000: Witten [feat=NA, acc=NA], Arias [feat=NA, acc=NA], IF-PCA [feat=NA, acc=NA], SCVX [acc=0.610] 
[2026-04-09 00:13:25] Rep 74, p = 3000: Witten [feat=NA, acc=NA], Arias [feat=NA, acc=NA], IF-PCA [feat=NA, acc=NA], SCVX [acc=0.500] 
[2026-04-09 00:16:45] Rep 75, p = 3000: Witten [feat=NA, acc=NA], Arias [feat=NA, acc=NA], IF-PCA [feat=NA, acc=NA], SCVX [acc=0.530] 
[2026-04-09 00:12:32] Rep 76, p = 3000: Witten [feat=NA, acc=NA], Arias [feat=NA, acc=NA], IF-PCA [feat=NA, acc=NA], SCVX [acc=0.575] 
[2026-04-09 00:21:13] Rep 77, p = 3000: Witten [feat=NA, acc=NA], Arias [feat=NA, acc=NA], IF-PCA [feat=NA, acc=NA], SCVX [acc=0.535] 
[2026-04-09 00:17:28] Rep 78, p = 3000: Witten [feat=NA, acc=NA], Arias [feat=NA, acc=NA], IF-PCA [feat=NA, acc=NA], SCVX [acc=0.530] 
[2026-04-09 00:21:25] Rep 79, p = 3000: Witten [feat=NA, acc=NA], Arias [feat=NA, acc=NA], IF-PCA [feat=NA, acc=NA], SCVX [acc=0.510] 
[2026-04-09 00:19:51] Rep 80, p = 3000: Witten [feat=NA, acc=NA], Arias [feat=NA, acc=NA], IF-PCA [feat=NA, acc=NA], SCVX [acc=0.505] 
[2026-04-09 00:26:50] Rep 81, p = 3000: Witten [feat=NA, acc=NA], Arias [feat=NA, acc=NA], IF-PCA [feat=NA, acc=NA], SCVX [acc=0.625] 
[2026-04-09 00:24:46] Rep 82, p = 3000: Witten [feat=NA, acc=NA], Arias [feat=NA, acc=NA], IF-PCA [feat=NA, acc=NA], SCVX [acc=0.575] 
[2026-04-09 00:25:12] Rep 83, p = 3000: Witten [feat=NA, acc=NA], Arias [feat=NA, acc=NA], IF-PCA [feat=NA, acc=NA], SCVX [acc=0.685] 
[2026-04-09 00:23:29] Rep 84, p = 3000: Witten [feat=NA, acc=NA], Arias [feat=NA, acc=NA], IF-PCA [feat=NA, acc=NA], SCVX [acc=0.500] 
[2026-04-09 00:25:57] Rep 85, p = 3000: Witten [feat=NA, acc=NA], Arias [feat=NA, acc=NA], IF-PCA [feat=NA, acc=NA], SCVX [acc=0.525] 
[2026-04-09 00:24:03] Rep 86, p = 3000: Witten [feat=NA, acc=NA], Arias [feat=NA, acc=NA], IF-PCA [feat=NA, acc=NA], SCVX [acc=0.515] 
[2026-04-09 00:28:33] Rep 87, p = 3000: Witten [feat=NA, acc=NA], Arias [feat=NA, acc=NA], IF-PCA [feat=NA, acc=NA], SCVX [acc=0.565] 
[2026-04-09 00:24:28] Rep 88, p = 3000: Witten [feat=NA, acc=NA], Arias [feat=NA, acc=NA], IF-PCA [feat=NA, acc=NA], SCVX [acc=0.535] 
[2026-04-09 00:28:50] Rep 89, p = 3000: Witten [feat=NA, acc=NA], Arias [feat=NA, acc=NA], IF-PCA [feat=NA, acc=NA], SCVX [acc=0.555] 
[2026-04-09 00:34:00] Rep 90, p = 3000: Witten [feat=NA, acc=NA], Arias [feat=NA, acc=NA], IF-PCA [feat=NA, acc=NA], SCVX [acc=0.515] 
[2026-04-09 00:32:07] Rep 91, p = 3000: Witten [feat=NA, acc=NA], Arias [feat=NA, acc=NA], IF-PCA [feat=NA, acc=NA], SCVX [acc=0.535] 
[2026-04-09 00:35:23] Rep 92, p = 3000: Witten [feat=NA, acc=NA], Arias [feat=NA, acc=NA], IF-PCA [feat=NA, acc=NA], SCVX [acc=0.590] 
[2026-04-09 00:33:08] Rep 93, p = 3000: Witten [feat=NA, acc=NA], Arias [feat=NA, acc=NA], IF-PCA [feat=NA, acc=NA], SCVX [acc=0.570] 
[2026-04-09 00:34:04] Rep 94, p = 3000: Witten [feat=NA, acc=NA], Arias [feat=NA, acc=NA], IF-PCA [feat=NA, acc=NA], SCVX [acc=0.620] 
[2026-04-09 00:36:16] Rep 95, p = 3000: Witten [feat=NA, acc=NA], Arias [feat=NA, acc=NA], IF-PCA [feat=NA, acc=NA], SCVX [acc=0.540] 
[2026-04-09 00:33:59] Rep 96, p = 3000: Witten [feat=NA, acc=NA], Arias [feat=NA, acc=NA], IF-PCA [feat=NA, acc=NA], SCVX [acc=0.580] 
[2026-04-09 00:35:40] Rep 97, p = 3000: Witten [feat=NA, acc=NA], Arias [feat=NA, acc=NA], IF-PCA [feat=NA, acc=NA], SCVX [acc=0.520] 
[2026-04-09 00:35:00] Rep 98, p = 3000: Witten [feat=NA, acc=NA], Arias [feat=NA, acc=NA], IF-PCA [feat=NA, acc=NA], SCVX [acc=0.505] 
[2026-04-09 00:32:51] Rep 99, p = 3000: Witten [feat=NA, acc=NA], Arias [feat=NA, acc=NA], IF-PCA [feat=NA, acc=NA], SCVX [acc=0.530] 
[2026-04-09 00:35:46] Rep 100, p = 3000: Witten [feat=NA, acc=NA], Arias [feat=NA, acc=NA], IF-PCA [feat=NA, acc=NA], SCVX [acc=0.585] 

--- Dimension p = 4000 ---
[2026-04-09 00:48:13] Rep 1, p = 4000: Witten [feat=NA, acc=NA], Arias [feat=NA, acc=NA], IF-PCA [feat=NA, acc=NA], SCVX [acc=0.515] 
[2026-04-09 00:48:50] Rep 2, p = 4000: Witten [feat=NA, acc=NA], Arias [feat=NA, acc=NA], IF-PCA [feat=NA, acc=NA], SCVX [acc=0.565] 
[2026-04-09 00:53:30] Rep 3, p = 4000: Witten [feat=NA, acc=NA], Arias [feat=NA, acc=NA], IF-PCA [feat=NA, acc=NA], SCVX [acc=0.565] 
[2026-04-09 00:51:25] Rep 4, p = 4000: Witten [feat=NA, acc=NA], Arias [feat=NA, acc=NA], IF-PCA [feat=NA, acc=NA], SCVX [acc=0.635] 
[2026-04-09 00:51:26] Rep 5, p = 4000: Witten [feat=NA, acc=NA], Arias [feat=NA, acc=NA], IF-PCA [feat=NA, acc=NA], SCVX [acc=0.510] 
[2026-04-09 00:50:36] Rep 6, p = 4000: Witten [feat=NA, acc=NA], Arias [feat=NA, acc=NA], IF-PCA [feat=NA, acc=NA], SCVX [acc=0.515] 
[2026-04-09 00:51:49] Rep 7, p = 4000: Witten [feat=NA, acc=NA], Arias [feat=NA, acc=NA], IF-PCA [feat=NA, acc=NA], SCVX [acc=0.545] 
[2026-04-09 00:52:54] Rep 8, p = 4000: Witten [feat=NA, acc=NA], Arias [feat=NA, acc=NA], IF-PCA [feat=NA, acc=NA], SCVX [acc=0.635] 
[2026-04-09 00:52:47] Rep 9, p = 4000: Witten [feat=NA, acc=NA], Arias [feat=NA, acc=NA], IF-PCA [feat=NA, acc=NA], SCVX [acc=0.515] 
[2026-04-09 00:50:31] Rep 10, p = 4000: Witten [feat=NA, acc=NA], Arias [feat=NA, acc=NA], IF-PCA [feat=NA, acc=NA], SCVX [acc=0.540] 
[2026-04-09 00:54:09] Rep 11, p = 4000: Witten [feat=NA, acc=NA], Arias [feat=NA, acc=NA], IF-PCA [feat=NA, acc=NA], SCVX [acc=0.560] 
[2026-04-09 00:49:28] Rep 12, p = 4000: Witten [feat=NA, acc=NA], Arias [feat=NA, acc=NA], IF-PCA [feat=NA, acc=NA], SCVX [acc=0.545] 
[2026-04-09 00:48:25] Rep 13, p = 4000: Witten [feat=NA, acc=NA], Arias [feat=NA, acc=NA], IF-PCA [feat=NA, acc=NA], SCVX [acc=0.595] 
[2026-04-09 00:48:26] Rep 14, p = 4000: Witten [feat=NA, acc=NA], Arias [feat=NA, acc=NA], IF-PCA [feat=NA, acc=NA], SCVX [acc=0.660] 
[2026-04-09 00:54:05] Rep 15, p = 4000: Witten [feat=NA, acc=NA], Arias [feat=NA, acc=NA], IF-PCA [feat=NA, acc=NA], SCVX [acc=0.540] 
[2026-04-09 01:07:42] Rep 16, p = 4000: Witten [feat=NA, acc=NA], Arias [feat=NA, acc=NA], IF-PCA [feat=NA, acc=NA], SCVX [acc=0.525] 
[2026-04-09 01:01:31] Rep 17, p = 4000: Witten [feat=NA, acc=NA], Arias [feat=NA, acc=NA], IF-PCA [feat=NA, acc=NA], SCVX [acc=0.525] 
[2026-04-09 01:09:13] Rep 18, p = 4000: Witten [feat=NA, acc=NA], Arias [feat=NA, acc=NA], IF-PCA [feat=NA, acc=NA], SCVX [acc=NA] 
[2026-04-09 01:09:43] Rep 19, p = 4000: Witten [feat=NA, acc=NA], Arias [feat=NA, acc=NA], IF-PCA [feat=NA, acc=NA], SCVX [acc=0.580] 
[2026-04-09 01:07:41] Rep 20, p = 4000: Witten [feat=NA, acc=NA], Arias [feat=NA, acc=NA], IF-PCA [feat=NA, acc=NA], SCVX [acc=0.515] 
[2026-04-09 01:04:26] Rep 21, p = 4000: Witten [feat=NA, acc=NA], Arias [feat=NA, acc=NA], IF-PCA [feat=NA, acc=NA], SCVX [acc=0.610] 
[2026-04-09 01:10:49] Rep 22, p = 4000: Witten [feat=NA, acc=NA], Arias [feat=NA, acc=NA], IF-PCA [feat=NA, acc=NA], SCVX [acc=0.545] 
[2026-04-09 01:10:44] Rep 23, p = 4000: Witten [feat=NA, acc=NA], Arias [feat=NA, acc=NA], IF-PCA [feat=NA, acc=NA], SCVX [acc=0.545] 
[2026-04-09 01:10:16] Rep 24, p = 4000: Witten [feat=NA, acc=NA], Arias [feat=NA, acc=NA], IF-PCA [feat=NA, acc=NA], SCVX [acc=0.595] 
[2026-04-09 01:05:12] Rep 25, p = 4000: Witten [feat=NA, acc=NA], Arias [feat=NA, acc=NA], IF-PCA [feat=NA, acc=NA], SCVX [acc=0.555] 
[2026-04-09 01:11:28] Rep 26, p = 4000: Witten [feat=NA, acc=NA], Arias [feat=NA, acc=NA], IF-PCA [feat=NA, acc=NA], SCVX [acc=NA] 
[2026-04-09 01:12:18] Rep 27, p = 4000: Witten [feat=NA, acc=NA], Arias [feat=NA, acc=NA], IF-PCA [feat=NA, acc=NA], SCVX [acc=0.545] 
[2026-04-09 01:11:14] Rep 28, p = 4000: Witten [feat=NA, acc=NA], Arias [feat=NA, acc=NA], IF-PCA [feat=NA, acc=NA], SCVX [acc=0.555] 
[2026-04-09 01:12:53] Rep 29, p = 4000: Witten [feat=NA, acc=NA], Arias [feat=NA, acc=NA], IF-PCA [feat=NA, acc=NA], SCVX [acc=0.575] 
[2026-04-09 01:13:55] Rep 30, p = 4000: Witten [feat=NA, acc=NA], Arias [feat=NA, acc=NA], IF-PCA [feat=NA, acc=NA], SCVX [acc=0.525] 
[2026-04-09 01:15:06] Rep 31, p = 4000: Witten [feat=NA, acc=NA], Arias [feat=NA, acc=NA], IF-PCA [feat=NA, acc=NA], SCVX [acc=0.505] 
[2026-04-09 01:17:05] Rep 32, p = 4000: Witten [feat=NA, acc=NA], Arias [feat=NA, acc=NA], IF-PCA [feat=NA, acc=NA], SCVX [acc=0.505] 
[2026-04-09 01:18:19] Rep 33, p = 4000: Witten [feat=NA, acc=NA], Arias [feat=NA, acc=NA], IF-PCA [feat=NA, acc=NA], SCVX [acc=0.530] 
[2026-04-09 01:28:15] Rep 34, p = 4000: Witten [feat=NA, acc=NA], Arias [feat=NA, acc=NA], IF-PCA [feat=NA, acc=NA], SCVX [acc=0.510] 
[2026-04-09 01:18:40] Rep 35, p = 4000: Witten [feat=NA, acc=NA], Arias [feat=NA, acc=NA], IF-PCA [feat=NA, acc=NA], SCVX [acc=NA] 
[2026-04-09 01:25:40] Rep 36, p = 4000: Witten [feat=NA, acc=NA], Arias [feat=NA, acc=NA], IF-PCA [feat=NA, acc=NA], SCVX [acc=0.540] 
[2026-04-09 01:27:07] Rep 37, p = 4000: Witten [feat=NA, acc=NA], Arias [feat=NA, acc=NA], IF-PCA [feat=NA, acc=NA], SCVX [acc=0.520] 
[2026-04-09 01:27:32] Rep 38, p = 4000: Witten [feat=NA, acc=NA], Arias [feat=NA, acc=NA], IF-PCA [feat=NA, acc=NA], SCVX [acc=0.505] 
[2026-04-09 01:24:30] Rep 39, p = 4000: Witten [feat=NA, acc=NA], Arias [feat=NA, acc=NA], IF-PCA [feat=NA, acc=NA], SCVX [acc=0.580] 
[2026-04-09 01:23:31] Rep 40, p = 4000: Witten [feat=NA, acc=NA], Arias [feat=NA, acc=NA], IF-PCA [feat=NA, acc=NA], SCVX [acc=0.515] 
[2026-04-09 01:26:31] Rep 41, p = 4000: Witten [feat=NA, acc=NA], Arias [feat=NA, acc=NA], IF-PCA [feat=NA, acc=NA], SCVX [acc=0.525] 
[2026-04-09 01:28:23] Rep 42, p = 4000: Witten [feat=NA, acc=NA], Arias [feat=NA, acc=NA], IF-PCA [feat=NA, acc=NA], SCVX [acc=0.530] 
[2026-04-09 01:34:52] Rep 43, p = 4000: Witten [feat=NA, acc=NA], Arias [feat=NA, acc=NA], IF-PCA [feat=NA, acc=NA], SCVX [acc=0.535] 
[2026-04-09 01:30:59] Rep 44, p = 4000: Witten [feat=NA, acc=NA], Arias [feat=NA, acc=NA], IF-PCA [feat=NA, acc=NA], SCVX [acc=0.570] 
[2026-04-09 01:30:21] Rep 45, p = 4000: Witten [feat=NA, acc=NA], Arias [feat=NA, acc=NA], IF-PCA [feat=NA, acc=NA], SCVX [acc=NA] 
[2026-04-09 01:32:12] Rep 46, p = 4000: Witten [feat=NA, acc=NA], Arias [feat=NA, acc=NA], IF-PCA [feat=NA, acc=NA], SCVX [acc=NA] 
[2026-04-09 01:31:59] Rep 47, p = 4000: Witten [feat=NA, acc=NA], Arias [feat=NA, acc=NA], IF-PCA [feat=NA, acc=NA], SCVX [acc=0.605] 
[2026-04-09 01:30:24] Rep 48, p = 4000: Witten [feat=NA, acc=NA], Arias [feat=NA, acc=NA], IF-PCA [feat=NA, acc=NA], SCVX [acc=NA] 
Data Generation Error in rep 49, p = 4000: cannot allocate vector of size 122.1 Mb
[2026-04-09 01:34:11] Rep 50, p = 4000: Witten [feat=NA, acc=NA], Arias [feat=NA, acc=NA], IF-PCA [feat=NA, acc=NA], SCVX [acc=0.515] 
[2026-04-09 01:39:30] Rep 51, p = 4000: Witten [feat=NA, acc=NA], Arias [feat=NA, acc=NA], IF-PCA [feat=NA, acc=NA], SCVX [acc=0.565] 
[2026-04-09 01:38:32] Rep 52, p = 4000: Witten [feat=NA, acc=NA], Arias [feat=NA, acc=NA], IF-PCA [feat=NA, acc=NA], SCVX [acc=0.560] 
[2026-04-09 01:40:12] Rep 53, p = 4000: Witten [feat=NA, acc=NA], Arias [feat=NA, acc=NA], IF-PCA [feat=NA, acc=NA], SCVX [acc=0.580] 
[2026-04-09 01:45:57] Rep 54, p = 4000: Witten [feat=NA, acc=NA], Arias [feat=NA, acc=NA], IF-PCA [feat=NA, acc=NA], SCVX [acc=0.520] 
Data Generation Error in rep 55, p = 4000: cannot allocate vector of size 122.1 Mb
[2026-04-09 01:48:37] Rep 56, p = 4000: Witten [feat=NA, acc=NA], Arias [feat=NA, acc=NA], IF-PCA [feat=NA, acc=NA], SCVX [acc=0.510] 
[2026-04-09 01:49:45] Rep 57, p = 4000: Witten [feat=NA, acc=NA], Arias [feat=NA, acc=NA], IF-PCA [feat=NA, acc=NA], SCVX [acc=0.515] 
[2026-04-09 01:42:47] Rep 58, p = 4000: Witten [feat=NA, acc=NA], Arias [feat=NA, acc=NA], IF-PCA [feat=NA, acc=NA], SCVX [acc=0.535] 
[2026-04-09 01:50:16] Rep 59, p = 4000: Witten [feat=NA, acc=NA], Arias [feat=NA, acc=NA], IF-PCA [feat=NA, acc=NA], SCVX [acc=0.545] 
[2026-04-09 01:47:03] Rep 60, p = 4000: Witten [feat=NA, acc=NA], Arias [feat=NA, acc=NA], IF-PCA [feat=NA, acc=NA], SCVX [acc=0.575] 
[2026-04-09 01:50:30] Rep 61, p = 4000: Witten [feat=NA, acc=NA], Arias [feat=NA, acc=NA], IF-PCA [feat=NA, acc=NA], SCVX [acc=0.510] 
[2026-04-09 01:51:09] Rep 62, p = 4000: Witten [feat=NA, acc=NA], Arias [feat=NA, acc=NA], IF-PCA [feat=NA, acc=NA], SCVX [acc=NA] 
Data Generation Error in rep 63, p = 4000: cannot allocate vector of size 122.1 Mb
[2026-04-09 01:49:14] Rep 64, p = 4000: Witten [feat=NA, acc=NA], Arias [feat=NA, acc=NA], IF-PCA [feat=NA, acc=NA], SCVX [acc=0.600] 
[2026-04-09 01:53:35] Rep 65, p = 4000: Witten [feat=NA, acc=NA], Arias [feat=NA, acc=NA], IF-PCA [feat=NA, acc=NA], SCVX [acc=0.605] 
[2026-04-09 01:50:28] Rep 66, p = 4000: Witten [feat=NA, acc=NA], Arias [feat=NA, acc=NA], IF-PCA [feat=NA, acc=NA], SCVX [acc=NA] 
[2026-04-09 01:54:11] Rep 67, p = 4000: Witten [feat=NA, acc=NA], Arias [feat=NA, acc=NA], IF-PCA [feat=NA, acc=NA], SCVX [acc=0.515] 
[2026-04-09 01:55:50] Rep 68, p = 4000: Witten [feat=NA, acc=NA], Arias [feat=NA, acc=NA], IF-PCA [feat=NA, acc=NA], SCVX [acc=0.560] 
[2026-04-09 01:51:25] Rep 69, p = 4000: Witten [feat=NA, acc=NA], Arias [feat=NA, acc=NA], IF-PCA [feat=NA, acc=NA], SCVX [acc=NA] 
[2026-04-09 01:57:35] Rep 70, p = 4000: Witten [feat=NA, acc=NA], Arias [feat=NA, acc=NA], IF-PCA [feat=NA, acc=NA], SCVX [acc=0.510] 
[2026-04-09 02:03:32] Rep 71, p = 4000: Witten [feat=NA, acc=NA], Arias [feat=NA, acc=NA], IF-PCA [feat=NA, acc=NA], SCVX [acc=0.525] 
Data Generation Error in rep 72, p = 4000: cannot allocate vector of size 122.1 Mb
[2026-04-09 02:00:50] Rep 73, p = 4000: Witten [feat=NA, acc=NA], Arias [feat=NA, acc=NA], IF-PCA [feat=NA, acc=NA], SCVX [acc=0.515] 
[2026-04-09 02:04:01] Rep 74, p = 4000: Witten [feat=NA, acc=NA], Arias [feat=NA, acc=NA], IF-PCA [feat=NA, acc=NA], SCVX [acc=0.575] 
[2026-04-09 02:07:57] Rep 75, p = 4000: Witten [feat=NA, acc=NA], Arias [feat=NA, acc=NA], IF-PCA [feat=NA, acc=NA], SCVX [acc=0.590] 
[2026-04-09 02:08:00] Rep 76, p = 4000: Witten [feat=NA, acc=NA], Arias [feat=NA, acc=NA], IF-PCA [feat=NA, acc=NA], SCVX [acc=0.550] 
[2026-04-09 02:07:02] Rep 77, p = 4000: Witten [feat=NA, acc=NA], Arias [feat=NA, acc=NA], IF-PCA [feat=NA, acc=NA], SCVX [acc=0.525] 
Data Generation Error in rep 78, p = 4000: cannot allocate vector of size 122.1 Mb
[2026-04-09 02:04:25] Rep 79, p = 4000: Witten [feat=NA, acc=NA], Arias [feat=NA, acc=NA], IF-PCA [feat=NA, acc=NA], SCVX [acc=0.530] 
Data Generation Error in rep 80, p = 4000: cannot allocate vector of size 122.1 Mb
Data Generation Error in rep 81, p = 4000: cannot allocate vector of size 122.1 Mb
Data Generation Error in rep 82, p = 4000: cannot allocate vector of size 122.1 Mb
Data Generation Error in rep 83, p = 4000: cannot allocate vector of size 122.1 Mb
Data Generation Error in rep 84, p = 4000: cannot allocate vector of size 122.1 Mb
Data Generation Error in rep 85, p = 4000: cannot allocate vector of size 122.1 Mb
[2026-04-09 02:11:07] Rep 86, p = 4000: Witten [feat=NA, acc=NA], Arias [feat=NA, acc=NA], IF-PCA [feat=NA, acc=NA], SCVX [acc=0.580] 
[2026-04-09 02:07:25] Rep 87, p = 4000: Witten [feat=NA, acc=NA], Arias [feat=NA, acc=NA], IF-PCA [feat=NA, acc=NA], SCVX [acc=0.650] 
Data Generation Error in rep 88, p = 4000: cannot allocate vector of size 122.1 Mb
[2026-04-09 02:09:51] Rep 89, p = 4000: Witten [feat=NA, acc=NA], Arias [feat=NA, acc=NA], IF-PCA [feat=NA, acc=NA], SCVX [acc=0.535] 
[2026-04-09 02:07:56] Rep 90, p = 4000: Witten [feat=NA, acc=NA], Arias [feat=NA, acc=NA], IF-PCA [feat=NA, acc=NA], SCVX [acc=0.530] 
[2026-04-09 02:09:15] Rep 91, p = 4000: Witten [feat=NA, acc=NA], Arias [feat=NA, acc=NA], IF-PCA [feat=NA, acc=NA], SCVX [acc=0.525] 
[2026-04-09 02:11:50] Rep 92, p = 4000: Witten [feat=NA, acc=NA], Arias [feat=NA, acc=NA], IF-PCA [feat=NA, acc=NA], SCVX [acc=0.570] 
[2026-04-09 02:11:52] Rep 93, p = 4000: Witten [feat=NA, acc=NA], Arias [feat=NA, acc=NA], IF-PCA [feat=NA, acc=NA], SCVX [acc=0.640] 
[2026-04-09 02:13:46] Rep 94, p = 4000: Witten [feat=NA, acc=NA], Arias [feat=NA, acc=NA], IF-PCA [feat=NA, acc=NA], SCVX [acc=0.585] 
[2026-04-09 02:12:35] Rep 95, p = 4000: Witten [feat=NA, acc=NA], Arias [feat=NA, acc=NA], IF-PCA [feat=NA, acc=NA], SCVX [acc=0.550] 
[2026-04-09 02:15:57] Rep 96, p = 4000: Witten [feat=NA, acc=NA], Arias [feat=NA, acc=NA], IF-PCA [feat=NA, acc=NA], SCVX [acc=0.520] 
[2026-04-09 02:15:22] Rep 97, p = 4000: Witten [feat=NA, acc=NA], Arias [feat=NA, acc=NA], IF-PCA [feat=NA, acc=NA], SCVX [acc=0.585] 
[2026-04-09 02:15:30] Rep 98, p = 4000: Witten [feat=NA, acc=NA], Arias [feat=NA, acc=NA], IF-PCA [feat=NA, acc=NA], SCVX [acc=0.520] 
[2026-04-09 02:15:33] Rep 99, p = 4000: Witten [feat=NA, acc=NA], Arias [feat=NA, acc=NA], IF-PCA [feat=NA, acc=NA], SCVX [acc=0.550] 
[2026-04-09 02:15:17] Rep 100, p = 4000: Witten [feat=NA, acc=NA], Arias [feat=NA, acc=NA], IF-PCA [feat=NA, acc=NA], SCVX [acc=NA] 

--- Dimension p = 5000 ---
Data Generation Error in rep 1, p = 5000: cannot allocate vector of size 190.7 Mb
Data Generation Error in rep 2, p = 5000: cannot allocate vector of size 190.7 Mb
Data Generation Error in rep 3, p = 5000: cannot allocate vector of size 190.7 Mb
Data Generation Error in rep 4, p = 5000: cannot allocate vector of size 190.7 Mb
[2026-04-09 02:40:05] Rep 5, p = 5000: Witten [feat=NA, acc=NA], Arias [feat=NA, acc=NA], IF-PCA [feat=NA, acc=NA], SCVX [acc=NA] 
[2026-04-09 02:38:58] Rep 6, p = 5000: Witten [feat=NA, acc=NA], Arias [feat=NA, acc=NA], IF-PCA [feat=NA, acc=NA], SCVX [acc=NA] 
[2026-04-09 02:40:58] Rep 7, p = 5000: Witten [feat=NA, acc=NA], Arias [feat=NA, acc=NA], IF-PCA [feat=NA, acc=NA], SCVX [acc=NA] 
Data Generation Error in rep 8, p = 5000: cannot allocate vector of size 190.7 Mb
[2026-04-09 02:34:25] Rep 9, p = 5000: Witten [feat=NA, acc=NA], Arias [feat=NA, acc=NA], IF-PCA [feat=NA, acc=NA], SCVX [acc=NA] 
Data Generation Error in rep 10, p = 5000: cannot allocate vector of size 190.7 Mb
[2026-04-09 02:40:32] Rep 11, p = 5000: Witten [feat=NA, acc=NA], Arias [feat=NA, acc=NA], IF-PCA [feat=NA, acc=NA], SCVX [acc=NA] 
Data Generation Error in rep 12, p = 5000: cannot allocate vector of size 190.7 Mb
[2026-04-09 02:36:37] Rep 13, p = 5000: Witten [feat=NA, acc=NA], Arias [feat=NA, acc=NA], IF-PCA [feat=NA, acc=NA], SCVX [acc=NA] 
Data Generation Error in rep 14, p = 5000: cannot allocate vector of size 190.7 Mb
Data Generation Error in rep 15, p = 5000: cannot allocate vector of size 190.7 Mb
[2026-04-09 02:39:29] Rep 16, p = 5000: Witten [feat=NA, acc=NA], Arias [feat=NA, acc=NA], IF-PCA [feat=NA, acc=NA], SCVX [acc=NA] 
Data Generation Error in rep 17, p = 5000: cannot allocate vector of size 190.7 Mb
Data Generation Error in rep 18, p = 5000: cannot allocate vector of size 190.7 Mb
Data Generation Error in rep 19, p = 5000: cannot allocate vector of size 190.7 Mb
Data Generation Error in rep 20, p = 5000: cannot allocate vector of size 190.7 Mb
Data Generation Error in rep 21, p = 5000: cannot allocate vector of size 190.7 Mb
Data Generation Error in rep 22, p = 5000: cannot allocate vector of size 190.7 Mb
[2026-04-09 02:35:43] Rep 23, p = 5000: Witten [feat=NA, acc=NA], Arias [feat=NA, acc=NA], IF-PCA [feat=NA, acc=NA], SCVX [acc=NA] 
Data Generation Error in rep 24, p = 5000: cannot allocate vector of size 190.7 Mb
Data Generation Error in rep 25, p = 5000: cannot allocate vector of size 190.7 Mb
Data Generation Error in rep 26, p = 5000: cannot allocate vector of size 190.7 Mb
[2026-04-09 02:40:40] Rep 27, p = 5000: Witten [feat=NA, acc=NA], Arias [feat=NA, acc=NA], IF-PCA [feat=NA, acc=NA], SCVX [acc=NA] 
Data Generation Error in rep 28, p = 5000: cannot allocate vector of size 190.7 Mb
Data Generation Error in rep 29, p = 5000: cannot allocate vector of size 190.7 Mb
Data Generation Error in rep 30, p = 5000: cannot allocate vector of size 190.7 Mb
Data Generation Error in rep 31, p = 5000: cannot allocate vector of size 190.7 Mb
Data Generation Error in rep 32, p = 5000: cannot allocate vector of size 190.7 Mb
Data Generation Error in rep 33, p = 5000: cannot allocate vector of size 190.7 Mb
Data Generation Error in rep 34, p = 5000: cannot allocate vector of size 190.7 Mb
Data Generation Error in rep 35, p = 5000: cannot allocate vector of size 190.7 Mb
[2026-04-09 02:39:43] Rep 36, p = 5000: Witten [feat=NA, acc=NA], Arias [feat=NA, acc=NA], IF-PCA [feat=NA, acc=NA], SCVX [acc=NA] 
Data Generation Error in rep 37, p = 5000: cannot allocate vector of size 190.7 Mb
Data Generation Error in rep 38, p = 5000: cannot allocate vector of size 190.7 Mb
Data Generation Error in rep 39, p = 5000: cannot allocate vector of size 190.7 Mb
[2026-04-09 02:39:58] Rep 40, p = 5000: Witten [feat=NA, acc=NA], Arias [feat=NA, acc=NA], IF-PCA [feat=NA, acc=NA], SCVX [acc=NA] 
Data Generation Error in rep 41, p = 5000: cannot allocate vector of size 190.7 Mb
Data Generation Error in rep 42, p = 5000: cannot allocate vector of size 190.7 Mb
Data Generation Error in rep 43, p = 5000: cannot allocate vector of size 190.7 Mb
Data Generation Error in rep 44, p = 5000: cannot allocate vector of size 190.7 Mb
Data Generation Error in rep 45, p = 5000: cannot allocate vector of size 190.7 Mb
Data Generation Error in rep 46, p = 5000: cannot allocate vector of size 190.7 Mb
Data Generation Error in rep 47, p = 5000: cannot allocate vector of size 190.7 Mb
Data Generation Error in rep 48, p = 5000: cannot allocate vector of size 190.7 Mb
Data Generation Error in rep 49, p = 5000: cannot allocate vector of size 190.7 Mb
Data Generation Error in rep 50, p = 5000: cannot allocate vector of size 190.7 Mb
Data Generation Error in rep 51, p = 5000: cannot allocate vector of size 190.7 Mb
Data Generation Error in rep 52, p = 5000: cannot allocate vector of size 190.7 Mb
Data Generation Error in rep 53, p = 5000: cannot allocate vector of size 190.7 Mb
Data Generation Error in rep 54, p = 5000: cannot allocate vector of size 190.7 Mb
Data Generation Error in rep 55, p = 5000: cannot allocate vector of size 190.7 Mb
Data Generation Error in rep 56, p = 5000: cannot allocate vector of size 190.7 Mb
Data Generation Error in rep 57, p = 5000: cannot allocate vector of size 190.7 Mb
Data Generation Error in rep 58, p = 5000: cannot allocate vector of size 190.7 Mb
Data Generation Error in rep 59, p = 5000: cannot allocate vector of size 190.7 Mb
Data Generation Error in rep 60, p = 5000: cannot allocate vector of size 190.7 Mb
Data Generation Error in rep 61, p = 5000: cannot allocate vector of size 190.7 Mb
Data Generation Error in rep 62, p = 5000: cannot allocate vector of size 190.7 Mb
Data Generation Error in rep 63, p = 5000: cannot allocate vector of size 190.7 Mb
Data Generation Error in rep 64, p = 5000: cannot allocate vector of size 190.7 Mb
Data Generation Error in rep 65, p = 5000: cannot allocate vector of size 190.7 Mb
Data Generation Error in rep 66, p = 5000: cannot allocate vector of size 190.7 Mb
Data Generation Error in rep 67, p = 5000: cannot allocate vector of size 190.7 Mb
Data Generation Error in rep 68, p = 5000: cannot allocate vector of size 190.7 Mb
Data Generation Error in rep 69, p = 5000: cannot allocate vector of size 190.7 Mb
Data Generation Error in rep 70, p = 5000: cannot allocate vector of size 190.7 Mb
Data Generation Error in rep 71, p = 5000: cannot allocate vector of size 190.7 Mb
Data Generation Error in rep 72, p = 5000: cannot allocate vector of size 190.7 Mb
Data Generation Error in rep 73, p = 5000: cannot allocate vector of size 190.7 Mb
Data Generation Error in rep 74, p = 5000: cannot allocate vector of size 190.7 Mb
Data Generation Error in rep 75, p = 5000: cannot allocate vector of size 190.7 Mb
[2026-04-09 02:42:02] Rep 76, p = 5000: Witten [feat=NA, acc=NA], Arias [feat=NA, acc=NA], IF-PCA [feat=NA, acc=NA], SCVX [acc=NA] 
Data Generation Error in rep 77, p = 5000: cannot allocate vector of size 190.7 Mb
Data Generation Error in rep 78, p = 5000: cannot allocate vector of size 190.7 Mb
Data Generation Error in rep 79, p = 5000: cannot allocate vector of size 190.7 Mb
Data Generation Error in rep 80, p = 5000: cannot allocate vector of size 190.7 Mb
Data Generation Error in rep 81, p = 5000: cannot allocate vector of size 190.7 Mb
Data Generation Error in rep 82, p = 5000: cannot allocate vector of size 190.7 Mb
Data Generation Error in rep 83, p = 5000: cannot allocate vector of size 190.7 Mb
Data Generation Error in rep 84, p = 5000: cannot allocate vector of size 190.7 Mb
Data Generation Error in rep 85, p = 5000: cannot allocate vector of size 190.7 Mb
Data Generation Error in rep 86, p = 5000: cannot allocate vector of size 190.7 Mb
Data Generation Error in rep 87, p = 5000: cannot allocate vector of size 190.7 Mb
[2026-04-09 02:41:45] Rep 88, p = 5000: Witten [feat=NA, acc=NA], Arias [feat=NA, acc=NA], IF-PCA [feat=NA, acc=NA], SCVX [acc=NA] 
Data Generation Error in rep 89, p = 5000: cannot allocate vector of size 190.7 Mb
Data Generation Error in rep 90, p = 5000: cannot allocate vector of size 190.7 Mb
Data Generation Error in rep 91, p = 5000: cannot allocate vector of size 190.7 Mb
Data Generation Error in rep 92, p = 5000: cannot allocate vector of size 190.7 Mb
Data Generation Error in rep 93, p = 5000: cannot allocate vector of size 190.7 Mb
Data Generation Error in rep 94, p = 5000: cannot allocate vector of size 190.7 Mb
Data Generation Error in rep 95, p = 5000: cannot allocate vector of size 190.7 Mb
Data Generation Error in rep 96, p = 5000: cannot allocate vector of size 190.7 Mb
Data Generation Error in rep 97, p = 5000: cannot allocate vector of size 190.7 Mb
Data Generation Error in rep 98, p = 5000: cannot allocate vector of size 190.7 Mb
Data Generation Error in rep 99, p = 5000: cannot allocate vector of size 190.7 Mb
Data Generation Error in rep 100, p = 5000: cannot allocate vector of size 190.7 Mb
