Package 'mclust' version 6.1.2
Type 'citation("mclust")' for citing this R package in publications.
Warning messages:
1: In select_greedily(X_tilde, cluster_est_now, fdr_level) :
  C++ backend for screening ('selection_utils') not found in [code_r/selection_utils.so, ../../code_r/selection_utils.so, ../code_r/selection_utils.so]. Falling back to R implementation.
2: In select_greedily(X_tilde, cluster_est_now, fdr_level) :
  C++ backend for screening ('selection_utils') not found in [code_r/selection_utils.so, ../../code_r/selection_utils.so, ../code_r/selection_utils.so]. Falling back to R implementation.
3: In select_greedily(X_tilde, cluster_est_now, fdr_level) :
  C++ backend for screening ('selection_utils') not found in [code_r/selection_utils.so, ../../code_r/selection_utils.so, ../code_r/selection_utils.so]. Falling back to R implementation.
4: In select_greedily(X_tilde, cluster_est_now, fdr_level) :
  C++ backend for screening ('selection_utils') not found in [code_r/selection_utils.so, ../../code_r/selection_utils.so, ../code_r/selection_utils.so]. Falling back to R implementation.
5: In select_greedily(X_tilde, cluster_est_now, fdr_level) :
  C++ backend for screening ('selection_utils') not found in [code_r/selection_utils.so, ../../code_r/selection_utils.so, ../code_r/selection_utils.so]. Falling back to R implementation.
6: In select_greedily(X_tilde, cluster_est_now, fdr_level) :
  C++ backend for screening ('selection_utils') not found in [code_r/selection_utils.so, ../../code_r/selection_utils.so, ../code_r/selection_utils.so]. Falling back to R implementation.
7: In select_greedily(X_tilde, cluster_est_now, fdr_level) :
  C++ backend for screening ('selection_utils') not found in [code_r/selection_utils.so, ../../code_r/selection_utils.so, ../code_r/selection_utils.so]. Falling back to R implementation.
8: In select_greedily(X_tilde, cluster_est_now, fdr_level) :
  C++ backend for screening ('selection_utils') not found in [code_r/selection_utils.so, ../../code_r/selection_utils.so, ../code_r/selection_utils.so]. Falling back to R implementation.
9: In select_greedily(X_tilde, cluster_est_now, fdr_level) :
  C++ backend for screening ('selection_utils') not found in [code_r/selection_utils.so, ../../code_r/selection_utils.so, ../code_r/selection_utils.so]. Falling back to R implementation.
10: In select_greedily(X_tilde, cluster_est_now, fdr_level) :
  C++ backend for screening ('selection_utils') not found in [code_r/selection_utils.so, ../../code_r/selection_utils.so, ../code_r/selection_utils.so]. Falling back to R implementation.
