
==========================================
--- Laplace Known-Covariance Started at 2026-03-31 08:05:12.935097 ---
==========================================
Registered doParallel backend with 15 cores.

--- Dimension p = 3000 ---
[2026-03-31 08:08:18] Rep 4, p = 3000: Witten [feat = 30, acc = 0.970], Arias [feat = 60, acc = 0.955], IF-PCA [feat = 1498, acc = 0.515]
[2026-03-31 08:08:20] Rep 3, p = 3000: Witten [feat = 96, acc = 0.515], Arias [feat = 60, acc = 0.970], IF-PCA [feat = 1243, acc = 0.510]
[2026-03-31 08:08:24] Rep 2, p = 3000: Witten [feat = 91, acc = 0.530], Arias [feat = 60, acc = 0.980], IF-PCA [feat = 1000, acc = 0.530]
[2026-03-31 08:08:24] Rep 5, p = 3000: Witten [feat = 71, acc = 0.505], Arias [feat = 60, acc = 0.970], IF-PCA [feat = 1496, acc = 0.525]
[2026-03-31 08:08:24] Rep 13, p = 3000: Witten [feat = 512, acc = 0.975], Arias [feat = 60, acc = 0.990], IF-PCA [feat = 1472, acc = 0.505]
[2026-03-31 08:08:25] Rep 14, p = 3000: Witten [feat = 37, acc = 0.960], Arias [feat = 60, acc = 0.940], IF-PCA [feat = 1425, acc = 0.505]
[2026-03-31 08:08:26] Rep 7, p = 3000: Witten [feat = 318, acc = 0.560], Arias [feat = 60, acc = 0.980], IF-PCA [feat = 1499, acc = 0.555]
[2026-03-31 08:08:28] Rep 8, p = 3000: Witten [feat = 75, acc = 0.555], Arias [feat = 60, acc = 0.965], IF-PCA [feat = 792, acc = 0.505]
[2026-03-31 08:08:28] Rep 9, p = 3000: Witten [feat = 123, acc = 0.535], Arias [feat = 60, acc = 0.945], IF-PCA [feat = 1500, acc = 0.500]
[2026-03-31 08:08:32] Rep 12, p = 3000: Witten [feat = 177, acc = 0.525], Arias [feat = 60, acc = 0.950], IF-PCA [feat = 848, acc = 0.510]
[2026-03-31 08:08:32] Rep 15, p = 3000: Witten [feat = 183, acc = 0.580], Arias [feat = 60, acc = 0.980], IF-PCA [feat = 1413, acc = 0.530]
[2026-03-31 08:08:36] Rep 11, p = 3000: Witten [feat = 259, acc = 0.510], Arias [feat = 60, acc = 0.960], IF-PCA [feat = 920, acc = 0.525]
[2026-03-31 08:08:43] Rep 1, p = 3000: Witten [feat = 111, acc = 0.535], Arias [feat = 60, acc = 0.955], IF-PCA [feat = 1500, acc = 0.520]
[2026-03-31 08:08:49] Rep 6, p = 3000: Witten [feat = 91, acc = 0.515], Arias [feat = 60, acc = 0.960], IF-PCA [feat = 1465, acc = 0.515]
[2026-03-31 08:08:50] Rep 10, p = 3000: Witten [feat = 80, acc = 0.515], Arias [feat = 60, acc = 0.960], IF-PCA [feat = 1499, acc = 0.500]
[2026-03-31 08:11:23] Rep 24, p = 3000: Witten [feat = 189, acc = 0.560], Arias [feat = 60, acc = 0.930], IF-PCA [feat = 1439, acc = 0.515]
[2026-03-31 08:11:25] Rep 16, p = 3000: Witten [feat = 97, acc = 0.520], Arias [feat = 60, acc = 0.955], IF-PCA [feat = 1260, acc = 0.555]
[2026-03-31 08:11:27] Rep 17, p = 3000: Witten [feat = 94, acc = 0.565], Arias [feat = 60, acc = 0.955], IF-PCA [feat = 1500, acc = 0.500]
[2026-03-31 08:11:27] Rep 22, p = 3000: Witten [feat = 85, acc = 0.560], Arias [feat = 60, acc = 0.945], IF-PCA [feat = 1086, acc = 0.505]
[2026-03-31 08:11:28] Rep 21, p = 3000: Witten [feat = 156, acc = 0.550], Arias [feat = 60, acc = 0.960], IF-PCA [feat = 1002, acc = 0.515]
[2026-03-31 08:11:28] Rep 20, p = 3000: Witten [feat = 72, acc = 0.500], Arias [feat = 60, acc = 0.965], IF-PCA [feat = 1420, acc = 0.525]
[2026-03-31 08:11:29] Rep 19, p = 3000: Witten [feat = 111, acc = 0.525], Arias [feat = 60, acc = 0.955], IF-PCA [feat = 1070, acc = 0.525]
[2026-03-31 08:11:29] Rep 23, p = 3000: Witten [feat = 85, acc = 0.525], Arias [feat = 60, acc = 0.950], IF-PCA [feat = 908, acc = 0.505]
[2026-03-31 08:11:39] Rep 25, p = 3000: Witten [feat = 96, acc = 0.570], Arias [feat = 60, acc = 0.960], IF-PCA [feat = 1362, acc = 0.510]
[2026-03-31 08:11:48] Rep 18, p = 3000: Witten [feat = 70, acc = 0.515], Arias [feat = 60, acc = 0.945], IF-PCA [feat = 1442, acc = 0.530]
[2026-03-31 08:11:52] Rep 29, p = 3000: Witten [feat = 113, acc = 0.500], Arias [feat = 60, acc = 0.960], IF-PCA [feat = 1203, acc = 0.520]
[2026-03-31 08:11:58] Rep 26, p = 3000: Witten [feat = 75, acc = 0.535], Arias [feat = 60, acc = 0.975], IF-PCA [feat = 1333, acc = 0.510]
[2026-03-31 08:11:59] Rep 27, p = 3000: Witten [feat = 106, acc = 0.530], Arias [feat = 60, acc = 0.965], IF-PCA [feat = 643, acc = 0.510]
[2026-03-31 08:12:01] Rep 28, p = 3000: Witten [feat = 69, acc = 0.520], Arias [feat = 60, acc = 0.970], IF-PCA [feat = 1138, acc = 0.565]
[2026-03-31 08:12:02] Rep 30, p = 3000: Witten [feat = 189, acc = 0.505], Arias [feat = 60, acc = 0.950], IF-PCA [feat = 919, acc = 0.515]
[2026-03-31 08:14:10] Rep 38, p = 3000: Witten [feat = 10, acc = 0.970], Arias [feat = 60, acc = 0.955], IF-PCA [feat = 1451, acc = 0.510]
[2026-03-31 08:14:24] Rep 31, p = 3000: Witten [feat = 125, acc = 0.565], Arias [feat = 60, acc = 0.975], IF-PCA [feat = 1484, acc = 0.505]
[2026-03-31 08:14:49] Rep 36, p = 3000: Witten [feat = 97, acc = 0.555], Arias [feat = 60, acc = 0.950], IF-PCA [feat = 1455, acc = 0.505]
[2026-03-31 08:14:50] Rep 32, p = 3000: Witten [feat = 152, acc = 0.520], Arias [feat = 60, acc = 0.925], IF-PCA [feat = 1110, acc = 0.500]
[2026-03-31 08:14:51] Rep 37, p = 3000: Witten [feat = 106, acc = 0.575], Arias [feat = 60, acc = 0.960], IF-PCA [feat = 1381, acc = 0.515]
[2026-03-31 08:14:53] Rep 33, p = 3000: Witten [feat = 166, acc = 0.520], Arias [feat = 60, acc = 0.955], IF-PCA [feat = 1234, acc = 0.500]
[2026-03-31 08:14:57] Rep 35, p = 3000: Witten [feat = 28, acc = 0.985], Arias [feat = 60, acc = 0.970], IF-PCA [feat = 401, acc = 0.510]
[2026-03-31 08:14:59] Rep 45, p = 3000: Witten [feat = 87, acc = 0.500], Arias [feat = 60, acc = 0.935], IF-PCA [feat = 886, acc = 0.520]
[2026-03-31 08:15:02] Rep 39, p = 3000: Witten [feat = 110, acc = 0.510], Arias [feat = 60, acc = 0.965], IF-PCA [feat = 1494, acc = 0.575]
[2026-03-31 08:15:05] Rep 34, p = 3000: Witten [feat = 259, acc = 0.520], Arias [feat = 60, acc = 0.995], IF-PCA [feat = 971, acc = 0.545]
[2026-03-31 08:15:06] Rep 40, p = 3000: Witten [feat = 10, acc = 0.965], Arias [feat = 60, acc = 0.960], IF-PCA [feat = 789, acc = 0.525]
[2026-03-31 08:15:10] Rep 41, p = 3000: Witten [feat = 63, acc = 0.505], Arias [feat = 60, acc = 0.960], IF-PCA [feat = 1403, acc = 0.525]
[2026-03-31 08:15:16] Rep 43, p = 3000: Witten [feat = 75, acc = 0.525], Arias [feat = 60, acc = 0.955], IF-PCA [feat = 1252, acc = 0.505]
[2026-03-31 08:15:30] Rep 42, p = 3000: Witten [feat = 125, acc = 0.510], Arias [feat = 60, acc = 0.970], IF-PCA [feat = 1373, acc = 0.500]
[2026-03-31 08:15:33] Rep 44, p = 3000: Witten [feat = 93, acc = 0.550], Arias [feat = 60, acc = 0.965], IF-PCA [feat = 1465, acc = 0.520]
[2026-03-31 08:17:39] Rep 46, p = 3000: Witten [feat = 80, acc = 0.510], Arias [feat = 60, acc = 0.960], IF-PCA [feat = 1366, acc = 0.530]
[2026-03-31 08:17:44] Rep 47, p = 3000: Witten [feat = 280, acc = 0.530], Arias [feat = 60, acc = 0.965], IF-PCA [feat = 1181, acc = 0.510]
[2026-03-31 08:18:01] Rep 49, p = 3000: Witten [feat = 31, acc = 0.915], Arias [feat = 60, acc = 0.955], IF-PCA [feat = 1302, acc = 0.500]
[2026-03-31 08:18:08] Rep 48, p = 3000: Witten [feat = 85, acc = 0.550], Arias [feat = 60, acc = 0.955], IF-PCA [feat = 1374, acc = 0.515]
[2026-03-31 08:18:14] Rep 57, p = 3000: Witten [feat = 465, acc = 0.980], Arias [feat = 60, acc = 0.970], IF-PCA [feat = 699, acc = 0.525]
[2026-03-31 08:18:16] Rep 52, p = 3000: Witten [feat = 105, acc = 0.635], Arias [feat = 60, acc = 0.960], IF-PCA [feat = 1005, acc = 0.540]
[2026-03-31 08:18:21] Rep 53, p = 3000: Witten [feat = 108, acc = 0.525], Arias [feat = 60, acc = 0.945], IF-PCA [feat = 1029, acc = 0.540]
[2026-03-31 08:18:26] Rep 60, p = 3000: Witten [feat = 22, acc = 0.940], Arias [feat = 60, acc = 0.965], IF-PCA [feat = 380, acc = 0.535]
[2026-03-31 08:18:30] Rep 54, p = 3000: Witten [feat = 112, acc = 0.530], Arias [feat = 60, acc = 0.970], IF-PCA [feat = 1011, acc = 0.505]
[2026-03-31 08:18:31] Rep 55, p = 3000: Witten [feat = 105, acc = 0.535], Arias [feat = 60, acc = 0.940], IF-PCA [feat = 1347, acc = 0.510]
[2026-03-31 08:18:32] Rep 50, p = 3000: Witten [feat = 103, acc = 0.505], Arias [feat = 60, acc = 0.975], IF-PCA [feat = 1000, acc = 0.520]
[2026-03-31 08:18:35] Rep 51, p = 3000: Witten [feat = 135, acc = 0.595], Arias [feat = 60, acc = 0.980], IF-PCA [feat = 1286, acc = 0.505]
[2026-03-31 08:18:52] Rep 58, p = 3000: Witten [feat = 156, acc = 0.520], Arias [feat = 60, acc = 0.970], IF-PCA [feat = 893, acc = 0.530]
[2026-03-31 08:18:58] Rep 56, p = 3000: Witten [feat = 93, acc = 0.540], Arias [feat = 60, acc = 0.955], IF-PCA [feat = 1488, acc = 0.515]
[2026-03-31 08:19:18] Rep 59, p = 3000: Witten [feat = 11, acc = 0.980], Arias [feat = 60, acc = 0.985], IF-PCA [feat = 1421, acc = 0.505]
[2026-03-31 08:21:08] Rep 62, p = 3000: Witten [feat = 71, acc = 0.500], Arias [feat = 60, acc = 0.930], IF-PCA [feat = 912, acc = 0.560]
[2026-03-31 08:21:26] Rep 67, p = 3000: Witten [feat = 76, acc = 0.510], Arias [feat = 60, acc = 0.985], IF-PCA [feat = 1027, acc = 0.505]
[2026-03-31 08:21:28] Rep 64, p = 3000: Witten [feat = 10, acc = 0.965], Arias [feat = 60, acc = 0.950], IF-PCA [feat = 1218, acc = 0.505]
[2026-03-31 08:21:30] Rep 61, p = 3000: Witten [feat = 146, acc = 0.515], Arias [feat = 60, acc = 0.970], IF-PCA [feat = 1477, acc = 0.525]
[2026-03-31 08:21:41] Rep 66, p = 3000: Witten [feat = 41, acc = 0.975], Arias [feat = 60, acc = 0.975], IF-PCA [feat = 921, acc = 0.520]
[2026-03-31 08:21:42] Rep 63, p = 3000: Witten [feat = 108, acc = 0.505], Arias [feat = 60, acc = 0.935], IF-PCA [feat = 1322, acc = 0.525]
[2026-03-31 08:21:49] Rep 72, p = 3000: Witten [feat = 198, acc = 0.560], Arias [feat = 60, acc = 0.960], IF-PCA [feat = 1495, acc = 0.600]
[2026-03-31 08:21:50] Rep 73, p = 3000: Witten [feat = 45, acc = 0.890], Arias [feat = 120, acc = 0.950], IF-PCA [feat = 1386, acc = 0.560]
[2026-03-31 08:21:56] Rep 65, p = 3000: Witten [feat = 250, acc = 0.525], Arias [feat = 60, acc = 0.960], IF-PCA [feat = 1482, acc = 0.510]
[2026-03-31 08:21:57] Rep 70, p = 3000: Witten [feat = 55, acc = 0.510], Arias [feat = 60, acc = 0.945], IF-PCA [feat = 1458, acc = 0.565]
[2026-03-31 08:22:05] Rep 68, p = 3000: Witten [feat = 122, acc = 0.520], Arias [feat = 60, acc = 0.970], IF-PCA [feat = 1368, acc = 0.510]
[2026-03-31 08:22:11] Rep 71, p = 3000: Witten [feat = 203, acc = 0.505], Arias [feat = 60, acc = 0.960], IF-PCA [feat = 920, acc = 0.520]
[2026-03-31 08:22:13] Rep 69, p = 3000: Witten [feat = 125, acc = 0.500], Arias [feat = 60, acc = 0.985], IF-PCA [feat = 1484, acc = 0.510]
[2026-03-31 08:22:20] Rep 74, p = 3000: Witten [feat = 159, acc = 0.575], Arias [feat = 60, acc = 0.970], IF-PCA [feat = 1294, acc = 0.505]
[2026-03-31 08:22:22] Rep 75, p = 3000: Witten [feat = 93, acc = 0.520], Arias [feat = 60, acc = 0.970], IF-PCA [feat = 1126, acc = 0.550]
[2026-03-31 08:24:20] Rep 76, p = 3000: Witten [feat = 11, acc = 0.940], Arias [feat = 60, acc = 0.975], IF-PCA [feat = 1274, acc = 0.500]
[2026-03-31 08:24:35] Rep 83, p = 3000: Witten [feat = 10, acc = 0.975], Arias [feat = 60, acc = 0.970], IF-PCA [feat = 1288, acc = 0.560]
[2026-03-31 08:24:42] Rep 79, p = 3000: Witten [feat = 91, acc = 0.510], Arias [feat = 60, acc = 0.955], IF-PCA [feat = 1084, acc = 0.530]
[2026-03-31 08:24:49] Rep 77, p = 3000: Witten [feat = 101, acc = 0.520], Arias [feat = 60, acc = 0.960], IF-PCA [feat = 1453, acc = 0.510]
[2026-03-31 08:24:56] Rep 82, p = 3000: Witten [feat = 144, acc = 0.535], Arias [feat = 60, acc = 0.985], IF-PCA [feat = 1489, acc = 0.530]
[2026-03-31 08:24:56] Rep 78, p = 3000: Witten [feat = 74, acc = 0.515], Arias [feat = 60, acc = 0.955], IF-PCA [feat = 1097, acc = 0.520]
[2026-03-31 08:24:59] Rep 81, p = 3000: Witten [feat = 78, acc = 0.545], Arias [feat = 60, acc = 0.980], IF-PCA [feat = 1492, acc = 0.520]
[2026-03-31 08:25:12] Rep 84, p = 3000: Witten [feat = 217, acc = 0.510], Arias [feat = 120, acc = 0.930], IF-PCA [feat = 858, acc = 0.540]
[2026-03-31 08:25:16] Rep 80, p = 3000: Witten [feat = 136, acc = 0.545], Arias [feat = 60, acc = 0.955], IF-PCA [feat = 1499, acc = 0.550]
[2026-03-31 08:25:27] Rep 86, p = 3000: Witten [feat = 98, acc = 0.530], Arias [feat = 60, acc = 0.990], IF-PCA [feat = 1495, acc = 0.515]
[2026-03-31 08:25:27] Rep 88, p = 3000: Witten [feat = 65, acc = 0.535], Arias [feat = 60, acc = 0.985], IF-PCA [feat = 1123, acc = 0.510]
[2026-03-31 08:25:33] Rep 87, p = 3000: Witten [feat = 98, acc = 0.520], Arias [feat = 60, acc = 0.945], IF-PCA [feat = 1350, acc = 0.545]
[2026-03-31 08:25:33] Rep 89, p = 3000: Witten [feat = 87, acc = 0.535], Arias [feat = 60, acc = 0.945], IF-PCA [feat = 1488, acc = 0.570]
[2026-03-31 08:25:50] Rep 85, p = 3000: Witten [feat = 119, acc = 0.520], Arias [feat = 60, acc = 0.955], IF-PCA [feat = 1460, acc = 0.505]
[2026-03-31 08:25:55] Rep 90, p = 3000: Witten [feat = 208, acc = 0.515], Arias [feat = 60, acc = 0.965], IF-PCA [feat = 1454, acc = 0.510]
[2026-03-31 08:27:07] Rep 91, p = 3000: Witten [feat = 96, acc = 0.540], Arias [feat = 60, acc = 0.950], IF-PCA [feat = 1106, acc = 0.525]
[2026-03-31 08:27:20] Rep 93, p = 3000: Witten [feat = 37, acc = 0.530], Arias [feat = 60, acc = 0.970], IF-PCA [feat = 1481, acc = 0.545]
[2026-03-31 08:27:25] Rep 95, p = 3000: Witten [feat = 80, acc = 0.570], Arias [feat = 60, acc = 0.945], IF-PCA [feat = 1202, acc = 0.530]
[2026-03-31 08:27:27] Rep 96, p = 3000: Witten [feat = 111, acc = 0.555], Arias [feat = 60, acc = 0.950], IF-PCA [feat = 1496, acc = 0.525]
[2026-03-31 08:27:29] Rep 92, p = 3000: Witten [feat = 111, acc = 0.535], Arias [feat = 60, acc = 0.945], IF-PCA [feat = 1299, acc = 0.500]
[2026-03-31 08:27:32] Rep 94, p = 3000: Witten [feat = 71, acc = 0.925], Arias [feat = 60, acc = 0.960], IF-PCA [feat = 806, acc = 0.515]
[2026-03-31 08:27:39] Rep 98, p = 3000: Witten [feat = 109, acc = 0.515], Arias [feat = 60, acc = 0.985], IF-PCA [feat = 1473, acc = 0.515]
[2026-03-31 08:27:42] Rep 100, p = 3000: Witten [feat = 175, acc = 0.545], Arias [feat = 60, acc = 0.960], IF-PCA [feat = 1419, acc = 0.535]
[2026-03-31 08:27:42] Rep 97, p = 3000: Witten [feat = 82, acc = 0.525], Arias [feat = 60, acc = 0.960], IF-PCA [feat = 1293, acc = 0.510]
[2026-03-31 08:27:46] Rep 99, p = 3000: Witten [feat = 123, acc = 0.510], Arias [feat = 60, acc = 0.975], IF-PCA [feat = 1461, acc = 0.520]

--- Dimension p = 6000 ---
[2026-03-31 08:34:07] Rep 12, p = 6000: Witten [feat = 146, acc = 0.595], Arias [feat = 120, acc = 0.905], IF-PCA [feat = 2763, acc = 0.525]
[2026-03-31 08:34:41] Rep 14, p = 6000: Witten [feat = 177, acc = 0.925], Arias [feat = 120, acc = 0.925], IF-PCA [feat = 2965, acc = 0.540]
[2026-03-31 08:34:51] Rep 10, p = 6000: Witten [feat = 195, acc = 0.520], Arias [feat = 120, acc = 0.970], IF-PCA [feat = 2937, acc = 0.500]
[2026-03-31 08:34:53] Rep 9, p = 6000: Witten [feat = 80, acc = 0.525], Arias [feat = 120, acc = 0.885], IF-PCA [feat = 2132, acc = 0.505]
[2026-03-31 08:34:57] Rep 3, p = 6000: Witten [feat = 177, acc = 0.505], Arias [feat = 120, acc = 0.930], IF-PCA [feat = 2869, acc = 0.535]
[2026-03-31 08:34:59] Rep 5, p = 6000: Witten [feat = 106, acc = 0.555], Arias [feat = 120, acc = 0.965], IF-PCA [feat = 1609, acc = 0.505]
[2026-03-31 08:35:00] Rep 6, p = 6000: Witten [feat = 63, acc = 0.555], Arias [feat = 240, acc = 0.955], IF-PCA [feat = 2236, acc = 0.500]
[2026-03-31 08:35:03] Rep 2, p = 6000: Witten [feat = 331, acc = 0.515], Arias [feat = 120, acc = 0.965], IF-PCA [feat = 3000, acc = 0.550]
[2026-03-31 08:35:09] Rep 8, p = 6000: Witten [feat = 129, acc = 0.540], Arias [feat = 120, acc = 0.930], IF-PCA [feat = 1877, acc = 0.505]
[2026-03-31 08:35:09] Rep 15, p = 6000: Witten [feat = 71, acc = 0.510], Arias [feat = 120, acc = 0.950], IF-PCA [feat = 2831, acc = 0.555]
[2026-03-31 08:35:10] Rep 4, p = 6000: Witten [feat = 100, acc = 0.535], Arias [feat = 120, acc = 0.950], IF-PCA [feat = 2903, acc = 0.520]
[2026-03-31 08:35:11] Rep 13, p = 6000: Witten [feat = 67, acc = 0.500], Arias [feat = 120, acc = 0.965], IF-PCA [feat = 2163, acc = 0.510]
[2026-03-31 08:35:13] Rep 11, p = 6000: Witten [feat = 43, acc = 0.510], Arias [feat = 120, acc = 0.975], IF-PCA [feat = 2831, acc = 0.505]
[2026-03-31 08:35:13] Rep 1, p = 6000: Witten [feat = 103, acc = 0.540], Arias [feat = 120, acc = 0.975], IF-PCA [feat = 2829, acc = 0.535]
[2026-03-31 08:35:20] Rep 7, p = 6000: Witten [feat = 93, acc = 0.535], Arias [feat = 120, acc = 0.975], IF-PCA [feat = 2903, acc = 0.510]
[2026-03-31 08:41:26] Rep 16, p = 6000: Witten [feat = 128, acc = 0.535], Arias [feat = 120, acc = 0.960], IF-PCA [feat = 2105, acc = 0.525]
[2026-03-31 08:41:27] Rep 26, p = 6000: Witten [feat = 43, acc = 0.505], Arias [feat = 120, acc = 0.980], IF-PCA [feat = 2335, acc = 0.530]
[2026-03-31 08:41:47] Rep 28, p = 6000: Witten [feat = 90, acc = 0.535], Arias [feat = 120, acc = 0.955], IF-PCA [feat = 2972, acc = 0.555]
[2026-03-31 08:42:02] Rep 17, p = 6000: Witten [feat = 10, acc = 0.980], Arias [feat = 120, acc = 0.970], IF-PCA [feat = 969, acc = 0.535]
[2026-03-31 08:42:06] Rep 27, p = 6000: Witten [feat = 73, acc = 0.515], Arias [feat = 120, acc = 0.975], IF-PCA [feat = 1800, acc = 0.520]
[2026-03-31 08:42:07] Rep 18, p = 6000: Witten [feat = 85, acc = 0.545], Arias [feat = 120, acc = 0.960], IF-PCA [feat = 2452, acc = 0.565]
[2026-03-31 08:42:12] Rep 22, p = 6000: Witten [feat = 99, acc = 0.510], Arias [feat = 120, acc = 0.925], IF-PCA [feat = 2802, acc = 0.505]
[2026-03-31 08:42:18] Rep 24, p = 6000: Witten [feat = 92, acc = 0.500], Arias [feat = 120, acc = 0.975], IF-PCA [feat = 2907, acc = 0.530]
[2026-03-31 08:42:21] Rep 25, p = 6000: Witten [feat = 120, acc = 0.535], Arias [feat = 120, acc = 0.950], IF-PCA [feat = 2300, acc = 0.520]
[2026-03-31 08:42:24] Rep 20, p = 6000: Witten [feat = 55, acc = 0.520], Arias [feat = 120, acc = 0.970], IF-PCA [feat = 1834, acc = 0.525]
[2026-03-31 08:42:26] Rep 19, p = 6000: Witten [feat = 107, acc = 0.545], Arias [feat = 120, acc = 0.930], IF-PCA [feat = 2180, acc = 0.555]
[2026-03-31 08:42:27] Rep 23, p = 6000: Witten [feat = 209, acc = 0.625], Arias [feat = 120, acc = 0.965], IF-PCA [feat = 3000, acc = 0.505]
[2026-03-31 08:42:30] Rep 21, p = 6000: Witten [feat = 222, acc = 0.545], Arias [feat = 120, acc = 0.965], IF-PCA [feat = 2901, acc = 0.535]
[2026-03-31 08:42:53] Rep 30, p = 6000: Witten [feat = 68, acc = 0.560], Arias [feat = 120, acc = 0.960], IF-PCA [feat = 2522, acc = 0.545]
[2026-03-31 08:42:56] Rep 29, p = 6000: Witten [feat = 139, acc = 0.555], Arias [feat = 120, acc = 0.915], IF-PCA [feat = 2172, acc = 0.500]
[2026-03-31 08:47:49] Rep 31, p = 6000: Witten [feat = 274, acc = 0.535], Arias [feat = 120, acc = 0.940], IF-PCA [feat = 1996, acc = 0.520]
[2026-03-31 08:48:29] Rep 35, p = 6000: Witten [feat = 225, acc = 0.510], Arias [feat = 120, acc = 0.960], IF-PCA [feat = 2001, acc = 0.540]
[2026-03-31 08:48:39] Rep 42, p = 6000: Witten [feat = 96, acc = 0.565], Arias [feat = 120, acc = 0.915], IF-PCA [feat = 1767, acc = 0.550]
[2026-03-31 08:48:47] Rep 38, p = 6000: Witten [feat = 328, acc = 0.515], Arias [feat = 120, acc = 0.960], IF-PCA [feat = 2975, acc = 0.505]
[2026-03-31 08:49:00] Rep 33, p = 6000: Witten [feat = 84, acc = 0.570], Arias [feat = 120, acc = 0.955], IF-PCA [feat = 2972, acc = 0.505]
[2026-03-31 08:49:15] Rep 37, p = 6000: Witten [feat = 122, acc = 0.520], Arias [feat = 120, acc = 0.945], IF-PCA [feat = 1542, acc = 0.520]
[2026-03-31 08:49:16] Rep 32, p = 6000: Witten [feat = 128, acc = 0.580], Arias [feat = 120, acc = 0.960], IF-PCA [feat = 800, acc = 0.515]
[2026-03-31 08:49:20] Rep 34, p = 6000: Witten [feat = 142, acc = 0.500], Arias [feat = 120, acc = 0.975], IF-PCA [feat = 1827, acc = 0.510]
[2026-03-31 08:49:26] Rep 36, p = 6000: Witten [feat = 123, acc = 0.585], Arias [feat = 120, acc = 0.940], IF-PCA [feat = 3000, acc = 0.550]
[2026-03-31 08:49:37] Rep 39, p = 6000: Witten [feat = 95, acc = 0.555], Arias [feat = 120, acc = 0.960], IF-PCA [feat = 2573, acc = 0.500]
[2026-03-31 08:49:39] Rep 40, p = 6000: Witten [feat = 16, acc = 0.910], Arias [feat = 120, acc = 0.935], IF-PCA [feat = 2520, acc = 0.510]
[2026-03-31 08:49:46] Rep 41, p = 6000: Witten [feat = 159, acc = 0.535], Arias [feat = 120, acc = 0.950], IF-PCA [feat = 2857, acc = 0.520]
[2026-03-31 08:49:47] Rep 43, p = 6000: Witten [feat = 108, acc = 0.530], Arias [feat = 120, acc = 0.955], IF-PCA [feat = 2687, acc = 0.570]
[2026-03-31 08:50:08] Rep 44, p = 6000: Witten [feat = 138, acc = 0.535], Arias [feat = 120, acc = 0.955], IF-PCA [feat = 2577, acc = 0.540]
[2026-03-31 08:50:20] Rep 45, p = 6000: Witten [feat = 113, acc = 0.510], Arias [feat = 120, acc = 0.935], IF-PCA [feat = 2415, acc = 0.530]
[2026-03-31 08:55:05] Rep 46, p = 6000: Witten [feat = 119, acc = 0.540], Arias [feat = 120, acc = 0.940], IF-PCA [feat = 2554, acc = 0.510]
[2026-03-31 08:55:39] Rep 47, p = 6000: Witten [feat = 181, acc = 0.515], Arias [feat = 120, acc = 0.935], IF-PCA [feat = 2580, acc = 0.530]
[2026-03-31 08:56:01] Rep 49, p = 6000: Witten [feat = 83, acc = 0.535], Arias [feat = 120, acc = 0.950], IF-PCA [feat = 1355, acc = 0.510]
[2026-03-31 08:56:03] Rep 48, p = 6000: Witten [feat = 53, acc = 0.545], Arias [feat = 120, acc = 0.970], IF-PCA [feat = 2534, acc = 0.555]
[2026-03-31 08:56:17] Rep 56, p = 6000: Witten [feat = 123, acc = 0.580], Arias [feat = 120, acc = 0.920], IF-PCA [feat = 2829, acc = 0.525]
[2026-03-31 08:56:23] Rep 50, p = 6000: Witten [feat = 137, acc = 0.550], Arias [feat = 120, acc = 0.945], IF-PCA [feat = 2109, acc = 0.525]
[2026-03-31 08:56:35] Rep 52, p = 6000: Witten [feat = 175, acc = 0.520], Arias [feat = 120, acc = 0.970], IF-PCA [feat = 2749, acc = 0.530]
[2026-03-31 08:56:38] Rep 53, p = 6000: Witten [feat = 98, acc = 0.535], Arias [feat = 120, acc = 0.965], IF-PCA [feat = 2939, acc = 0.530]
[2026-03-31 08:56:52] Rep 54, p = 6000: Witten [feat = 135, acc = 0.550], Arias [feat = 120, acc = 0.955], IF-PCA [feat = 1357, acc = 0.510]
[2026-03-31 08:56:53] Rep 55, p = 6000: Witten [feat = 127, acc = 0.520], Arias [feat = 120, acc = 0.950], IF-PCA [feat = 1884, acc = 0.525]
[2026-03-31 08:57:10] Rep 60, p = 6000: Witten [feat = 311, acc = 0.515], Arias [feat = 120, acc = 0.925], IF-PCA [feat = 2617, acc = 0.505]
[2026-03-31 08:57:11] Rep 51, p = 6000: Witten [feat = 206, acc = 0.545], Arias [feat = 120, acc = 0.925], IF-PCA [feat = 2049, acc = 0.550]
[2026-03-31 08:57:13] Rep 57, p = 6000: Witten [feat = 158, acc = 0.575], Arias [feat = 120, acc = 0.945], IF-PCA [feat = 752, acc = 0.540]
[2026-03-31 08:57:13] Rep 58, p = 6000: Witten [feat = 126, acc = 0.525], Arias [feat = 120, acc = 0.940], IF-PCA [feat = 1314, acc = 0.540]
[2026-03-31 08:57:30] Rep 59, p = 6000: Witten [feat = 129, acc = 0.515], Arias [feat = 120, acc = 0.925], IF-PCA [feat = 1820, acc = 0.530]
[2026-03-31 09:01:53] Rep 61, p = 6000: Witten [feat = 113, acc = 0.520], Arias [feat = 120, acc = 0.945], IF-PCA [feat = 1398, acc = 0.520]
[2026-03-31 09:02:36] Rep 64, p = 6000: Witten [feat = 117, acc = 0.515], Arias [feat = 120, acc = 0.935], IF-PCA [feat = 2157, acc = 0.550]
[2026-03-31 09:02:44] Rep 63, p = 6000: Witten [feat = 151, acc = 0.505], Arias [feat = 120, acc = 0.965], IF-PCA [feat = 1580, acc = 0.565]
[2026-03-31 09:02:48] Rep 67, p = 6000: Witten [feat = 26, acc = 0.920], Arias [feat = 120, acc = 0.925], IF-PCA [feat = 1521, acc = 0.600]
[2026-03-31 09:02:50] Rep 62, p = 6000: Witten [feat = 109, acc = 0.570], Arias [feat = 120, acc = 0.935], IF-PCA [feat = 2951, acc = 0.525]
[2026-03-31 09:03:12] Rep 66, p = 6000: Witten [feat = 109, acc = 0.585], Arias [feat = 120, acc = 0.940], IF-PCA [feat = 2977, acc = 0.510]
[2026-03-31 09:03:37] Rep 72, p = 6000: Witten [feat = 127, acc = 0.580], Arias [feat = 120, acc = 0.935], IF-PCA [feat = 2272, acc = 0.530]
[2026-03-31 09:03:38] Rep 65, p = 6000: Witten [feat = 104, acc = 0.500], Arias [feat = 120, acc = 0.975], IF-PCA [feat = 2551, acc = 0.505]
[2026-03-31 09:03:48] Rep 75, p = 6000: Witten [feat = 70, acc = 0.555], Arias [feat = 120, acc = 0.930], IF-PCA [feat = 2123, acc = 0.530]
[2026-03-31 09:04:02] Rep 71, p = 6000: Witten [feat = 94, acc = 0.510], Arias [feat = 120, acc = 0.935], IF-PCA [feat = 2522, acc = 0.505]
[2026-03-31 09:04:08] Rep 69, p = 6000: Witten [feat = 112, acc = 0.515], Arias [feat = 120, acc = 0.970], IF-PCA [feat = 2965, acc = 0.515]
[2026-03-31 09:04:08] Rep 70, p = 6000: Witten [feat = 69, acc = 0.550], Arias [feat = 120, acc = 0.960], IF-PCA [feat = 2997, acc = 0.545]
[2026-03-31 09:04:18] Rep 68, p = 6000: Witten [feat = 143, acc = 0.570], Arias [feat = 120, acc = 0.965], IF-PCA [feat = 2168, acc = 0.540]
[2026-03-31 09:04:32] Rep 74, p = 6000: Witten [feat = 86, acc = 0.590], Arias [feat = 120, acc = 0.960], IF-PCA [feat = 2941, acc = 0.540]
[2026-03-31 09:04:42] Rep 73, p = 6000: Witten [feat = 114, acc = 0.505], Arias [feat = 120, acc = 0.890], IF-PCA [feat = 2636, acc = 0.535]
[2026-03-31 09:08:56] Rep 76, p = 6000: Witten [feat = 93, acc = 0.530], Arias [feat = 120, acc = 0.955], IF-PCA [feat = 2187, acc = 0.555]
[2026-03-31 09:09:44] Rep 82, p = 6000: Witten [feat = 10, acc = 0.950], Arias [feat = 120, acc = 0.955], IF-PCA [feat = 2914, acc = 0.505]
[2026-03-31 09:09:53] Rep 80, p = 6000: Witten [feat = 76, acc = 0.515], Arias [feat = 120, acc = 0.920], IF-PCA [feat = 2779, acc = 0.520]
[2026-03-31 09:09:58] Rep 77, p = 6000: Witten [feat = 55, acc = 0.560], Arias [feat = 120, acc = 0.965], IF-PCA [feat = 2761, acc = 0.510]
[2026-03-31 09:10:03] Rep 79, p = 6000: Witten [feat = 91, acc = 0.535], Arias [feat = 120, acc = 0.945], IF-PCA [feat = 2922, acc = 0.540]
[2026-03-31 09:10:05] Rep 83, p = 6000: Witten [feat = 101, acc = 0.520], Arias [feat = 120, acc = 0.930], IF-PCA [feat = 2109, acc = 0.570]
[2026-03-31 09:10:16] Rep 84, p = 6000: Witten [feat = 86, acc = 0.525], Arias [feat = 120, acc = 0.955], IF-PCA [feat = 2678, acc = 0.525]
[2026-03-31 09:10:20] Rep 78, p = 6000: Witten [feat = 130, acc = 0.545], Arias [feat = 120, acc = 0.970], IF-PCA [feat = 2991, acc = 0.540]
[2026-03-31 09:10:31] Rep 81, p = 6000: Witten [feat = 129, acc = 0.540], Arias [feat = 120, acc = 0.940], IF-PCA [feat = 1685, acc = 0.520]
[2026-03-31 09:10:59] Rep 88, p = 6000: Witten [feat = 52, acc = 0.530], Arias [feat = 120, acc = 0.960], IF-PCA [feat = 2854, acc = 0.550]
[2026-03-31 09:11:25] Rep 85, p = 6000: Witten [feat = 131, acc = 0.570], Arias [feat = 120, acc = 0.965], IF-PCA [feat = 2282, acc = 0.540]
[2026-03-31 09:11:41] Rep 87, p = 6000: Witten [feat = 115, acc = 0.510], Arias [feat = 120, acc = 0.955], IF-PCA [feat = 2606, acc = 0.525]
[2026-03-31 09:11:41] Rep 86, p = 6000: Witten [feat = 77, acc = 0.585], Arias [feat = 120, acc = 0.940], IF-PCA [feat = 1703, acc = 0.530]
[2026-03-31 09:11:49] Rep 89, p = 6000: Witten [feat = 121, acc = 0.640], Arias [feat = 120, acc = 0.975], IF-PCA [feat = 2404, acc = 0.500]
[2026-03-31 09:12:12] Rep 90, p = 6000: Witten [feat = 209, acc = 0.590], Arias [feat = 120, acc = 0.965], IF-PCA [feat = 2955, acc = 0.510]
[2026-03-31 09:15:11] Rep 91, p = 6000: Witten [feat = 93, acc = 0.505], Arias [feat = 120, acc = 0.905], IF-PCA [feat = 1674, acc = 0.515]
[2026-03-31 09:15:25] Rep 98, p = 6000: Witten [feat = 86, acc = 0.545], Arias [feat = 120, acc = 0.950], IF-PCA [feat = 2356, acc = 0.530]
[2026-03-31 09:15:31] Rep 96, p = 6000: Witten [feat = 112, acc = 0.565], Arias [feat = 120, acc = 0.955], IF-PCA [feat = 2954, acc = 0.525]
[2026-03-31 09:15:43] Rep 92, p = 6000: Witten [feat = 100, acc = 0.540], Arias [feat = 120, acc = 0.970], IF-PCA [feat = 2353, acc = 0.505]
[2026-03-31 09:15:46] Rep 94, p = 6000: Witten [feat = 148, acc = 0.545], Arias [feat = 120, acc = 0.960], IF-PCA [feat = 2514, acc = 0.555]
[2026-03-31 09:15:46] Rep 93, p = 6000: Witten [feat = 71, acc = 0.515], Arias [feat = 120, acc = 0.985], IF-PCA [feat = 2806, acc = 0.510]
[2026-03-31 09:15:51] Rep 97, p = 6000: Witten [feat = 337, acc = 0.980], Arias [feat = 120, acc = 0.975], IF-PCA [feat = 2842, acc = 0.530]
[2026-03-31 09:15:53] Rep 95, p = 6000: Witten [feat = 67, acc = 0.540], Arias [feat = 120, acc = 0.965], IF-PCA [feat = 2962, acc = 0.540]
[2026-03-31 09:16:00] Rep 99, p = 6000: Witten [feat = 108, acc = 0.515], Arias [feat = 120, acc = 0.950], IF-PCA [feat = 3000, acc = 0.565]
[2026-03-31 09:16:04] Rep 100, p = 6000: Witten [feat = 94, acc = 0.595], Arias [feat = 120, acc = 0.970], IF-PCA [feat = 1853, acc = 0.515]

--- Dimension p = 9000 ---
[2026-03-31 09:29:22] Rep 14, p = 9000: Witten [feat = 33, acc = 0.895], Arias [feat = 180, acc = 0.940], IF-PCA [feat = 1464, acc = 0.525]
[2026-03-31 09:30:24] Rep 9, p = 9000: Witten [feat = 126, acc = 0.505], Arias [feat = 180, acc = 0.940], IF-PCA [feat = 4155, acc = 0.525]
[2026-03-31 09:30:34] Rep 3, p = 9000: Witten [feat = 102, acc = 0.555], Arias [feat = 180, acc = 0.970], IF-PCA [feat = 3336, acc = 0.515]
[2026-03-31 09:31:05] Rep 7, p = 9000: Witten [feat = 10, acc = 0.955], Arias [feat = 180, acc = 0.940], IF-PCA [feat = 1148, acc = 0.530]
[2026-03-31 09:32:01] Rep 10, p = 9000: Witten [feat = 70, acc = 0.525], Arias [feat = 180, acc = 0.920], IF-PCA [feat = 3219, acc = 0.520]
[2026-03-31 09:32:02] Rep 13, p = 9000: Witten [feat = 362, acc = 0.915], Arias [feat = 180, acc = 0.995], IF-PCA [feat = 3128, acc = 0.515]
[2026-03-31 09:32:12] Rep 12, p = 9000: Witten [feat = 60, acc = 0.530], Arias [feat = 180, acc = 0.940], IF-PCA [feat = 4334, acc = 0.510]
[2026-03-31 09:32:17] Rep 6, p = 9000: Witten [feat = 120, acc = 0.535], Arias [feat = 180, acc = 0.885], IF-PCA [feat = 3164, acc = 0.515]
[2026-03-31 09:32:31] Rep 4, p = 9000: Witten [feat = 122, acc = 0.505], Arias [feat = 180, acc = 0.940], IF-PCA [feat = 4346, acc = 0.545]
[2026-03-31 09:32:33] Rep 15, p = 9000: Witten [feat = 152, acc = 0.525], Arias [feat = 180, acc = 0.965], IF-PCA [feat = 3011, acc = 0.525]
[2026-03-31 09:32:34] Rep 8, p = 9000: Witten [feat = 90, acc = 0.525], Arias [feat = 180, acc = 0.950], IF-PCA [feat = 4249, acc = 0.530]
[2026-03-31 09:32:43] Rep 2, p = 9000: Witten [feat = 55, acc = 0.505], Arias [feat = 180, acc = 0.935], IF-PCA [feat = 2413, acc = 0.540]
[2026-03-31 09:32:43] Rep 11, p = 9000: Witten [feat = 118, acc = 0.545], Arias [feat = 180, acc = 0.940], IF-PCA [feat = 4500, acc = 0.515]
[2026-03-31 09:32:56] Rep 1, p = 9000: Witten [feat = 74, acc = 0.510], Arias [feat = 180, acc = 0.950], IF-PCA [feat = 4345, acc = 0.620]
[2026-03-31 09:32:58] Rep 5, p = 9000: Witten [feat = 149, acc = 0.560], Arias [feat = 180, acc = 0.910], IF-PCA [feat = 2733, acc = 0.535]
[2026-03-31 09:47:14] Rep 16, p = 9000: Witten [feat = 127, acc = 0.630], Arias [feat = 180, acc = 0.930], IF-PCA [feat = 3275, acc = 0.500]
[2026-03-31 09:47:34] Rep 18, p = 9000: Witten [feat = 96, acc = 0.505], Arias [feat = 180, acc = 0.950], IF-PCA [feat = 4338, acc = 0.540]
[2026-03-31 09:48:54] Rep 21, p = 9000: Witten [feat = 109, acc = 0.525], Arias [feat = 180, acc = 0.975], IF-PCA [feat = 3729, acc = 0.520]
[2026-03-31 09:49:52] Rep 17, p = 9000: Witten [feat = 150, acc = 0.515], Arias [feat = 180, acc = 0.955], IF-PCA [feat = 2847, acc = 0.550]
[2026-03-31 09:49:55] Rep 22, p = 9000: Witten [feat = 196, acc = 0.510], Arias [feat = 180, acc = 0.975], IF-PCA [feat = 3355, acc = 0.530]
[2026-03-31 09:50:16] Rep 29, p = 9000: Witten [feat = 179, acc = 0.505], Arias [feat = 180, acc = 0.985], IF-PCA [feat = 1203, acc = 0.550]
[2026-03-31 09:50:27] Rep 19, p = 9000: Witten [feat = 113, acc = 0.525], Arias [feat = 180, acc = 0.920], IF-PCA [feat = 4143, acc = 0.545]
[2026-03-31 09:50:55] Rep 26, p = 9000: Witten [feat = 65, acc = 0.505], Arias [feat = 180, acc = 0.955], IF-PCA [feat = 3262, acc = 0.590]
[2026-03-31 09:51:01] Rep 20, p = 9000: Witten [feat = 72, acc = 0.515], Arias [feat = 180, acc = 0.930], IF-PCA [feat = 4462, acc = 0.505]
[2026-03-31 09:51:04] Rep 27, p = 9000: Witten [feat = 131, acc = 0.545], Arias [feat = 180, acc = 0.965], IF-PCA [feat = 3739, acc = 0.525]
[2026-03-31 09:51:06] Rep 24, p = 9000: Witten [feat = 78, acc = 0.540], Arias [feat = 180, acc = 0.950], IF-PCA [feat = 4222, acc = 0.505]
[2026-03-31 09:51:21] Rep 23, p = 9000: Witten [feat = 44, acc = 0.550], Arias [feat = 180, acc = 0.925], IF-PCA [feat = 3577, acc = 0.565]
[2026-03-31 09:51:32] Rep 25, p = 9000: Witten [feat = 133, acc = 0.510], Arias [feat = 180, acc = 0.960], IF-PCA [feat = 4399, acc = 0.530]
[2026-03-31 09:51:32] Rep 28, p = 9000: Witten [feat = 44, acc = 0.545], Arias [feat = 180, acc = 0.975], IF-PCA [feat = 2866, acc = 0.570]
[2026-03-31 09:51:38] Rep 30, p = 9000: Witten [feat = 106, acc = 0.530], Arias [feat = 180, acc = 0.950], IF-PCA [feat = 4415, acc = 0.510]
[2026-03-31 10:02:56] Rep 32, p = 9000: Witten [feat = 113, acc = 0.535], Arias [feat = 180, acc = 0.945], IF-PCA [feat = 4416, acc = 0.540]
[2026-03-31 10:03:18] Rep 31, p = 9000: Witten [feat = 317, acc = 0.875], Arias [feat = 180, acc = 0.980], IF-PCA [feat = 3854, acc = 0.505]
Data Generation Error in rep 47, p = 9000: cannot allocate vector of size 618.0 Mb
[2026-03-31 10:07:56] Rep 37, p = 9000: Witten [feat = 171, acc = 0.525], Arias [feat = 180, acc = 0.930], IF-PCA [feat = 3747, acc = 0.505]
[2026-03-31 10:08:50] Rep 35, p = 9000: Witten [feat = 172, acc = 0.505], Arias [feat = 180, acc = 0.935], IF-PCA [feat = 4488, acc = 0.540]
[2026-03-31 10:08:52] Rep 39, p = 9000: Witten [feat = 133, acc = 0.535], Arias [feat = 180, acc = 0.925], IF-PCA [feat = 2663, acc = 0.525]
[2026-03-31 10:08:57] Rep 41, p = 9000: Witten [feat = 133, acc = 0.525], Arias [feat = 180, acc = 0.920], IF-PCA [feat = 3883, acc = 0.530]
[2026-03-31 10:08:59] Rep 33, p = 9000: Witten [feat = 107, acc = 0.525], Arias [feat = 180, acc = 0.940], IF-PCA [feat = 4495, acc = 0.560]
[2026-03-31 10:09:55] Rep 36, p = 9000: Witten [feat = 170, acc = 0.535], Arias [feat = 180, acc = 0.975], IF-PCA [feat = 3809, acc = 0.510]
[2026-03-31 10:10:10] Rep 43, p = 9000: Witten [feat = 151, acc = 0.525], Arias [feat = 180, acc = 0.900], IF-PCA [feat = 3897, acc = 0.515]
[2026-03-31 10:10:13] Rep 34, p = 9000: Witten [feat = 88, acc = 0.545], Arias [feat = 180, acc = 0.905], IF-PCA [feat = 4288, acc = 0.520]
[2026-03-31 10:10:24] Rep 40, p = 9000: Witten [feat = 201, acc = 0.530], Arias [feat = 180, acc = 0.940], IF-PCA [feat = 4082, acc = 0.550]
[2026-03-31 10:10:32] Rep 38, p = 9000: Witten [feat = 141, acc = 0.560], Arias [feat = 180, acc = 0.975], IF-PCA [feat = 4281, acc = 0.540]
[2026-03-31 10:10:58] Rep 45, p = 9000: Witten [feat = 153, acc = 0.515], Arias [feat = 180, acc = 0.970], IF-PCA [feat = 3826, acc = 0.505]
[2026-03-31 10:11:13] Rep 44, p = 9000: Witten [feat = 95, acc = 0.545], Arias [feat = 180, acc = 0.960], IF-PCA [feat = 3855, acc = 0.510]
[2026-03-31 10:11:14] Rep 42, p = 9000: Witten [feat = 109, acc = 0.535], Arias [feat = 180, acc = 0.930], IF-PCA [feat = 4107, acc = 0.535]
[2026-03-31 10:18:27] Rep 46, p = 9000: Witten [feat = 123, acc = 0.530], Arias [feat = 180, acc = 0.910], IF-PCA [feat = 2961, acc = 0.545]
[2026-03-31 10:18:39] Rep 48, p = 9000: Witten [feat = 50, acc = 0.505], Arias [feat = 180, acc = 0.950], IF-PCA [feat = 3517, acc = 0.510]
[2026-03-31 10:20:54] Rep 57, p = 9000: Witten [feat = 61, acc = 0.500], Arias [feat = NA, acc = NA], IF-PCA [feat = 4033, acc = 0.540]
[2026-03-31 10:23:03] Rep 52, p = 9000: Witten [feat = 115, acc = 0.545], Arias [feat = 180, acc = 0.890], IF-PCA [feat = 2708, acc = 0.505]
[2026-03-31 10:24:13] Rep 51, p = 9000: Witten [feat = 68, acc = 0.565], Arias [feat = 180, acc = 0.935], IF-PCA [feat = 2079, acc = 0.525]
[2026-03-31 10:24:44] Rep 49, p = 9000: Witten [feat = 55, acc = 0.575], Arias [feat = 180, acc = 0.945], IF-PCA [feat = 4055, acc = 0.535]
[2026-03-31 10:26:00] Rep 53, p = 9000: Witten [feat = 89, acc = 0.505], Arias [feat = 180, acc = 0.965], IF-PCA [feat = 4225, acc = 0.550]
[2026-03-31 10:26:01] Rep 50, p = 9000: Witten [feat = 114, acc = 0.540], Arias [feat = 180, acc = 0.930], IF-PCA [feat = 4492, acc = 0.540]
[2026-03-31 10:26:21] Rep 54, p = 9000: Witten [feat = 118, acc = 0.515], Arias [feat = 180, acc = 0.955], IF-PCA [feat = 3768, acc = 0.540]
[2026-03-31 10:26:27] Rep 56, p = 9000: Witten [feat = 61, acc = 0.510], Arias [feat = 180, acc = 0.890], IF-PCA [feat = 2690, acc = 0.530]
[2026-03-31 10:27:29] Rep 55, p = 9000: Witten [feat = 113, acc = 0.540], Arias [feat = 180, acc = 0.965], IF-PCA [feat = 2026, acc = 0.505]
[2026-03-31 10:27:49] Rep 58, p = 9000: Witten [feat = 141, acc = 0.570], Arias [feat = 180, acc = 0.955], IF-PCA [feat = 2127, acc = 0.525]
[2026-03-31 10:28:04] Rep 59, p = 9000: Witten [feat = 121, acc = 0.550], Arias [feat = 180, acc = 0.950], IF-PCA [feat = 2075, acc = 0.515]
[2026-03-31 10:28:33] Rep 60, p = 9000: Witten [feat = 100, acc = 0.530], Arias [feat = 180, acc = 0.965], IF-PCA [feat = 2810, acc = 0.515]
[2026-03-31 10:29:02] Rep 61, p = 9000: Witten [feat = 107, acc = 0.510], Arias [feat = 180, acc = 0.965], IF-PCA [feat = 3266, acc = 0.530]
[2026-03-31 10:31:20] Rep 63, p = 9000: Witten [feat = 175, acc = 0.520], Arias [feat = 180, acc = 0.955], IF-PCA [feat = 4500, acc = 0.545]
[2026-03-31 10:33:10] Rep 62, p = 9000: Witten [feat = 91, acc = 0.550], Arias [feat = 180, acc = 0.975], IF-PCA [feat = 3852, acc = 0.510]
[2026-03-31 10:35:36] Rep 65, p = 9000: Witten [feat = 70, acc = 0.505], Arias [feat = 180, acc = 0.970], IF-PCA [feat = 3231, acc = 0.530]
[2026-03-31 10:35:41] Rep 64, p = 9000: Witten [feat = 147, acc = 0.530], Arias [feat = 180, acc = 0.945], IF-PCA [feat = 2820, acc = 0.525]
[2026-03-31 10:39:38] Rep 66, p = 9000: Witten [feat = 91, acc = 0.570], Arias [feat = 180, acc = 0.955], IF-PCA [feat = 4495, acc = 0.520]
[2026-03-31 10:40:23] Rep 67, p = 9000: Witten [feat = 119, acc = 0.510], Arias [feat = 180, acc = 0.905], IF-PCA [feat = 4162, acc = 0.550]
[2026-03-31 10:40:25] Rep 70, p = 9000: Witten [feat = 81, acc = 0.520], Arias [feat = 180, acc = 0.925], IF-PCA [feat = 3955, acc = 0.505]
[2026-03-31 10:42:40] Rep 69, p = 9000: Witten [feat = 103, acc = 0.545], Arias [feat = 180, acc = 0.955], IF-PCA [feat = 4459, acc = 0.520]
[2026-03-31 10:42:45] Rep 73, p = 9000: Witten [feat = 95, acc = 0.560], Arias [feat = 180, acc = 0.855], IF-PCA [feat = 3318, acc = 0.525]
[2026-03-31 10:43:00] Rep 68, p = 9000: Witten [feat = 112, acc = 0.520], Arias [feat = 180, acc = 0.900], IF-PCA [feat = 3830, acc = 0.535]
[2026-03-31 10:43:42] Rep 72, p = 9000: Witten [feat = 105, acc = 0.500], Arias [feat = 180, acc = 0.955], IF-PCA [feat = 3299, acc = 0.545]
[2026-03-31 10:43:50] Rep 75, p = 9000: Witten [feat = 95, acc = 0.515], Arias [feat = 180, acc = 0.940], IF-PCA [feat = 4482, acc = 0.540]
[2026-03-31 10:43:57] Rep 71, p = 9000: Witten [feat = 96, acc = 0.500], Arias [feat = 180, acc = 0.940], IF-PCA [feat = 4370, acc = 0.590]
[2026-03-31 10:45:05] Rep 74, p = 9000: Witten [feat = 108, acc = 0.525], Arias [feat = 180, acc = 0.950], IF-PCA [feat = 4483, acc = 0.515]
[2026-03-31 10:45:51] Rep 77, p = 9000: Witten [feat = 78, acc = 0.540], Arias [feat = 180, acc = 0.965], IF-PCA [feat = 4158, acc = 0.535]
[2026-03-31 10:45:55] Rep 76, p = 9000: Witten [feat = 60, acc = 0.505], Arias [feat = 180, acc = 0.895], IF-PCA [feat = 4451, acc = 0.550]
[2026-03-31 10:47:29] Rep 78, p = 9000: Witten [feat = 133, acc = 0.575], Arias [feat = 360, acc = 0.925], IF-PCA [feat = 2543, acc = 0.590]
[2026-03-31 10:48:19] Rep 80, p = 9000: Witten [feat = 80, acc = 0.525], Arias [feat = 180, acc = 0.940], IF-PCA [feat = 3148, acc = 0.515]
[2026-03-31 10:49:38] Rep 79, p = 9000: Witten [feat = 94, acc = 0.510], Arias [feat = 180, acc = 0.960], IF-PCA [feat = 4428, acc = 0.500]
[2026-03-31 10:53:40] Rep 83, p = 9000: Witten [feat = 123, acc = 0.555], Arias [feat = 180, acc = 0.940], IF-PCA [feat = 1943, acc = 0.505]
[2026-03-31 10:54:11] Rep 82, p = 9000: Witten [feat = 161, acc = 0.525], Arias [feat = 180, acc = 0.925], IF-PCA [feat = 3385, acc = 0.560]
[2026-03-31 10:56:08] Rep 81, p = 9000: Witten [feat = 109, acc = 0.500], Arias [feat = 180, acc = 0.835], IF-PCA [feat = 3996, acc = 0.555]
[2026-03-31 10:58:47] Rep 87, p = 9000: Witten [feat = 105, acc = 0.505], Arias [feat = 180, acc = 0.945], IF-PCA [feat = 4462, acc = 0.515]
[2026-03-31 10:59:09] Rep 86, p = 9000: Witten [feat = 50, acc = 0.575], Arias [feat = 180, acc = 0.935], IF-PCA [feat = 3366, acc = 0.515]
[2026-03-31 10:59:50] Rep 85, p = 9000: Witten [feat = 118, acc = 0.530], Arias [feat = 180, acc = 0.965], IF-PCA [feat = 4276, acc = 0.520]
[2026-03-31 11:00:16] Rep 84, p = 9000: Witten [feat = 116, acc = 0.550], Arias [feat = 180, acc = 0.910], IF-PCA [feat = 4372, acc = 0.510]
[2026-03-31 11:00:18] Rep 89, p = 9000: Witten [feat = 83, acc = 0.525], Arias [feat = 180, acc = 0.955], IF-PCA [feat = 3481, acc = 0.560]
[2026-03-31 11:00:47] Rep 88, p = 9000: Witten [feat = 258, acc = 0.530], Arias [feat = 180, acc = 0.910], IF-PCA [feat = 2502, acc = 0.570]
[2026-03-31 11:01:01] Rep 91, p = 9000: Witten [feat = 128, acc = 0.520], Arias [feat = 180, acc = 0.980], IF-PCA [feat = 3813, acc = 0.510]
[2026-03-31 11:01:34] Rep 90, p = 9000: Witten [feat = 71, acc = 0.520], Arias [feat = 180, acc = 0.945], IF-PCA [feat = 4401, acc = 0.545]
[2026-03-31 11:02:03] Rep 92, p = 9000: Witten [feat = 10, acc = 1.000], Arias [feat = 180, acc = 0.990], IF-PCA [feat = 4055, acc = 0.510]
[2026-03-31 11:02:04] Rep 93, p = 9000: Witten [feat = 86, acc = 0.535], Arias [feat = 180, acc = 0.965], IF-PCA [feat = 4420, acc = 0.560]
[2026-03-31 11:02:47] Rep 94, p = 9000: Witten [feat = 45, acc = 0.515], Arias [feat = 180, acc = 0.970], IF-PCA [feat = 4307, acc = 0.535]
[2026-03-31 11:03:21] Rep 95, p = 9000: Witten [feat = 131, acc = 0.550], Arias [feat = 180, acc = 0.960], IF-PCA [feat = 3562, acc = 0.540]
[2026-03-31 11:03:50] Rep 96, p = 9000: Witten [feat = 133, acc = 0.525], Arias [feat = 180, acc = 0.900], IF-PCA [feat = 4482, acc = 0.545]
[2026-03-31 11:04:16] Rep 97, p = 9000: Witten [feat = 110, acc = 0.530], Arias [feat = 180, acc = 0.955], IF-PCA [feat = 2674, acc = 0.555]
[2026-03-31 11:04:59] Rep 98, p = 9000: Witten [feat = 93, acc = 0.505], Arias [feat = 360, acc = 0.940], IF-PCA [feat = 3537, acc = 0.515]
[2026-03-31 11:05:40] Rep 99, p = 9000: Witten [feat = 120, acc = 0.565], Arias [feat = 180, acc = 0.945], IF-PCA [feat = 3619, acc = 0.525]
[2026-03-31 11:05:47] Rep 100, p = 9000: Witten [feat = 77, acc = 0.535], Arias [feat = 180, acc = 0.960], IF-PCA [feat = 1264, acc = 0.530]

--- Dimension p = 12000 ---
[2026-03-31 11:17:54] Rep 4, p = 12000: Witten [feat = 86, acc = 0.510], Arias [feat = NA, acc = NA], IF-PCA [feat = 6000, acc = 0.540]
[2026-03-31 11:17:58] Rep 13, p = 12000: Witten [feat = 102, acc = 0.515], Arias [feat = NA, acc = NA], IF-PCA [feat = 4323, acc = 0.505]
Data Generation Error in rep 16, p = 12000: cannot allocate vector of size 1.1 Gb
Data Generation Error in rep 17, p = 12000: cannot allocate vector of size 1.1 Gb
[2026-03-31 11:18:02] Rep 15, p = 12000: Witten [feat = 142, acc = 0.520], Arias [feat = NA, acc = NA], IF-PCA [feat = 5771, acc = 0.530]
[2026-03-31 11:18:02] Rep 12, p = 12000: Witten [feat = 150, acc = 0.555], Arias [feat = NA, acc = NA], IF-PCA [feat = 4039, acc = 0.510]
[2026-03-31 11:18:03] Rep 8, p = 12000: Witten [feat = 66, acc = 0.535], Arias [feat = NA, acc = NA], IF-PCA [feat = 5947, acc = 0.575]
Data Generation Error in rep 20, p = 12000: cannot allocate vector of size 1.1 Gb
Data Generation Error in rep 21, p = 12000: cannot allocate vector of size 1.1 Gb
Data Generation Error in rep 22, p = 12000: cannot allocate vector of size 1.1 Gb
Data Generation Error in rep 23, p = 12000: cannot allocate vector of size 9.2 Mb
Data Generation Error in rep 26, p = 12000: cannot allocate vector of size 1.1 Gb
[2026-03-31 11:18:32] Rep 6, p = 12000: Witten [feat = 69, acc = 0.505], Arias [feat = NA, acc = NA], IF-PCA [feat = 5523, acc = 0.525]
[2026-03-31 11:18:32] Rep 10, p = 12000: Witten [feat = 133, acc = 0.505], Arias [feat = NA, acc = NA], IF-PCA [feat = 4211, acc = 0.510]
Data Generation Error in rep 27, p = 12000: cannot allocate vector of size 1.1 Gb
Data Generation Error in rep 28, p = 12000: cannot allocate vector of size 1.1 Gb
Data Generation Error in rep 29, p = 12000: cannot allocate vector of size 1.1 Gb
Data Generation Error in rep 30, p = 12000: cannot allocate vector of size 1.1 Gb
Data Generation Error in rep 33, p = 12000: cannot allocate vector of size 1.1 Gb
Data Generation Error in rep 34, p = 12000: cannot allocate vector of size 1.1 Gb
Data Generation Error in rep 35, p = 12000: cannot allocate vector of size 1.1 Gb
Data Generation Error in rep 36, p = 12000: cannot allocate vector of size 1.1 Gb
Data Generation Error in rep 37, p = 12000: cannot allocate vector of size 1.1 Gb
[2026-03-31 11:19:21] Rep 3, p = 12000: Witten [feat = 65, acc = 0.530], Arias [feat = NA, acc = NA], IF-PCA [feat = 4641, acc = 0.515]
Data Generation Error in rep 39, p = 12000: cannot allocate vector of size 1.1 Gb
Data Generation Error in rep 40, p = 12000: cannot allocate vector of size 9.2 Mb
[2026-03-31 11:19:57] Rep 11, p = 12000: Witten [feat = 84, acc = 0.505], Arias [feat = NA, acc = NA], IF-PCA [feat = 1885, acc = 0.530]
Data Generation Error in rep 42, p = 12000: cannot allocate vector of size 1.1 Gb
[2026-03-31 11:32:48] Rep 19, p = 12000: Witten [feat = 132, acc = 0.505], Arias [feat = NA, acc = NA], IF-PCA [feat = 4532, acc = 0.520]
Data Generation Error in rep 44, p = 12000: cannot allocate vector of size 1.1 Gb
[2026-03-31 11:33:06] Rep 2, p = 12000: Witten [feat = 100, acc = 0.520], Arias [feat = NA, acc = NA], IF-PCA [feat = 3727, acc = 0.535]
[2026-03-31 11:33:06] Rep 9, p = 12000: Witten [feat = 103, acc = 0.560], Arias [feat = NA, acc = NA], IF-PCA [feat = 5633, acc = 0.520]
Data Generation Error in rep 46, p = 12000: cannot allocate vector of size 1.1 Gb
Data Generation Error in rep 47, p = 12000: cannot allocate vector of size 1.1 Gb
[2026-03-31 11:34:31] Rep 38, p = 12000: Witten [feat = 65, acc = 0.525], Arias [feat = NA, acc = NA], IF-PCA [feat = 5103, acc = 0.560]
Data Generation Error in rep 50, p = 12000: cannot allocate vector of size 1.1 Gb
[2026-03-31 11:34:37] Rep 14, p = 12000: Witten [feat = 110, acc = 0.545], Arias [feat = 240, acc = 0.960], IF-PCA [feat = 3671, acc = 0.525]
[2026-03-31 11:36:21] Rep 24, p = 12000: Witten [feat = 97, acc = 0.535], Arias [feat = NA, acc = NA], IF-PCA [feat = 5020, acc = 0.530]
Data Generation Error in rep 53, p = 12000: cannot allocate vector of size 1.1 Gb
[2026-03-31 11:37:42] Rep 1, p = 12000: Witten [feat = 107, acc = 0.520], Arias [feat = 240, acc = 0.940], IF-PCA [feat = 5940, acc = 0.540]
[2026-03-31 11:37:51] Rep 7, p = 12000: Witten [feat = 66, acc = 0.520], Arias [feat = 240, acc = 0.940], IF-PCA [feat = 4331, acc = 0.535]
Data Generation Error in rep 56, p = 12000: cannot allocate vector of size 1.1 Gb
[2026-03-31 11:38:26] Rep 5, p = 12000: Witten [feat = 100, acc = 0.535], Arias [feat = 240, acc = 0.975], IF-PCA [feat = 5703, acc = 0.515]
[2026-03-31 11:48:54] Rep 25, p = 12000: Witten [feat = 67, acc = 0.540], Arias [feat = 240, acc = 0.965], IF-PCA [feat = 5288, acc = 0.535]
Data Generation Error in rep 59, p = 12000: cannot allocate vector of size 1.1 Gb
[2026-03-31 11:48:58] Rep 18, p = 12000: Witten [feat = 108, acc = 0.545], Arias [feat = 240, acc = 0.965], IF-PCA [feat = 2587, acc = 0.505]
[2026-03-31 11:49:16] Rep 41, p = 12000: Witten [feat = 56, acc = 0.535], Arias [feat = 240, acc = 0.960], IF-PCA [feat = 5106, acc = 0.535]
[2026-03-31 11:52:42] Rep 52, p = 12000: Witten [feat = 114, acc = 0.545], Arias [feat = NA, acc = NA], IF-PCA [feat = 2543, acc = 0.535]
[2026-03-31 11:52:51] Rep 43, p = 12000: Witten [feat = 186, acc = 0.510], Arias [feat = 240, acc = 0.920], IF-PCA [feat = 3853, acc = 0.500]
[2026-03-31 11:54:34] Rep 31, p = 12000: Witten [feat = 87, acc = 0.520], Arias [feat = 480, acc = 0.840], IF-PCA [feat = 5757, acc = 0.525]
Data Generation Error in rep 65, p = 12000: cannot allocate vector of size 1.1 Gb
[2026-03-31 11:54:53] Rep 32, p = 12000: Witten [feat = 143, acc = 0.625], Arias [feat = 240, acc = 0.925], IF-PCA [feat = 5950, acc = 0.515]
[2026-03-31 12:01:39] Rep 48, p = 12000: Witten [feat = NA, acc = NA], Arias [feat = 480, acc = 0.920], IF-PCA [feat = 3003, acc = 0.515]
[2026-03-31 12:04:24] Rep 54, p = 12000: Witten [feat = NA, acc = NA], Arias [feat = 240, acc = 0.915], IF-PCA [feat = 5229, acc = 0.510]
